// Jest Snapshot v1, https://goo.gl/fbAQLP

exports[`ObsList should render correctly 1`] = `
<View
  collapsable={false}
  onLayout={[Function]}
  style={
    [
      {
        "flex": 1,
        "overflow": "hidden",
      },
      undefined,
    ]
  }
>
  <RCTScrollView
    collapsable={false}
    getItemType={[Function]}
    keyExtractor={[Function]}
    keyboardDismissMode="on-drag"
    maintainVisibleContentPosition={
      {
        "minIndexForVisible": 0,
      }
    }
    onScroll={[Function]}
    removeClippedSubviews={true}
    scrollEventThrottle={1}
    testID="observations-list"
  >
    <View>
      <View
        style={
          {
            "height": 0,
            "left": 0,
            "position": "absolute",
            "top": 1000000,
          }
        }
      />
      <View>
        <View
          style={
            [
              {
                "alignItems": "center",
                "flexDirection": "row",
                "flexWrap": "nowrap",
              },
              {
                "marginBottom": 24,
                "marginHorizontal": 24,
                "marginTop": 21,
              },
            ]
          }
        >
          <Image
            source={
              {
                "testUri": "../../../assets/posting/icon-search-green.webp",
              }
            }
            style={
              {
                "height": 22,
                "resizeMode": "contain",
                "width": 21,
              }
            }
          />
          <TextInput
            defaultValue=""
            onChangeText={[Function]}
            placeholder="Search observations"
            placeholderTextColor="#828282"
            style={
              [
                {
                  "color": "#000000",
                  "fontFamily": "Lato-Regular",
                  "fontSize": 15,
                },
                {
                  "backgroundColor": "#ffffff",
                  "borderColor": "#b5b5b5",
                  "borderRadius": 40,
                  "borderWidth": 1,
                  "height": 37,
                  "marginLeft": 12,
                  "paddingBottom": 0,
                  "paddingLeft": 15,
                  "paddingTop": 0,
                  "width": "88%",
                },
              ]
            }
          />
        </View>
      </View>
      <View
        style={
          {
            "height": 0,
            "marginTop": 0,
            "width": undefined,
          }
        }
      />
      <View
        style={
          {
            "height": 2500,
            "marginLeft": undefined,
            "marginTop": 0,
            "opacity": 1,
            "width": undefined,
          }
        }
      >
        <View
          index={0}
          onLayout={[Function]}
          style={
            {
              "flexDirection": "column",
              "height": undefined,
              "left": 0,
              "maxHeight": undefined,
              "maxWidth": undefined,
              "minHeight": undefined,
              "minWidth": undefined,
              "opacity": 1,
              "position": "absolute",
              "top": 0,
              "width": 400,
            }
          }
        >
          <View
            accessibilityState={
              {
                "busy": undefined,
                "checked": undefined,
                "disabled": undefined,
                "expanded": undefined,
                "selected": undefined,
              }
            }
            accessibilityValue={
              {
                "max": undefined,
                "min": undefined,
                "now": undefined,
                "text": undefined,
              }
            }
            accessible={true}
            collapsable={false}
            focusable={true}
            onClick={[Function]}
            onResponderGrant={[Function]}
            onResponderMove={[Function]}
            onResponderRelease={[Function]}
            onResponderTerminate={[Function]}
            onResponderTerminationRequest={[Function]}
            onStartShouldSetResponder={[Function]}
            style={
              {
                "alignItems": "center",
                "flexDirection": "row",
                "flexWrap": "nowrap",
                "height": 25,
                "justifyContent": "space-between",
                "marginHorizontal": 24,
                "opacity": 1,
              }
            }
          >
            <Text
              allowFontScaling={false}
              style={
                [
                  {
                    "textAlign": "left",
                  },
                  [
                    {
                      "color": "#38976d",
                      "fontFamily": "Lato-Bold",
                      "fontSize": 18,
                      "letterSpacing": 1,
                      "lineHeight": 22,
                    },
                    {
                      "alignSelf": "center",
                    },
                  ],
                ]
              }
            >
              PLANTS
            </Text>
            <View
              style={
                {
                  "alignItems": "center",
                  "flexDirection": "row",
                  "flexWrap": "nowrap",
                }
              }
            >
              <Text
                allowFontScaling={false}
                style={
                  [
                    {
                      "textAlign": "left",
                    },
                    [
                      {
                        "color": "#000000",
                        "fontFamily": "Lato-Regular",
                        "fontSize": 18,
                        "letterSpacing": 0.78,
                      },
                    ],
                  ]
                }
              >
                3
              </Text>
              <Image
                source={
                  {
                    "testUri": "../../../assets/badges/observations/Badge_Empty.webp",
                  }
                }
                style={
                  [
                    {
                      "height": 25,
                      "marginLeft": 10,
                      "resizeMode": "contain",
                      "width": 22,
                    },
                    {
                      "marginRight": -1,
                    },
                    undefined,
                  ]
                }
              />
              <Image
                source={
                  {
                    "testUri": "../../../assets/icons/icon-dropdown-open.webp",
                  }
                }
                style={
                  {
                    "marginLeft": 15,
                  }
                }
              />
            </View>
          </View>
        </View>
        <View
          index={1}
          onLayout={[Function]}
          style={
            {
              "flexDirection": "column",
              "height": undefined,
              "left": 0,
              "maxHeight": undefined,
              "maxWidth": undefined,
              "minHeight": undefined,
              "minWidth": undefined,
              "opacity": 1,
              "position": "absolute",
              "top": 100,
              "width": 400,
            }
          }
        >
          <RCTScrollView
            contentContainerStyle={
              {
                "paddingHorizontal": 24,
                "paddingVertical": 9,
                "width": 847,
              }
            }
            horizontal={true}
            onScrollBeginDrag={[Function]}
            showsHorizontalScrollIndicator={false}
          >
            <View>
              <View
                collapsable={false}
                jestAnimatedProps={
                  {
                    "value": {},
                  }
                }
                jestAnimatedStyle={
                  {
                    "value": {
                      "transform": [
                        {
                          "translateX": 0,
                        },
                      ],
                    },
                  }
                }
                jestInlineStyle={
                  [
                    {
                      "alignItems": "center",
                      "flexDirection": "row",
                      "flexWrap": "nowrap",
                    },
                  ]
                }
                style={
                  [
                    {
                      "alignItems": "center",
                      "flexDirection": "row",
                      "flexWrap": "nowrap",
                    },
                    {
                      "transform": [
                        {
                          "translateX": 0,
                        },
                      ],
                    },
                  ]
                }
              >
                <View
                  accessibilityState={
                    {
                      "busy": undefined,
                      "checked": undefined,
                      "disabled": false,
                      "expanded": undefined,
                      "selected": undefined,
                    }
                  }
                  accessibilityValue={
                    {
                      "max": undefined,
                      "min": undefined,
                      "now": undefined,
                      "text": undefined,
                    }
                  }
                  accessible={true}
                  collapsable={false}
                  focusable={true}
                  onClick={[Function]}
                  onResponderGrant={[Function]}
                  onResponderMove={[Function]}
                  onResponderRelease={[Function]}
                  onResponderTerminate={[Function]}
                  onResponderTerminationRequest={[Function]}
                  onStartShouldSetResponder={[Function]}
                  style={
                    {
                      "alignItems": "center",
                      "flexDirection": "row",
                      "flexWrap": "nowrap",
                      "opacity": 1,
                      "width": 750,
                    }
                  }
                >
                  <View
                    accessibilityIgnoresInvertColors={true}
                    style={
                      {
                        "borderRadius": 40,
                        "height": 80,
                        "marginRight": 24,
                        "width": 80,
                      }
                    }
                  >
                    <Image
                      source={
                        {
                          "testUri": "../../../assets/iconicTaxa/img-nullobs-plant.webp",
                        }
                      }
                      style={
                        [
                          {
                            "bottom": 0,
                            "left": 0,
                            "position": "absolute",
                            "right": 0,
                            "top": 0,
                          },
                          {
                            "height": 80,
                            "width": 80,
                          },
                          {
                            "borderRadius": 40,
                            "height": 80,
                            "marginRight": 24,
                            "width": 80,
                          },
                        ]
                      }
                    />
                    <Image
                      source={
                        {
                          "uri": "some_uri",
                        }
                      }
                      style={
                        {
                          "borderRadius": 40,
                          "height": 80,
                          "marginRight": 24,
                          "width": 80,
                        }
                      }
                    />
                  </View>
                  <View
                    style={
                      {
                        "maxWidth": 220,
                      }
                    }
                  >
                    <Text
                      allowFontScaling={true}
                      style={
                        [
                          {
                            "textAlign": "left",
                          },
                          [
                            {
                              "color": "#000000",
                              "fontFamily": "Lato-Regular",
                            },
                            {
                              "flexDirection": "row",
                              "flexWrap": "wrap",
                              "fontSize": 20,
                            },
                          ],
                        ]
                      }
                    >
                      some_common_name_1
                    </Text>
                    <Text
                      allowFontScaling={true}
                      style={
                        [
                          {
                            "textAlign": "left",
                          },
                          [
                            {
                              "color": "#000000",
                              "fontFamily": "Lato-Italic",
                            },
                            {
                              "flexDirection": "row",
                              "flexWrap": "wrap",
                              "fontSize": 15,
                              "marginTop": 12,
                            },
                          ],
                        ]
                      }
                    >
                      some_name_1
                    </Text>
                  </View>
                </View>
                <View
                  accessibilityState={
                    {
                      "busy": undefined,
                      "checked": undefined,
                      "disabled": undefined,
                      "expanded": undefined,
                      "selected": undefined,
                    }
                  }
                  accessibilityValue={
                    {
                      "max": undefined,
                      "min": undefined,
                      "now": undefined,
                      "text": undefined,
                    }
                  }
                  accessible={true}
                  collapsable={false}
                  focusable={true}
                  onBlur={[Function]}
                  onClick={[Function]}
                  onFocus={[Function]}
                  onResponderGrant={[Function]}
                  onResponderMove={[Function]}
                  onResponderRelease={[Function]}
                  onResponderTerminate={[Function]}
                  onResponderTerminationRequest={[Function]}
                  onStartShouldSetResponder={[Function]}
                  style={
                    {
                      "justifyContent": "center",
                    }
                  }
                >
                  <Image
                    source={
                      {
                        "testUri": "../../../assets/icons/button-deleteobservation.webp",
                      }
                    }
                  />
                </View>
              </View>
            </View>
          </RCTScrollView>
        </View>
        <View
          index={2}
          onLayout={[Function]}
          style={
            {
              "flexDirection": "column",
              "height": undefined,
              "left": 0,
              "maxHeight": undefined,
              "maxWidth": undefined,
              "minHeight": undefined,
              "minWidth": undefined,
              "opacity": 1,
              "position": "absolute",
              "top": 200,
              "width": 400,
            }
          }
        >
          <RCTScrollView
            contentContainerStyle={
              {
                "paddingHorizontal": 24,
                "paddingVertical": 9,
                "width": 847,
              }
            }
            horizontal={true}
            onScrollBeginDrag={[Function]}
            showsHorizontalScrollIndicator={false}
          >
            <View>
              <View
                collapsable={false}
                jestAnimatedProps={
                  {
                    "value": {},
                  }
                }
                jestAnimatedStyle={
                  {
                    "value": {
                      "transform": [
                        {
                          "translateX": 0,
                        },
                      ],
                    },
                  }
                }
                jestInlineStyle={
                  [
                    {
                      "alignItems": "center",
                      "flexDirection": "row",
                      "flexWrap": "nowrap",
                    },
                  ]
                }
                style={
                  [
                    {
                      "alignItems": "center",
                      "flexDirection": "row",
                      "flexWrap": "nowrap",
                    },
                    {
                      "transform": [
                        {
                          "translateX": 0,
                        },
                      ],
                    },
                  ]
                }
              >
                <View
                  accessibilityState={
                    {
                      "busy": undefined,
                      "checked": undefined,
                      "disabled": false,
                      "expanded": undefined,
                      "selected": undefined,
                    }
                  }
                  accessibilityValue={
                    {
                      "max": undefined,
                      "min": undefined,
                      "now": undefined,
                      "text": undefined,
                    }
                  }
                  accessible={true}
                  collapsable={false}
                  focusable={true}
                  onClick={[Function]}
                  onResponderGrant={[Function]}
                  onResponderMove={[Function]}
                  onResponderRelease={[Function]}
                  onResponderTerminate={[Function]}
                  onResponderTerminationRequest={[Function]}
                  onStartShouldSetResponder={[Function]}
                  style={
                    {
                      "alignItems": "center",
                      "flexDirection": "row",
                      "flexWrap": "nowrap",
                      "opacity": 1,
                      "width": 750,
                    }
                  }
                >
                  <View
                    accessibilityIgnoresInvertColors={true}
                    style={
                      {
                        "borderRadius": 40,
                        "height": 80,
                        "marginRight": 24,
                        "width": 80,
                      }
                    }
                  >
                    <Image
                      source={
                        {
                          "testUri": "../../../assets/iconicTaxa/img-nullobs-plant.webp",
                        }
                      }
                      style={
                        [
                          {
                            "bottom": 0,
                            "left": 0,
                            "position": "absolute",
                            "right": 0,
                            "top": 0,
                          },
                          {
                            "height": 80,
                            "width": 80,
                          },
                          {
                            "borderRadius": 40,
                            "height": 80,
                            "marginRight": 24,
                            "width": 80,
                          },
                        ]
                      }
                    />
                    <Image
                      source={
                        {
                          "uri": "some_uri",
                        }
                      }
                      style={
                        {
                          "borderRadius": 40,
                          "height": 80,
                          "marginRight": 24,
                          "width": 80,
                        }
                      }
                    />
                  </View>
                  <View
                    style={
                      {
                        "maxWidth": 220,
                      }
                    }
                  >
                    <Text
                      allowFontScaling={true}
                      style={
                        [
                          {
                            "textAlign": "left",
                          },
                          [
                            {
                              "color": "#000000",
                              "fontFamily": "Lato-Regular",
                            },
                            {
                              "flexDirection": "row",
                              "flexWrap": "wrap",
                              "fontSize": 20,
                            },
                          ],
                        ]
                      }
                    >
                      some_common_name_2
                    </Text>
                    <Text
                      allowFontScaling={true}
                      style={
                        [
                          {
                            "textAlign": "left",
                          },
                          [
                            {
                              "color": "#000000",
                              "fontFamily": "Lato-Italic",
                            },
                            {
                              "flexDirection": "row",
                              "flexWrap": "wrap",
                              "fontSize": 15,
                              "marginTop": 12,
                            },
                          ],
                        ]
                      }
                    >
                      some_name_2
                    </Text>
                  </View>
                </View>
                <View
                  accessibilityState={
                    {
                      "busy": undefined,
                      "checked": undefined,
                      "disabled": undefined,
                      "expanded": undefined,
                      "selected": undefined,
                    }
                  }
                  accessibilityValue={
                    {
                      "max": undefined,
                      "min": undefined,
                      "now": undefined,
                      "text": undefined,
                    }
                  }
                  accessible={true}
                  collapsable={false}
                  focusable={true}
                  onBlur={[Function]}
                  onClick={[Function]}
                  onFocus={[Function]}
                  onResponderGrant={[Function]}
                  onResponderMove={[Function]}
                  onResponderRelease={[Function]}
                  onResponderTerminate={[Function]}
                  onResponderTerminationRequest={[Function]}
                  onStartShouldSetResponder={[Function]}
                  style={
                    {
                      "justifyContent": "center",
                    }
                  }
                >
                  <Image
                    source={
                      {
                        "testUri": "../../../assets/icons/button-deleteobservation.webp",
                      }
                    }
                  />
                </View>
              </View>
            </View>
          </RCTScrollView>
        </View>
        <View
          index={3}
          onLayout={[Function]}
          style={
            {
              "flexDirection": "column",
              "height": undefined,
              "left": 0,
              "maxHeight": undefined,
              "maxWidth": undefined,
              "minHeight": undefined,
              "minWidth": undefined,
              "opacity": 1,
              "position": "absolute",
              "top": 300,
              "width": 400,
            }
          }
        >
          <RCTScrollView
            contentContainerStyle={
              {
                "paddingHorizontal": 24,
                "paddingVertical": 9,
                "width": 847,
              }
            }
            horizontal={true}
            onScrollBeginDrag={[Function]}
            showsHorizontalScrollIndicator={false}
          >
            <View>
              <View
                collapsable={false}
                jestAnimatedProps={
                  {
                    "value": {},
                  }
                }
                jestAnimatedStyle={
                  {
                    "value": {
                      "transform": [
                        {
                          "translateX": 0,
                        },
                      ],
                    },
                  }
                }
                jestInlineStyle={
                  [
                    {
                      "alignItems": "center",
                      "flexDirection": "row",
                      "flexWrap": "nowrap",
                    },
                  ]
                }
                style={
                  [
                    {
                      "alignItems": "center",
                      "flexDirection": "row",
                      "flexWrap": "nowrap",
                    },
                    {
                      "transform": [
                        {
                          "translateX": 0,
                        },
                      ],
                    },
                  ]
                }
              >
                <View
                  accessibilityState={
                    {
                      "busy": undefined,
                      "checked": undefined,
                      "disabled": false,
                      "expanded": undefined,
                      "selected": undefined,
                    }
                  }
                  accessibilityValue={
                    {
                      "max": undefined,
                      "min": undefined,
                      "now": undefined,
                      "text": undefined,
                    }
                  }
                  accessible={true}
                  collapsable={false}
                  focusable={true}
                  onClick={[Function]}
                  onResponderGrant={[Function]}
                  onResponderMove={[Function]}
                  onResponderRelease={[Function]}
                  onResponderTerminate={[Function]}
                  onResponderTerminationRequest={[Function]}
                  onStartShouldSetResponder={[Function]}
                  style={
                    {
                      "alignItems": "center",
                      "flexDirection": "row",
                      "flexWrap": "nowrap",
                      "opacity": 1,
                      "width": 750,
                    }
                  }
                >
                  <View
                    accessibilityIgnoresInvertColors={true}
                    style={
                      {
                        "borderRadius": 40,
                        "height": 80,
                        "marginRight": 24,
                        "width": 80,
                      }
                    }
                  >
                    <Image
                      source={
                        {
                          "testUri": "../../../assets/iconicTaxa/img-nullobs-plant.webp",
                        }
                      }
                      style={
                        [
                          {
                            "bottom": 0,
                            "left": 0,
                            "position": "absolute",
                            "right": 0,
                            "top": 0,
                          },
                          {
                            "height": 80,
                            "width": 80,
                          },
                          {
                            "borderRadius": 40,
                            "height": 80,
                            "marginRight": 24,
                            "width": 80,
                          },
                        ]
                      }
                    />
                    <Image
                      source={
                        {
                          "uri": "some_uri",
                        }
                      }
                      style={
                        {
                          "borderRadius": 40,
                          "height": 80,
                          "marginRight": 24,
                          "width": 80,
                        }
                      }
                    />
                  </View>
                  <View
                    style={
                      {
                        "maxWidth": 220,
                      }
                    }
                  >
                    <Text
                      allowFontScaling={true}
                      style={
                        [
                          {
                            "textAlign": "left",
                          },
                          [
                            {
                              "color": "#000000",
                              "fontFamily": "Lato-Regular",
                            },
                            {
                              "flexDirection": "row",
                              "flexWrap": "wrap",
                              "fontSize": 20,
                            },
                          ],
                        ]
                      }
                    >
                      some_common_name_3
                    </Text>
                    <Text
                      allowFontScaling={true}
                      style={
                        [
                          {
                            "textAlign": "left",
                          },
                          [
                            {
                              "color": "#000000",
                              "fontFamily": "Lato-Italic",
                            },
                            {
                              "flexDirection": "row",
                              "flexWrap": "wrap",
                              "fontSize": 15,
                              "marginTop": 12,
                            },
                          ],
                        ]
                      }
                    >
                      some_name_3
                    </Text>
                  </View>
                </View>
                <View
                  accessibilityState={
                    {
                      "busy": undefined,
                      "checked": undefined,
                      "disabled": undefined,
                      "expanded": undefined,
                      "selected": undefined,
                    }
                  }
                  accessibilityValue={
                    {
                      "max": undefined,
                      "min": undefined,
                      "now": undefined,
                      "text": undefined,
                    }
                  }
                  accessible={true}
                  collapsable={false}
                  focusable={true}
                  onBlur={[Function]}
                  onClick={[Function]}
                  onFocus={[Function]}
                  onResponderGrant={[Function]}
                  onResponderMove={[Function]}
                  onResponderRelease={[Function]}
                  onResponderTerminate={[Function]}
                  onResponderTerminationRequest={[Function]}
                  onStartShouldSetResponder={[Function]}
                  style={
                    {
                      "justifyContent": "center",
                    }
                  }
                >
                  <Image
                    source={
                      {
                        "testUri": "../../../assets/icons/button-deleteobservation.webp",
                      }
                    }
                  />
                </View>
              </View>
            </View>
          </RCTScrollView>
          <View
            style={
              {
                "paddingBottom": 12,
              }
            }
          />
        </View>
        <View
          index={4}
          onLayout={[Function]}
          style={
            {
              "flexDirection": "column",
              "height": undefined,
              "left": 0,
              "maxHeight": undefined,
              "maxWidth": undefined,
              "minHeight": undefined,
              "minWidth": undefined,
              "opacity": 1,
              "position": "absolute",
              "top": 400,
              "width": 400,
            }
          }
        >
          <View
            style={
              {
                "paddingBottom": 22,
              }
            }
          />
        </View>
        <View
          index={5}
          onLayout={[Function]}
          style={
            {
              "flexDirection": "column",
              "height": undefined,
              "left": 0,
              "maxHeight": undefined,
              "maxWidth": undefined,
              "minHeight": undefined,
              "minWidth": undefined,
              "opacity": 1,
              "position": "absolute",
              "top": 500,
              "width": 400,
            }
          }
        >
          <View
            accessibilityState={
              {
                "busy": undefined,
                "checked": undefined,
                "disabled": undefined,
                "expanded": undefined,
                "selected": undefined,
              }
            }
            accessibilityValue={
              {
                "max": undefined,
                "min": undefined,
                "now": undefined,
                "text": undefined,
              }
            }
            accessible={true}
            collapsable={false}
            focusable={true}
            onClick={[Function]}
            onResponderGrant={[Function]}
            onResponderMove={[Function]}
            onResponderRelease={[Function]}
            onResponderTerminate={[Function]}
            onResponderTerminationRequest={[Function]}
            onStartShouldSetResponder={[Function]}
            style={
              {
                "alignItems": "center",
                "flexDirection": "row",
                "flexWrap": "nowrap",
                "height": 25,
                "justifyContent": "space-between",
                "marginHorizontal": 24,
                "opacity": 1,
              }
            }
          >
            <Text
              allowFontScaling={false}
              style={
                [
                  {
                    "textAlign": "left",
                  },
                  [
                    {
                      "color": "#38976d",
                      "fontFamily": "Lato-Bold",
                      "fontSize": 18,
                      "letterSpacing": 1,
                      "lineHeight": 22,
                    },
                    {
                      "alignSelf": "center",
                    },
                  ],
                ]
              }
            >
              BIRDS
            </Text>
            <View
              style={
                {
                  "alignItems": "center",
                  "flexDirection": "row",
                  "flexWrap": "nowrap",
                }
              }
            >
              <Text
                allowFontScaling={false}
                style={
                  [
                    {
                      "textAlign": "left",
                    },
                    [
                      {
                        "color": "#000000",
                        "fontFamily": "Lato-Regular",
                        "fontSize": 18,
                        "letterSpacing": 0.78,
                      },
                    ],
                  ]
                }
              >
                0
              </Text>
              <Image
                source={
                  {
                    "testUri": "../../../assets/badges/observations/Badge_Empty.webp",
                  }
                }
                style={
                  [
                    {
                      "height": 25,
                      "marginLeft": 10,
                      "resizeMode": "contain",
                      "width": 22,
                    },
                    {
                      "marginRight": -1,
                    },
                    undefined,
                  ]
                }
              />
              <Image
                source={
                  {
                    "testUri": "../../../assets/icons/icon-dropdown-open.webp",
                  }
                }
                style={
                  {
                    "marginLeft": 15,
                  }
                }
              />
            </View>
          </View>
        </View>
        <View
          index={6}
          onLayout={[Function]}
          style={
            {
              "flexDirection": "column",
              "height": undefined,
              "left": 0,
              "maxHeight": undefined,
              "maxWidth": undefined,
              "minHeight": undefined,
              "minWidth": undefined,
              "opacity": 1,
              "position": "absolute",
              "top": 600,
              "width": 400,
            }
          }
        >
          <Text
            style={
              [
                {
                  "textAlign": "left",
                },
                [
                  {
                    "color": "#000000",
                    "fontFamily": "Lato-Regular",
                    "fontSize": 15,
                    "letterSpacing": 0,
                    "lineHeight": 21,
                  },
                  {
                    "paddingBottom": 31,
                    "paddingTop": 14,
                    "textAlign": "center",
                  },
                ],
              ]
            }
          >
            You haven’t observed any birds yet!
          </Text>
        </View>
        <View
          index={7}
          onLayout={[Function]}
          style={
            {
              "flexDirection": "column",
              "height": undefined,
              "left": 0,
              "maxHeight": undefined,
              "maxWidth": undefined,
              "minHeight": undefined,
              "minWidth": undefined,
              "opacity": 1,
              "position": "absolute",
              "top": 700,
              "width": 400,
            }
          }
        >
          <View
            accessibilityState={
              {
                "busy": undefined,
                "checked": undefined,
                "disabled": undefined,
                "expanded": undefined,
                "selected": undefined,
              }
            }
            accessibilityValue={
              {
                "max": undefined,
                "min": undefined,
                "now": undefined,
                "text": undefined,
              }
            }
            accessible={true}
            collapsable={false}
            focusable={true}
            onClick={[Function]}
            onResponderGrant={[Function]}
            onResponderMove={[Function]}
            onResponderRelease={[Function]}
            onResponderTerminate={[Function]}
            onResponderTerminationRequest={[Function]}
            onStartShouldSetResponder={[Function]}
            style={
              {
                "alignItems": "center",
                "flexDirection": "row",
                "flexWrap": "nowrap",
                "height": 25,
                "justifyContent": "space-between",
                "marginHorizontal": 24,
                "opacity": 1,
              }
            }
          >
            <Text
              allowFontScaling={false}
              style={
                [
                  {
                    "textAlign": "left",
                  },
                  [
                    {
                      "color": "#38976d",
                      "fontFamily": "Lato-Bold",
                      "fontSize": 18,
                      "letterSpacing": 1,
                      "lineHeight": 22,
                    },
                    {
                      "alignSelf": "center",
                    },
                  ],
                ]
              }
            >
              MAMMALS
            </Text>
            <View
              style={
                {
                  "alignItems": "center",
                  "flexDirection": "row",
                  "flexWrap": "nowrap",
                }
              }
            >
              <Text
                allowFontScaling={false}
                style={
                  [
                    {
                      "textAlign": "left",
                    },
                    [
                      {
                        "color": "#000000",
                        "fontFamily": "Lato-Regular",
                        "fontSize": 18,
                        "letterSpacing": 0.78,
                      },
                    ],
                  ]
                }
              >
                0
              </Text>
              <Image
                source={
                  {
                    "testUri": "../../../assets/badges/observations/Badge_Empty.webp",
                  }
                }
                style={
                  [
                    {
                      "height": 25,
                      "marginLeft": 10,
                      "resizeMode": "contain",
                      "width": 22,
                    },
                    {
                      "marginRight": -1,
                    },
                    undefined,
                  ]
                }
              />
              <Image
                source={
                  {
                    "testUri": "../../../assets/icons/icon-dropdown-open.webp",
                  }
                }
                style={
                  {
                    "marginLeft": 15,
                  }
                }
              />
            </View>
          </View>
        </View>
        <View
          index={8}
          onLayout={[Function]}
          style={
            {
              "flexDirection": "column",
              "height": undefined,
              "left": 0,
              "maxHeight": undefined,
              "maxWidth": undefined,
              "minHeight": undefined,
              "minWidth": undefined,
              "opacity": 1,
              "position": "absolute",
              "top": 800,
              "width": 400,
            }
          }
        >
          <Text
            style={
              [
                {
                  "textAlign": "left",
                },
                [
                  {
                    "color": "#000000",
                    "fontFamily": "Lato-Regular",
                    "fontSize": 15,
                    "letterSpacing": 0,
                    "lineHeight": 21,
                  },
                  {
                    "paddingBottom": 31,
                    "paddingTop": 14,
                    "textAlign": "center",
                  },
                ],
              ]
            }
          >
            You haven’t observed any mammals yet!
          </Text>
        </View>
        <View
          index={9}
          onLayout={[Function]}
          style={
            {
              "flexDirection": "column",
              "height": undefined,
              "left": 0,
              "maxHeight": undefined,
              "maxWidth": undefined,
              "minHeight": undefined,
              "minWidth": undefined,
              "opacity": 1,
              "position": "absolute",
              "top": 900,
              "width": 400,
            }
          }
        >
          <View
            accessibilityState={
              {
                "busy": undefined,
                "checked": undefined,
                "disabled": undefined,
                "expanded": undefined,
                "selected": undefined,
              }
            }
            accessibilityValue={
              {
                "max": undefined,
                "min": undefined,
                "now": undefined,
                "text": undefined,
              }
            }
            accessible={true}
            collapsable={false}
            focusable={true}
            onClick={[Function]}
            onResponderGrant={[Function]}
            onResponderMove={[Function]}
            onResponderRelease={[Function]}
            onResponderTerminate={[Function]}
            onResponderTerminationRequest={[Function]}
            onStartShouldSetResponder={[Function]}
            style={
              {
                "alignItems": "center",
                "flexDirection": "row",
                "flexWrap": "nowrap",
                "height": 25,
                "justifyContent": "space-between",
                "marginHorizontal": 24,
                "opacity": 1,
              }
            }
          >
            <Text
              allowFontScaling={false}
              style={
                [
                  {
                    "textAlign": "left",
                  },
                  [
                    {
                      "color": "#38976d",
                      "fontFamily": "Lato-Bold",
                      "fontSize": 18,
                      "letterSpacing": 1,
                      "lineHeight": 22,
                    },
                    {
                      "alignSelf": "center",
                    },
                  ],
                ]
              }
            >
              MOLLUSKS
            </Text>
            <View
              style={
                {
                  "alignItems": "center",
                  "flexDirection": "row",
                  "flexWrap": "nowrap",
                }
              }
            >
              <Text
                allowFontScaling={false}
                style={
                  [
                    {
                      "textAlign": "left",
                    },
                    [
                      {
                        "color": "#000000",
                        "fontFamily": "Lato-Regular",
                        "fontSize": 18,
                        "letterSpacing": 0.78,
                      },
                    ],
                  ]
                }
              >
                0
              </Text>
              <Image
                source={
                  {
                    "testUri": "../../../assets/badges/observations/Badge_Empty.webp",
                  }
                }
                style={
                  [
                    {
                      "height": 25,
                      "marginLeft": 10,
                      "resizeMode": "contain",
                      "width": 22,
                    },
                    {
                      "marginRight": -1,
                    },
                    undefined,
                  ]
                }
              />
              <Image
                source={
                  {
                    "testUri": "../../../assets/icons/icon-dropdown-open.webp",
                  }
                }
                style={
                  {
                    "marginLeft": 15,
                  }
                }
              />
            </View>
          </View>
        </View>
      </View>
      <View>
        <View
          style={
            {
              "backgroundColor": "#ffffff",
              "paddingBottom": 44,
            }
          }
        />
      </View>
    </View>
  </RCTScrollView>
</View>
`;
