// Jest Snapshot v1, https://goo.gl/fbAQLP

exports[`SelectSpecies should render correctly 1`] = `
<RNCSafeAreaView
  edges={
    {
      "bottom": "off",
      "left": "off",
      "right": "off",
      "top": "additive",
    }
  }
  style={
    [
      {
        "backgroundColor": "#F3F1E8",
        "flex": 1,
      },
      {
        "backgroundColor": "#F3F1E8",
      },
    ]
  }
  testID="select-species-container"
>
  <View
    style={
      [
        {
          "backgroundColor": "#F3F1E8",
          "height": 55,
        },
        {
          "backgroundColor": "#F3F1E8",
        },
      ]
    }
  >
    <View
      accessibilityLabel="Go back to previous screen"
      accessibilityState={
        {
          "busy": undefined,
          "checked": undefined,
          "disabled": undefined,
          "expanded": undefined,
          "selected": undefined,
        }
      }
      accessibilityValue={
        {
          "max": undefined,
          "min": undefined,
          "now": undefined,
          "text": undefined,
        }
      }
      accessible={true}
      collapsable={false}
      focusable={true}
      onClick={[Function]}
      onResponderGrant={[Function]}
      onResponderMove={[Function]}
      onResponderRelease={[Function]}
      onResponderTerminate={[Function]}
      onResponderTerminationRequest={[Function]}
      onStartShouldSetResponder={[Function]}
      style={
        {
          "left": 23,
          "opacity": 1,
          "paddingBottom": 18,
          "paddingTop": 18,
        }
      }
    >
      <Image
        source={
          {
            "testUri": "../../../assets/icons/back.webp",
          }
        }
      />
    </View>
    <Text
      style={
        [
          {
            "textAlign": "left",
          },
          [
            {
              "color": "#ffffff",
              "fontFamily": "Lato-Bold",
              "fontSize": 15,
              "letterSpacing": 1,
              "lineHeight": 21,
            },
            {
              "alignSelf": "center",
              "paddingTop": 20,
              "position": "absolute",
            },
          ],
          null,
        ]
      }
    >
      What did you see?
    </Text>
  </View>
  <View
    style={
      {
        "alignItems": "center",
        "backgroundColor": "#000000",
        "height": 155,
      }
    }
  >
    <Image
      source={
        {
          "uri": "some_image",
        }
      }
      style={
        {
          "height": 155,
          "resizeMode": "contain",
          "width": 750,
        }
      }
    />
  </View>
  <View
    style={
      [
        {
          "alignItems": "center",
          "backgroundColor": "#F3F1E8",
          "flexDirection": "row",
          "flexWrap": "nowrap",
          "height": 63,
          "justifyContent": "center",
        },
        {
          "backgroundColor": "#F3F1E8",
        },
      ]
    }
  >
    <Image
      source={
        {
          "testUri": "../../../assets/posting/icon-search-green.webp",
        }
      }
      style={
        [
          {
            "height": 20,
            "resizeMode": "contain",
            "tintColor": "#14794f",
            "width": 20,
          },
          {
            "tintColor": "#14794F",
          },
        ]
      }
      tintColor="#14794F"
    />
    <TextInput
      defaultValue={null}
      onChangeText={[Function]}
      placeholder="Look up a species by name"
      placeholderTextColor="#707A72"
      style={
        [
          {
            "color": "#000000",
            "fontFamily": "Lato-Regular",
            "fontSize": 15,
          },
          {
            "backgroundColor": "#FFFFFF",
            "borderColor": "#E6E9E4",
            "borderRadius": 14,
            "borderWidth": 1,
            "height": 37,
            "marginLeft": 11,
            "paddingBottom": 0,
            "paddingLeft": 16,
            "paddingTop": 0,
            "width": 679,
          },
          {
            "backgroundColor": "#FFFFFF",
            "borderColor": "#E6E9E4",
            "color": "#111512",
          },
        ]
      }
    />
  </View>
  <View
    onScroll={[Function]}
  >
    <View
      style={
        {
          "marginBottom": 18,
          "marginLeft": 24,
          "marginTop": 27,
        }
      }
    >
      <Text
        allowFontScaling={true}
        style={
          [
            {
              "textAlign": "left",
            },
            [
              {
                "letterSpacing": 0,
              },
              {
                "fontSize": 18,
                "lineHeight": 24,
              },
              {
                "color": "#111512",
                "fontFamily": "Lato-Bold",
              },
              false,
              undefined,
            ],
            null,
          ]
        }
      >
        Seek's identification
      </Text>
    </View>
    <View
      style={
        {
          "marginBottom": 18,
          "marginLeft": 24,
        }
      }
    >
      <View
        accessibilityState={
          {
            "busy": undefined,
            "checked": undefined,
            "disabled": false,
            "expanded": undefined,
            "selected": undefined,
          }
        }
        accessibilityValue={
          {
            "max": undefined,
            "min": undefined,
            "now": undefined,
            "text": undefined,
          }
        }
        accessible={true}
        collapsable={false}
        focusable={true}
        onClick={[Function]}
        onResponderGrant={[Function]}
        onResponderMove={[Function]}
        onResponderRelease={[Function]}
        onResponderTerminate={[Function]}
        onResponderTerminationRequest={[Function]}
        onStartShouldSetResponder={[Function]}
        style={
          {
            "alignItems": "center",
            "backgroundColor": "#FFFFFF",
            "borderColor": "#E6E9E4",
            "borderRadius": 12,
            "borderWidth": 1,
            "flexDirection": "row",
            "flexWrap": "nowrap",
            "minHeight": 96,
            "opacity": 1,
            "paddingHorizontal": 10,
            "paddingVertical": 10,
            "width": 714,
          }
        }
      >
        <Image
          source={
            {
              "uri": "some_image",
            }
          }
          style={
            {
              "borderRadius": 8,
              "height": 76,
              "marginRight": 14,
              "width": 76,
            }
          }
        />
        <View
          style={
            {
              "flex": 1,
              "maxWidth": 220,
              "minWidth": 0,
            }
          }
        >
          <Text
            allowFontScaling={true}
            style={
              [
                {
                  "textAlign": "left",
                },
                [
                  {
                    "color": "#111512",
                    "fontFamily": "Lato-Regular",
                  },
                  {
                    "flexDirection": "row",
                    "flexWrap": "wrap",
                    "fontSize": 17,
                    "lineHeight": 22,
                  },
                  {
                    "color": "#111512",
                    "fontFamily": "Lato-Bold",
                  },
                ],
                null,
              ]
            }
          >
            some_common_name
          </Text>
          <Text
            allowFontScaling={true}
            style={
              [
                {
                  "textAlign": "left",
                },
                [
                  {
                    "color": "#111512",
                    "fontFamily": "Lato-Italic",
                  },
                  {
                    "flexDirection": "row",
                    "flexWrap": "wrap",
                    "fontSize": 13,
                    "lineHeight": 18,
                    "marginTop": 3,
                  },
                  {
                    "color": "#707A72",
                  },
                ],
                null,
              ]
            }
          >
            some_name
          </Text>
        </View>
      </View>
    </View>
    <View
      style={
        {
          "marginBottom": 18,
          "marginLeft": 24,
          "marginTop": 27,
        }
      }
    >
      <Text
        allowFontScaling={true}
        style={
          [
            {
              "textAlign": "left",
            },
            [
              {
                "letterSpacing": 0,
              },
              {
                "fontSize": 18,
                "lineHeight": 24,
              },
              {
                "color": "#111512",
                "fontFamily": "Lato-Bold",
              },
              false,
              undefined,
            ],
            null,
          ]
        }
      >
        MAJOR TAXA
      </Text>
    </View>
    <View
      style={
        {
          "marginBottom": 18,
          "marginLeft": 24,
        }
      }
    >
      <View
        accessibilityState={
          {
            "busy": undefined,
            "checked": undefined,
            "disabled": false,
            "expanded": undefined,
            "selected": undefined,
          }
        }
        accessibilityValue={
          {
            "max": undefined,
            "min": undefined,
            "now": undefined,
            "text": undefined,
          }
        }
        accessible={true}
        collapsable={false}
        focusable={true}
        onClick={[Function]}
        onResponderGrant={[Function]}
        onResponderMove={[Function]}
        onResponderRelease={[Function]}
        onResponderTerminate={[Function]}
        onResponderTerminationRequest={[Function]}
        onStartShouldSetResponder={[Function]}
        style={
          {
            "alignItems": "center",
            "backgroundColor": "#FFFFFF",
            "borderColor": "#E6E9E4",
            "borderRadius": 12,
            "borderWidth": 1,
            "flexDirection": "row",
            "flexWrap": "nowrap",
            "minHeight": 96,
            "opacity": 1,
            "paddingHorizontal": 10,
            "paddingVertical": 10,
            "width": 714,
          }
        }
      >
        <View
          accessibilityIgnoresInvertColors={true}
          style={
            {
              "borderRadius": 8,
              "height": 76,
              "marginRight": 14,
              "width": 76,
            }
          }
        >
          <Image
            source={
              {
                "testUri": "../../../assets/iconicTaxa/img-nullobs-plant.webp",
              }
            }
            style={
              [
                {
                  "bottom": 0,
                  "left": 0,
                  "position": "absolute",
                  "right": 0,
                  "top": 0,
                },
                {
                  "height": 76,
                  "width": 76,
                },
                {
                  "borderRadius": 8,
                  "height": 76,
                  "marginRight": 14,
                  "width": 76,
                },
              ]
            }
          />
          <Image
            style={
              {
                "borderRadius": 8,
                "height": 76,
                "marginRight": 14,
                "width": 76,
              }
            }
          />
        </View>
        <View
          style={
            {
              "flex": 1,
              "maxWidth": 220,
              "minWidth": 0,
            }
          }
        >
          <Text
            allowFontScaling={true}
            style={
              [
                {
                  "textAlign": "left",
                },
                [
                  {
                    "color": "#111512",
                    "fontFamily": "Lato-Regular",
                  },
                  {
                    "flexDirection": "row",
                    "flexWrap": "wrap",
                    "fontSize": 17,
                    "lineHeight": 22,
                  },
                  {
                    "color": "#111512",
                    "fontFamily": "Lato-Bold",
                  },
                ],
                null,
              ]
            }
          >
            Plants
          </Text>
          <Text
            allowFontScaling={true}
            style={
              [
                {
                  "textAlign": "left",
                },
                [
                  {
                    "color": "#111512",
                    "fontFamily": "Lato-Italic",
                  },
                  {
                    "flexDirection": "row",
                    "flexWrap": "wrap",
                    "fontSize": 13,
                    "lineHeight": 18,
                    "marginTop": 3,
                  },
                  {
                    "color": "#707A72",
                  },
                ],
                null,
              ]
            }
          >
            Plantae
          </Text>
        </View>
      </View>
    </View>
    <View
      style={
        {
          "marginBottom": 18,
          "marginLeft": 24,
        }
      }
    >
      <View
        accessibilityState={
          {
            "busy": undefined,
            "checked": undefined,
            "disabled": false,
            "expanded": undefined,
            "selected": undefined,
          }
        }
        accessibilityValue={
          {
            "max": undefined,
            "min": undefined,
            "now": undefined,
            "text": undefined,
          }
        }
        accessible={true}
        collapsable={false}
        focusable={true}
        onClick={[Function]}
        onResponderGrant={[Function]}
        onResponderMove={[Function]}
        onResponderRelease={[Function]}
        onResponderTerminate={[Function]}
        onResponderTerminationRequest={[Function]}
        onStartShouldSetResponder={[Function]}
        style={
          {
            "alignItems": "center",
            "backgroundColor": "#FFFFFF",
            "borderColor": "#E6E9E4",
            "borderRadius": 12,
            "borderWidth": 1,
            "flexDirection": "row",
            "flexWrap": "nowrap",
            "minHeight": 96,
            "opacity": 1,
            "paddingHorizontal": 10,
            "paddingVertical": 10,
            "width": 714,
          }
        }
      >
        <View
          accessibilityIgnoresInvertColors={true}
          style={
            {
              "borderRadius": 8,
              "height": 76,
              "marginRight": 14,
              "width": 76,
            }
          }
        >
          <Image
            source={
              {
                "testUri": "../../../assets/iconicTaxa/img-nullobs-unknown.webp",
              }
            }
            style={
              [
                {
                  "bottom": 0,
                  "left": 0,
                  "position": "absolute",
                  "right": 0,
                  "top": 0,
                },
                {
                  "height": 76,
                  "width": 76,
                },
                {
                  "borderRadius": 8,
                  "height": 76,
                  "marginRight": 14,
                  "width": 76,
                },
              ]
            }
          />
          <Image
            style={
              {
                "borderRadius": 8,
                "height": 76,
                "marginRight": 14,
                "width": 76,
              }
            }
          />
        </View>
        <View
          style={
            {
              "flex": 1,
              "maxWidth": 220,
              "minWidth": 0,
            }
          }
        >
          <Text
            allowFontScaling={true}
            style={
              [
                {
                  "textAlign": "left",
                },
                [
                  {
                    "color": "#111512",
                    "fontFamily": "Lato-Regular",
                  },
                  {
                    "flexDirection": "row",
                    "flexWrap": "wrap",
                    "fontSize": 17,
                    "lineHeight": 22,
                  },
                  {
                    "color": "#111512",
                    "fontFamily": "Lato-Bold",
                  },
                ],
                null,
              ]
            }
          >
            Animals
          </Text>
          <Text
            allowFontScaling={true}
            style={
              [
                {
                  "textAlign": "left",
                },
                [
                  {
                    "color": "#111512",
                    "fontFamily": "Lato-Italic",
                  },
                  {
                    "flexDirection": "row",
                    "flexWrap": "wrap",
                    "fontSize": 13,
                    "lineHeight": 18,
                    "marginTop": 3,
                  },
                  {
                    "color": "#707A72",
                  },
                ],
                null,
              ]
            }
          >
            Animalia
          </Text>
        </View>
      </View>
    </View>
    <View
      style={
        {
          "marginBottom": 18,
          "marginLeft": 24,
        }
      }
    >
      <View
        accessibilityState={
          {
            "busy": undefined,
            "checked": undefined,
            "disabled": false,
            "expanded": undefined,
            "selected": undefined,
          }
        }
        accessibilityValue={
          {
            "max": undefined,
            "min": undefined,
            "now": undefined,
            "text": undefined,
          }
        }
        accessible={true}
        collapsable={false}
        focusable={true}
        onClick={[Function]}
        onResponderGrant={[Function]}
        onResponderMove={[Function]}
        onResponderRelease={[Function]}
        onResponderTerminate={[Function]}
        onResponderTerminationRequest={[Function]}
        onStartShouldSetResponder={[Function]}
        style={
          {
            "alignItems": "center",
            "backgroundColor": "#FFFFFF",
            "borderColor": "#E6E9E4",
            "borderRadius": 12,
            "borderWidth": 1,
            "flexDirection": "row",
            "flexWrap": "nowrap",
            "minHeight": 96,
            "opacity": 1,
            "paddingHorizontal": 10,
            "paddingVertical": 10,
            "width": 714,
          }
        }
      >
        <View
          accessibilityIgnoresInvertColors={true}
          style={
            {
              "borderRadius": 8,
              "height": 76,
              "marginRight": 14,
              "width": 76,
            }
          }
        >
          <Image
            source={
              {
                "testUri": "../../../assets/iconicTaxa/img-nullobs-fungi.webp",
              }
            }
            style={
              [
                {
                  "bottom": 0,
                  "left": 0,
                  "position": "absolute",
                  "right": 0,
                  "top": 0,
                },
                {
                  "height": 76,
                  "width": 76,
                },
                {
                  "borderRadius": 8,
                  "height": 76,
                  "marginRight": 14,
                  "width": 76,
                },
              ]
            }
          />
          <Image
            style={
              {
                "borderRadius": 8,
                "height": 76,
                "marginRight": 14,
                "width": 76,
              }
            }
          />
        </View>
        <View
          style={
            {
              "flex": 1,
              "maxWidth": 220,
              "minWidth": 0,
            }
          }
        >
          <Text
            allowFontScaling={true}
            style={
              [
                {
                  "textAlign": "left",
                },
                [
                  {
                    "color": "#111512",
                    "fontFamily": "Lato-Regular",
                  },
                  {
                    "flexDirection": "row",
                    "flexWrap": "wrap",
                    "fontSize": 17,
                    "lineHeight": 22,
                  },
                  {
                    "color": "#111512",
                    "fontFamily": "Lato-Bold",
                  },
                ],
                null,
              ]
            }
          >
            Fungi
          </Text>
          <Text
            allowFontScaling={true}
            style={
              [
                {
                  "textAlign": "left",
                },
                [
                  {
                    "color": "#111512",
                    "fontFamily": "Lato-Italic",
                  },
                  {
                    "flexDirection": "row",
                    "flexWrap": "wrap",
                    "fontSize": 13,
                    "lineHeight": 18,
                    "marginTop": 3,
                  },
                  {
                    "color": "#707A72",
                  },
                ],
                null,
              ]
            }
          >
            Fungi
          </Text>
        </View>
      </View>
    </View>
    <View
      style={
        {
          "marginBottom": 18,
          "marginLeft": 24,
        }
      }
    >
      <View
        accessibilityState={
          {
            "busy": undefined,
            "checked": undefined,
            "disabled": false,
            "expanded": undefined,
            "selected": undefined,
          }
        }
        accessibilityValue={
          {
            "max": undefined,
            "min": undefined,
            "now": undefined,
            "text": undefined,
          }
        }
        accessible={true}
        collapsable={false}
        focusable={true}
        onClick={[Function]}
        onResponderGrant={[Function]}
        onResponderMove={[Function]}
        onResponderRelease={[Function]}
        onResponderTerminate={[Function]}
        onResponderTerminationRequest={[Function]}
        onStartShouldSetResponder={[Function]}
        style={
          {
            "alignItems": "center",
            "backgroundColor": "#FFFFFF",
            "borderColor": "#E6E9E4",
            "borderRadius": 12,
            "borderWidth": 1,
            "flexDirection": "row",
            "flexWrap": "nowrap",
            "minHeight": 96,
            "opacity": 1,
            "paddingHorizontal": 10,
            "paddingVertical": 10,
            "width": 714,
          }
        }
      >
        <View
          accessibilityIgnoresInvertColors={true}
          style={
            {
              "borderRadius": 8,
              "height": 76,
              "marginRight": 14,
              "width": 76,
            }
          }
        >
          <Image
            source={
              {
                "testUri": "../../../assets/iconicTaxa/img-nullobs-bird.webp",
              }
            }
            style={
              [
                {
                  "bottom": 0,
                  "left": 0,
                  "position": "absolute",
                  "right": 0,
                  "top": 0,
                },
                {
                  "height": 76,
                  "width": 76,
                },
                {
                  "borderRadius": 8,
                  "height": 76,
                  "marginRight": 14,
                  "width": 76,
                },
              ]
            }
          />
          <Image
            style={
              {
                "borderRadius": 8,
                "height": 76,
                "marginRight": 14,
                "width": 76,
              }
            }
          />
        </View>
        <View
          style={
            {
              "flex": 1,
              "maxWidth": 220,
              "minWidth": 0,
            }
          }
        >
          <Text
            allowFontScaling={true}
            style={
              [
                {
                  "textAlign": "left",
                },
                [
                  {
                    "color": "#111512",
                    "fontFamily": "Lato-Regular",
                  },
                  {
                    "flexDirection": "row",
                    "flexWrap": "wrap",
                    "fontSize": 17,
                    "lineHeight": 22,
                  },
                  {
                    "color": "#111512",
                    "fontFamily": "Lato-Bold",
                  },
                ],
                null,
              ]
            }
          >
            Birds
          </Text>
          <Text
            allowFontScaling={true}
            style={
              [
                {
                  "textAlign": "left",
                },
                [
                  {
                    "color": "#111512",
                    "fontFamily": "Lato-Italic",
                  },
                  {
                    "flexDirection": "row",
                    "flexWrap": "wrap",
                    "fontSize": 13,
                    "lineHeight": 18,
                    "marginTop": 3,
                  },
                  {
                    "color": "#707A72",
                  },
                ],
                null,
              ]
            }
          >
            Aves
          </Text>
        </View>
      </View>
    </View>
    <View
      style={
        {
          "marginBottom": 18,
          "marginLeft": 24,
        }
      }
    >
      <View
        accessibilityState={
          {
            "busy": undefined,
            "checked": undefined,
            "disabled": false,
            "expanded": undefined,
            "selected": undefined,
          }
        }
        accessibilityValue={
          {
            "max": undefined,
            "min": undefined,
            "now": undefined,
            "text": undefined,
          }
        }
        accessible={true}
        collapsable={false}
        focusable={true}
        onClick={[Function]}
        onResponderGrant={[Function]}
        onResponderMove={[Function]}
        onResponderRelease={[Function]}
        onResponderTerminate={[Function]}
        onResponderTerminationRequest={[Function]}
        onStartShouldSetResponder={[Function]}
        style={
          {
            "alignItems": "center",
            "backgroundColor": "#FFFFFF",
            "borderColor": "#E6E9E4",
            "borderRadius": 12,
            "borderWidth": 1,
            "flexDirection": "row",
            "flexWrap": "nowrap",
            "minHeight": 96,
            "opacity": 1,
            "paddingHorizontal": 10,
            "paddingVertical": 10,
            "width": 714,
          }
        }
      >
        <View
          accessibilityIgnoresInvertColors={true}
          style={
            {
              "borderRadius": 8,
              "height": 76,
              "marginRight": 14,
              "width": 76,
            }
          }
        >
          <Image
            source={
              {
                "testUri": "../../../assets/iconicTaxa/img-nullobs-insect.webp",
              }
            }
            style={
              [
                {
                  "bottom": 0,
                  "left": 0,
                  "position": "absolute",
                  "right": 0,
                  "top": 0,
                },
                {
                  "height": 76,
                  "width": 76,
                },
                {
                  "borderRadius": 8,
                  "height": 76,
                  "marginRight": 14,
                  "width": 76,
                },
              ]
            }
          />
          <Image
            style={
              {
                "borderRadius": 8,
                "height": 76,
                "marginRight": 14,
                "width": 76,
              }
            }
          />
        </View>
        <View
          style={
            {
              "flex": 1,
              "maxWidth": 220,
              "minWidth": 0,
            }
          }
        >
          <Text
            allowFontScaling={true}
            style={
              [
                {
                  "textAlign": "left",
                },
                [
                  {
                    "color": "#111512",
                    "fontFamily": "Lato-Regular",
                  },
                  {
                    "flexDirection": "row",
                    "flexWrap": "wrap",
                    "fontSize": 17,
                    "lineHeight": 22,
                  },
                  {
                    "color": "#111512",
                    "fontFamily": "Lato-Bold",
                  },
                ],
                null,
              ]
            }
          >
            Insects
          </Text>
          <Text
            allowFontScaling={true}
            style={
              [
                {
                  "textAlign": "left",
                },
                [
                  {
                    "color": "#111512",
                    "fontFamily": "Lato-Italic",
                  },
                  {
                    "flexDirection": "row",
                    "flexWrap": "wrap",
                    "fontSize": 13,
                    "lineHeight": 18,
                    "marginTop": 3,
                  },
                  {
                    "color": "#707A72",
                  },
                ],
                null,
              ]
            }
          >
            Insecta
          </Text>
        </View>
      </View>
    </View>
    <View
      style={
        {
          "marginBottom": 18,
          "marginLeft": 24,
        }
      }
    >
      <View
        accessibilityState={
          {
            "busy": undefined,
            "checked": undefined,
            "disabled": false,
            "expanded": undefined,
            "selected": undefined,
          }
        }
        accessibilityValue={
          {
            "max": undefined,
            "min": undefined,
            "now": undefined,
            "text": undefined,
          }
        }
        accessible={true}
        collapsable={false}
        focusable={true}
        onClick={[Function]}
        onResponderGrant={[Function]}
        onResponderMove={[Function]}
        onResponderRelease={[Function]}
        onResponderTerminate={[Function]}
        onResponderTerminationRequest={[Function]}
        onStartShouldSetResponder={[Function]}
        style={
          {
            "alignItems": "center",
            "backgroundColor": "#FFFFFF",
            "borderColor": "#E6E9E4",
            "borderRadius": 12,
            "borderWidth": 1,
            "flexDirection": "row",
            "flexWrap": "nowrap",
            "minHeight": 96,
            "opacity": 1,
            "paddingHorizontal": 10,
            "paddingVertical": 10,
            "width": 714,
          }
        }
      >
        <View
          accessibilityIgnoresInvertColors={true}
          style={
            {
              "borderRadius": 8,
              "height": 76,
              "marginRight": 14,
              "width": 76,
            }
          }
        >
          <Image
            source={
              {
                "testUri": "../../../assets/iconicTaxa/img-nullobs-arachnid.webp",
              }
            }
            style={
              [
                {
                  "bottom": 0,
                  "left": 0,
                  "position": "absolute",
                  "right": 0,
                  "top": 0,
                },
                {
                  "height": 76,
                  "width": 76,
                },
                {
                  "borderRadius": 8,
                  "height": 76,
                  "marginRight": 14,
                  "width": 76,
                },
              ]
            }
          />
          <Image
            style={
              {
                "borderRadius": 8,
                "height": 76,
                "marginRight": 14,
                "width": 76,
              }
            }
          />
        </View>
        <View
          style={
            {
              "flex": 1,
              "maxWidth": 220,
              "minWidth": 0,
            }
          }
        >
          <Text
            allowFontScaling={true}
            style={
              [
                {
                  "textAlign": "left",
                },
                [
                  {
                    "color": "#111512",
                    "fontFamily": "Lato-Regular",
                  },
                  {
                    "flexDirection": "row",
                    "flexWrap": "wrap",
                    "fontSize": 17,
                    "lineHeight": 22,
                  },
                  {
                    "color": "#111512",
                    "fontFamily": "Lato-Bold",
                  },
                ],
                null,
              ]
            }
          >
            Arachnids
          </Text>
          <Text
            allowFontScaling={true}
            style={
              [
                {
                  "textAlign": "left",
                },
                [
                  {
                    "color": "#111512",
                    "fontFamily": "Lato-Italic",
                  },
                  {
                    "flexDirection": "row",
                    "flexWrap": "wrap",
                    "fontSize": 13,
                    "lineHeight": 18,
                    "marginTop": 3,
                  },
                  {
                    "color": "#707A72",
                  },
                ],
                null,
              ]
            }
          >
            Arachnida
          </Text>
        </View>
      </View>
    </View>
    <View
      style={
        {
          "marginBottom": 18,
          "marginLeft": 24,
        }
      }
    >
      <View
        accessibilityState={
          {
            "busy": undefined,
            "checked": undefined,
            "disabled": false,
            "expanded": undefined,
            "selected": undefined,
          }
        }
        accessibilityValue={
          {
            "max": undefined,
            "min": undefined,
            "now": undefined,
            "text": undefined,
          }
        }
        accessible={true}
        collapsable={false}
        focusable={true}
        onClick={[Function]}
        onResponderGrant={[Function]}
        onResponderMove={[Function]}
        onResponderRelease={[Function]}
        onResponderTerminate={[Function]}
        onResponderTerminationRequest={[Function]}
        onStartShouldSetResponder={[Function]}
        style={
          {
            "alignItems": "center",
            "backgroundColor": "#FFFFFF",
            "borderColor": "#E6E9E4",
            "borderRadius": 12,
            "borderWidth": 1,
            "flexDirection": "row",
            "flexWrap": "nowrap",
            "minHeight": 96,
            "opacity": 1,
            "paddingHorizontal": 10,
            "paddingVertical": 10,
            "width": 714,
          }
        }
      >
        <View
          accessibilityIgnoresInvertColors={true}
          style={
            {
              "borderRadius": 8,
              "height": 76,
              "marginRight": 14,
              "width": 76,
            }
          }
        >
          <Image
            source={
              {
                "testUri": "../../../assets/iconicTaxa/img-nullobs-mammal.webp",
              }
            }
            style={
              [
                {
                  "bottom": 0,
                  "left": 0,
                  "position": "absolute",
                  "right": 0,
                  "top": 0,
                },
                {
                  "height": 76,
                  "width": 76,
                },
                {
                  "borderRadius": 8,
                  "height": 76,
                  "marginRight": 14,
                  "width": 76,
                },
              ]
            }
          />
          <Image
            style={
              {
                "borderRadius": 8,
                "height": 76,
                "marginRight": 14,
                "width": 76,
              }
            }
          />
        </View>
        <View
          style={
            {
              "flex": 1,
              "maxWidth": 220,
              "minWidth": 0,
            }
          }
        >
          <Text
            allowFontScaling={true}
            style={
              [
                {
                  "textAlign": "left",
                },
                [
                  {
                    "color": "#111512",
                    "fontFamily": "Lato-Regular",
                  },
                  {
                    "flexDirection": "row",
                    "flexWrap": "wrap",
                    "fontSize": 17,
                    "lineHeight": 22,
                  },
                  {
                    "color": "#111512",
                    "fontFamily": "Lato-Bold",
                  },
                ],
                null,
              ]
            }
          >
            Mammals
          </Text>
          <Text
            allowFontScaling={true}
            style={
              [
                {
                  "textAlign": "left",
                },
                [
                  {
                    "color": "#111512",
                    "fontFamily": "Lato-Italic",
                  },
                  {
                    "flexDirection": "row",
                    "flexWrap": "wrap",
                    "fontSize": 13,
                    "lineHeight": 18,
                    "marginTop": 3,
                  },
                  {
                    "color": "#707A72",
                  },
                ],
                null,
              ]
            }
          >
            Mammalia
          </Text>
        </View>
      </View>
    </View>
    <View
      style={
        {
          "marginBottom": 18,
          "marginLeft": 24,
        }
      }
    >
      <View
        accessibilityState={
          {
            "busy": undefined,
            "checked": undefined,
            "disabled": false,
            "expanded": undefined,
            "selected": undefined,
          }
        }
        accessibilityValue={
          {
            "max": undefined,
            "min": undefined,
            "now": undefined,
            "text": undefined,
          }
        }
        accessible={true}
        collapsable={false}
        focusable={true}
        onClick={[Function]}
        onResponderGrant={[Function]}
        onResponderMove={[Function]}
        onResponderRelease={[Function]}
        onResponderTerminate={[Function]}
        onResponderTerminationRequest={[Function]}
        onStartShouldSetResponder={[Function]}
        style={
          {
            "alignItems": "center",
            "backgroundColor": "#FFFFFF",
            "borderColor": "#E6E9E4",
            "borderRadius": 12,
            "borderWidth": 1,
            "flexDirection": "row",
            "flexWrap": "nowrap",
            "minHeight": 96,
            "opacity": 1,
            "paddingHorizontal": 10,
            "paddingVertical": 10,
            "width": 714,
          }
        }
      >
        <View
          accessibilityIgnoresInvertColors={true}
          style={
            {
              "borderRadius": 8,
              "height": 76,
              "marginRight": 14,
              "width": 76,
            }
          }
        >
          <Image
            source={
              {
                "testUri": "../../../assets/iconicTaxa/img-nullobs-amphibian.webp",
              }
            }
            style={
              [
                {
                  "bottom": 0,
                  "left": 0,
                  "position": "absolute",
                  "right": 0,
                  "top": 0,
                },
                {
                  "height": 76,
                  "width": 76,
                },
                {
                  "borderRadius": 8,
                  "height": 76,
                  "marginRight": 14,
                  "width": 76,
                },
              ]
            }
          />
          <Image
            style={
              {
                "borderRadius": 8,
                "height": 76,
                "marginRight": 14,
                "width": 76,
              }
            }
          />
        </View>
        <View
          style={
            {
              "flex": 1,
              "maxWidth": 220,
              "minWidth": 0,
            }
          }
        >
          <Text
            allowFontScaling={true}
            style={
              [
                {
                  "textAlign": "left",
                },
                [
                  {
                    "color": "#111512",
                    "fontFamily": "Lato-Regular",
                  },
                  {
                    "flexDirection": "row",
                    "flexWrap": "wrap",
                    "fontSize": 17,
                    "lineHeight": 22,
                  },
                  {
                    "color": "#111512",
                    "fontFamily": "Lato-Bold",
                  },
                ],
                null,
              ]
            }
          >
            Amphibians
          </Text>
          <Text
            allowFontScaling={true}
            style={
              [
                {
                  "textAlign": "left",
                },
                [
                  {
                    "color": "#111512",
                    "fontFamily": "Lato-Italic",
                  },
                  {
                    "flexDirection": "row",
                    "flexWrap": "wrap",
                    "fontSize": 13,
                    "lineHeight": 18,
                    "marginTop": 3,
                  },
                  {
                    "color": "#707A72",
                  },
                ],
                null,
              ]
            }
          >
            Amphibia
          </Text>
        </View>
      </View>
    </View>
    <View
      style={
        {
          "marginBottom": 18,
          "marginLeft": 24,
        }
      }
    >
      <View
        accessibilityState={
          {
            "busy": undefined,
            "checked": undefined,
            "disabled": false,
            "expanded": undefined,
            "selected": undefined,
          }
        }
        accessibilityValue={
          {
            "max": undefined,
            "min": undefined,
            "now": undefined,
            "text": undefined,
          }
        }
        accessible={true}
        collapsable={false}
        focusable={true}
        onClick={[Function]}
        onResponderGrant={[Function]}
        onResponderMove={[Function]}
        onResponderRelease={[Function]}
        onResponderTerminate={[Function]}
        onResponderTerminationRequest={[Function]}
        onStartShouldSetResponder={[Function]}
        style={
          {
            "alignItems": "center",
            "backgroundColor": "#FFFFFF",
            "borderColor": "#E6E9E4",
            "borderRadius": 12,
            "borderWidth": 1,
            "flexDirection": "row",
            "flexWrap": "nowrap",
            "minHeight": 96,
            "opacity": 1,
            "paddingHorizontal": 10,
            "paddingVertical": 10,
            "width": 714,
          }
        }
      >
        <View
          accessibilityIgnoresInvertColors={true}
          style={
            {
              "borderRadius": 8,
              "height": 76,
              "marginRight": 14,
              "width": 76,
            }
          }
        >
          <Image
            source={
              {
                "testUri": "../../../assets/iconicTaxa/img-nullobs-reptile.webp",
              }
            }
            style={
              [
                {
                  "bottom": 0,
                  "left": 0,
                  "position": "absolute",
                  "right": 0,
                  "top": 0,
                },
                {
                  "height": 76,
                  "width": 76,
                },
                {
                  "borderRadius": 8,
                  "height": 76,
                  "marginRight": 14,
                  "width": 76,
                },
              ]
            }
          />
          <Image
            style={
              {
                "borderRadius": 8,
                "height": 76,
                "marginRight": 14,
                "width": 76,
              }
            }
          />
        </View>
        <View
          style={
            {
              "flex": 1,
              "maxWidth": 220,
              "minWidth": 0,
            }
          }
        >
          <Text
            allowFontScaling={true}
            style={
              [
                {
                  "textAlign": "left",
                },
                [
                  {
                    "color": "#111512",
                    "fontFamily": "Lato-Regular",
                  },
                  {
                    "flexDirection": "row",
                    "flexWrap": "wrap",
                    "fontSize": 17,
                    "lineHeight": 22,
                  },
                  {
                    "color": "#111512",
                    "fontFamily": "Lato-Bold",
                  },
                ],
                null,
              ]
            }
          >
            Reptiles
          </Text>
          <Text
            allowFontScaling={true}
            style={
              [
                {
                  "textAlign": "left",
                },
                [
                  {
                    "color": "#111512",
                    "fontFamily": "Lato-Italic",
                  },
                  {
                    "flexDirection": "row",
                    "flexWrap": "wrap",
                    "fontSize": 13,
                    "lineHeight": 18,
                    "marginTop": 3,
                  },
                  {
                    "color": "#707A72",
                  },
                ],
                null,
              ]
            }
          >
            Reptilia
          </Text>
        </View>
      </View>
    </View>
    <View
      style={
        {
          "marginBottom": 18,
          "marginLeft": 24,
        }
      }
    >
      <View
        accessibilityState={
          {
            "busy": undefined,
            "checked": undefined,
            "disabled": false,
            "expanded": undefined,
            "selected": undefined,
          }
        }
        accessibilityValue={
          {
            "max": undefined,
            "min": undefined,
            "now": undefined,
            "text": undefined,
          }
        }
        accessible={true}
        collapsable={false}
        focusable={true}
        onClick={[Function]}
        onResponderGrant={[Function]}
        onResponderMove={[Function]}
        onResponderRelease={[Function]}
        onResponderTerminate={[Function]}
        onResponderTerminationRequest={[Function]}
        onStartShouldSetResponder={[Function]}
        style={
          {
            "alignItems": "center",
            "backgroundColor": "#FFFFFF",
            "borderColor": "#E6E9E4",
            "borderRadius": 12,
            "borderWidth": 1,
            "flexDirection": "row",
            "flexWrap": "nowrap",
            "minHeight": 96,
            "opacity": 1,
            "paddingHorizontal": 10,
            "paddingVertical": 10,
            "width": 714,
          }
        }
      >
        <View
          accessibilityIgnoresInvertColors={true}
          style={
            {
              "borderRadius": 8,
              "height": 76,
              "marginRight": 14,
              "width": 76,
            }
          }
        >
          <Image
            source={
              {
                "testUri": "../../../assets/iconicTaxa/img-nullobs-fish.webp",
              }
            }
            style={
              [
                {
                  "bottom": 0,
                  "left": 0,
                  "position": "absolute",
                  "right": 0,
                  "top": 0,
                },
                {
                  "height": 76,
                  "width": 76,
                },
                {
                  "borderRadius": 8,
                  "height": 76,
                  "marginRight": 14,
                  "width": 76,
                },
              ]
            }
          />
          <Image
            style={
              {
                "borderRadius": 8,
                "height": 76,
                "marginRight": 14,
                "width": 76,
              }
            }
          />
        </View>
        <View
          style={
            {
              "flex": 1,
              "maxWidth": 220,
              "minWidth": 0,
            }
          }
        >
          <Text
            allowFontScaling={true}
            style={
              [
                {
                  "textAlign": "left",
                },
                [
                  {
                    "color": "#111512",
                    "fontFamily": "Lato-Regular",
                  },
                  {
                    "flexDirection": "row",
                    "flexWrap": "wrap",
                    "fontSize": 17,
                    "lineHeight": 22,
                  },
                  {
                    "color": "#111512",
                    "fontFamily": "Lato-Bold",
                  },
                ],
                null,
              ]
            }
          >
            Fish
          </Text>
          <Text
            allowFontScaling={true}
            style={
              [
                {
                  "textAlign": "left",
                },
                [
                  {
                    "color": "#111512",
                    "fontFamily": "Lato-Italic",
                  },
                  {
                    "flexDirection": "row",
                    "flexWrap": "wrap",
                    "fontSize": 13,
                    "lineHeight": 18,
                    "marginTop": 3,
                  },
                  {
                    "color": "#707A72",
                  },
                ],
                null,
              ]
            }
          >
            Actinopterygii
          </Text>
        </View>
      </View>
    </View>
    <View
      style={
        {
          "marginBottom": 18,
          "marginLeft": 24,
        }
      }
    >
      <View
        accessibilityState={
          {
            "busy": undefined,
            "checked": undefined,
            "disabled": false,
            "expanded": undefined,
            "selected": undefined,
          }
        }
        accessibilityValue={
          {
            "max": undefined,
            "min": undefined,
            "now": undefined,
            "text": undefined,
          }
        }
        accessible={true}
        collapsable={false}
        focusable={true}
        onClick={[Function]}
        onResponderGrant={[Function]}
        onResponderMove={[Function]}
        onResponderRelease={[Function]}
        onResponderTerminate={[Function]}
        onResponderTerminationRequest={[Function]}
        onStartShouldSetResponder={[Function]}
        style={
          {
            "alignItems": "center",
            "backgroundColor": "#FFFFFF",
            "borderColor": "#E6E9E4",
            "borderRadius": 12,
            "borderWidth": 1,
            "flexDirection": "row",
            "flexWrap": "nowrap",
            "minHeight": 96,
            "opacity": 1,
            "paddingHorizontal": 10,
            "paddingVertical": 10,
            "width": 714,
          }
        }
      >
        <View
          accessibilityIgnoresInvertColors={true}
          style={
            {
              "borderRadius": 8,
              "height": 76,
              "marginRight": 14,
              "width": 76,
            }
          }
        >
          <Image
            source={
              {
                "testUri": "../../../assets/iconicTaxa/img-nullobs-snail.webp",
              }
            }
            style={
              [
                {
                  "bottom": 0,
                  "left": 0,
                  "position": "absolute",
                  "right": 0,
                  "top": 0,
                },
                {
                  "height": 76,
                  "width": 76,
                },
                {
                  "borderRadius": 8,
                  "height": 76,
                  "marginRight": 14,
                  "width": 76,
                },
              ]
            }
          />
          <Image
            style={
              {
                "borderRadius": 8,
                "height": 76,
                "marginRight": 14,
                "width": 76,
              }
            }
          />
        </View>
        <View
          style={
            {
              "flex": 1,
              "maxWidth": 220,
              "minWidth": 0,
            }
          }
        >
          <Text
            allowFontScaling={true}
            style={
              [
                {
                  "textAlign": "left",
                },
                [
                  {
                    "color": "#111512",
                    "fontFamily": "Lato-Regular",
                  },
                  {
                    "flexDirection": "row",
                    "flexWrap": "wrap",
                    "fontSize": 17,
                    "lineHeight": 22,
                  },
                  {
                    "color": "#111512",
                    "fontFamily": "Lato-Bold",
                  },
                ],
                null,
              ]
            }
          >
            Mollusks
          </Text>
          <Text
            allowFontScaling={true}
            style={
              [
                {
                  "textAlign": "left",
                },
                [
                  {
                    "color": "#111512",
                    "fontFamily": "Lato-Italic",
                  },
                  {
                    "flexDirection": "row",
                    "flexWrap": "wrap",
                    "fontSize": 13,
                    "lineHeight": 18,
                    "marginTop": 3,
                  },
                  {
                    "color": "#707A72",
                  },
                ],
                null,
              ]
            }
          >
            Mollusca
          </Text>
        </View>
      </View>
    </View>
    <View
      style={
        {
          "marginBottom": 18,
          "marginLeft": 24,
        }
      }
    >
      <View
        accessibilityState={
          {
            "busy": undefined,
            "checked": undefined,
            "disabled": false,
            "expanded": undefined,
            "selected": undefined,
          }
        }
        accessibilityValue={
          {
            "max": undefined,
            "min": undefined,
            "now": undefined,
            "text": undefined,
          }
        }
        accessible={true}
        collapsable={false}
        focusable={true}
        onClick={[Function]}
        onResponderGrant={[Function]}
        onResponderMove={[Function]}
        onResponderRelease={[Function]}
        onResponderTerminate={[Function]}
        onResponderTerminationRequest={[Function]}
        onStartShouldSetResponder={[Function]}
        style={
          {
            "alignItems": "center",
            "backgroundColor": "#FFFFFF",
            "borderColor": "#E6E9E4",
            "borderRadius": 12,
            "borderWidth": 1,
            "flexDirection": "row",
            "flexWrap": "nowrap",
            "minHeight": 96,
            "opacity": 1,
            "paddingHorizontal": 10,
            "paddingVertical": 10,
            "width": 714,
          }
        }
      >
        <View
          accessibilityIgnoresInvertColors={true}
          style={
            {
              "borderRadius": 8,
              "height": 76,
              "marginRight": 14,
              "width": 76,
            }
          }
        >
          <Image
            source={
              {
                "testUri": "../../../assets/iconicTaxa/img-nullobs-unknown.webp",
              }
            }
            style={
              [
                {
                  "bottom": 0,
                  "left": 0,
                  "position": "absolute",
                  "right": 0,
                  "top": 0,
                },
                {
                  "height": 76,
                  "width": 76,
                },
                {
                  "borderRadius": 8,
                  "height": 76,
                  "marginRight": 14,
                  "width": 76,
                },
              ]
            }
          />
          <Image
            style={
              {
                "borderRadius": 8,
                "height": 76,
                "marginRight": 14,
                "width": 76,
              }
            }
          />
        </View>
        <View
          style={
            {
              "flex": 1,
              "maxWidth": 220,
              "minWidth": 0,
            }
          }
        >
          <Text
            allowFontScaling={true}
            style={
              [
                {
                  "textAlign": "left",
                },
                [
                  {
                    "color": "#111512",
                    "fontFamily": "Lato-Regular",
                  },
                  {
                    "flexDirection": "row",
                    "flexWrap": "wrap",
                    "fontSize": 17,
                    "lineHeight": 22,
                  },
                  {
                    "color": "#111512",
                    "fontFamily": "Lato-Bold",
                  },
                ],
                null,
              ]
            }
          >
            Protozoans
          </Text>
          <Text
            allowFontScaling={true}
            style={
              [
                {
                  "textAlign": "left",
                },
                [
                  {
                    "color": "#111512",
                    "fontFamily": "Lato-Italic",
                  },
                  {
                    "flexDirection": "row",
                    "flexWrap": "wrap",
                    "fontSize": 13,
                    "lineHeight": 18,
                    "marginTop": 3,
                  },
                  {
                    "color": "#707A72",
                  },
                ],
                null,
              ]
            }
          >
            Protozoa
          </Text>
        </View>
      </View>
    </View>
    <View
      style={
        {
          "marginBottom": 18,
          "marginLeft": 24,
        }
      }
    >
      <View
        accessibilityState={
          {
            "busy": undefined,
            "checked": undefined,
            "disabled": false,
            "expanded": undefined,
            "selected": undefined,
          }
        }
        accessibilityValue={
          {
            "max": undefined,
            "min": undefined,
            "now": undefined,
            "text": undefined,
          }
        }
        accessible={true}
        collapsable={false}
        focusable={true}
        onClick={[Function]}
        onResponderGrant={[Function]}
        onResponderMove={[Function]}
        onResponderRelease={[Function]}
        onResponderTerminate={[Function]}
        onResponderTerminationRequest={[Function]}
        onStartShouldSetResponder={[Function]}
        style={
          {
            "alignItems": "center",
            "backgroundColor": "#FFFFFF",
            "borderColor": "#E6E9E4",
            "borderRadius": 12,
            "borderWidth": 1,
            "flexDirection": "row",
            "flexWrap": "nowrap",
            "minHeight": 96,
            "opacity": 1,
            "paddingHorizontal": 10,
            "paddingVertical": 10,
            "width": 714,
          }
        }
      >
        <View
          accessibilityIgnoresInvertColors={true}
          style={
            {
              "borderRadius": 8,
              "height": 76,
              "marginRight": 14,
              "width": 76,
            }
          }
        >
          <Image
            source={
              {
                "testUri": "../../../assets/iconicTaxa/img-nullobs-unknown.webp",
              }
            }
            style={
              [
                {
                  "bottom": 0,
                  "left": 0,
                  "position": "absolute",
                  "right": 0,
                  "top": 0,
                },
                {
                  "height": 76,
                  "width": 76,
                },
                {
                  "borderRadius": 8,
                  "height": 76,
                  "marginRight": 14,
                  "width": 76,
                },
              ]
            }
          />
          <Image
            style={
              {
                "borderRadius": 8,
                "height": 76,
                "marginRight": 14,
                "width": 76,
              }
            }
          />
        </View>
        <View
          style={
            {
              "flex": 1,
              "maxWidth": 220,
              "minWidth": 0,
            }
          }
        >
          <Text
            allowFontScaling={true}
            style={
              [
                {
                  "textAlign": "left",
                },
                [
                  {
                    "color": "#111512",
                    "fontFamily": "Lato-Regular",
                  },
                  {
                    "flexDirection": "row",
                    "flexWrap": "wrap",
                    "fontSize": 17,
                    "lineHeight": 22,
                  },
                  {
                    "color": "#111512",
                    "fontFamily": "Lato-Bold",
                  },
                ],
                null,
              ]
            }
          >
            Kelp, Diatoms, & Allies
          </Text>
          <Text
            allowFontScaling={true}
            style={
              [
                {
                  "textAlign": "left",
                },
                [
                  {
                    "color": "#111512",
                    "fontFamily": "Lato-Italic",
                  },
                  {
                    "flexDirection": "row",
                    "flexWrap": "wrap",
                    "fontSize": 13,
                    "lineHeight": 18,
                    "marginTop": 3,
                  },
                  {
                    "color": "#707A72",
                  },
                ],
                null,
              ]
            }
          >
            Chromista
          </Text>
        </View>
      </View>
    </View>
    <View
      style={
        [
          {
            "backgroundColor": "#F3F1E8",
            "paddingBottom": 60,
          },
          {
            "backgroundColor": "#F3F1E8",
          },
        ]
      }
    />
  </View>
</RNCSafeAreaView>
`;
