// Jest Snapshot v1, https://goo.gl/fbAQLP

exports[`SeekYearInReviewScreen should render correctly 1`] = `
<RNCSafeAreaView
  edges={
    {
      "bottom": "off",
      "left": "additive",
      "right": "additive",
      "top": "additive",
    }
  }
  style={
    [
      {
        "backgroundColor": "#F3F1E8",
        "flex": 1,
      },
      {
        "backgroundColor": "#F3F1E8",
      },
    ]
  }
  testID="seek-yir-screen-container"
>
  <View
    style={
      {
        "alignItems": "center",
        "backgroundColor": "#F3F1E8",
        "flexDirection": "row",
        "minHeight": 64,
        "paddingHorizontal": 16,
        "paddingVertical": 8,
      }
    }
  >
    <View
      style={
        {
          "height": 48,
          "width": 48,
        }
      }
    />
    <Text
      accessibilityRole="header"
      numberOfLines={2}
      style={
        {
          "color": "#111512",
          "flex": 1,
          "fontFamily": "Lato-Bold",
          "fontSize": 22,
          "lineHeight": 28,
          "marginHorizontal": 8,
        }
      }
    >
      Seek Year in Review
    </Text>
    <View>
      <View
        accessibilityLabel="View notifications"
        accessibilityRole="button"
        accessibilityState={
          {
            "busy": undefined,
            "checked": undefined,
            "disabled": false,
            "expanded": undefined,
            "selected": undefined,
          }
        }
        accessibilityValue={
          {
            "max": undefined,
            "min": undefined,
            "now": undefined,
            "text": undefined,
          }
        }
        accessible={true}
        collapsable={false}
        focusable={true}
        hitSlop={8}
        onBlur={[Function]}
        onClick={[Function]}
        onFocus={[Function]}
        onResponderGrant={[Function]}
        onResponderMove={[Function]}
        onResponderRelease={[Function]}
        onResponderTerminate={[Function]}
        onResponderTerminationRequest={[Function]}
        onStartShouldSetResponder={[Function]}
        style={
          [
            {
              "alignItems": "center",
              "borderRadius": 24,
              "height": 48,
              "justifyContent": "center",
              "minHeight": 48,
              "minWidth": 48,
              "width": 48,
            },
            false,
            false,
          ]
        }
      >
        <RNSVGSvgView
          align="xMidYMid"
          bbHeight={24}
          bbWidth={24}
          fill="none"
          focusable={false}
          height={24}
          meetOrSlice={0}
          minX={0}
          minY={0}
          stroke="#111512"
          strokeLinecap="round"
          strokeLinejoin="round"
          strokeWidth={2}
          style={
            [
              {
                "backgroundColor": "transparent",
                "borderWidth": 0,
              },
              {
                "flex": 0,
                "height": 24,
                "width": 24,
              },
            ]
          }
          vbHeight={24}
          vbWidth={24}
          width={24}
        >
          <RNSVGGroup
            fill={null}
            propList={
              [
                "fill",
                "stroke",
                "strokeWidth",
                "strokeLinecap",
                "strokeLinejoin",
              ]
            }
            stroke={
              {
                "payload": 4279309586,
                "type": 0,
              }
            }
            strokeLinecap={1}
            strokeLinejoin={1}
            strokeWidth={2}
          >
            <RNSVGPath
              d="M10.268 21a2 2 0 0 0 3.464 0"
              fill={
                {
                  "payload": 4278190080,
                  "type": 0,
                }
              }
            />
            <RNSVGPath
              d="M3.262 15.326A1 1 0 0 0 4 17h16a1 1 0 0 0 .74-1.673C19.41 13.956 18 12.499 18 8A6 6 0 0 0 6 8c0 4.499-1.411 5.956-2.738 7.326"
              fill={
                {
                  "payload": 4278190080,
                  "type": 0,
                }
              }
            />
          </RNSVGGroup>
        </RNSVGSvgView>
      </View>
      <View
        style={
          {
            "backgroundColor": "#E0A82E",
            "borderColor": "#FFFFFF",
            "borderRadius": 5,
            "borderWidth": 1,
            "height": 10,
            "position": "absolute",
            "right": 11,
            "top": 11,
            "width": 10,
          }
        }
        testID="unreadNotificationsIndicator"
      />
    </View>
  </View>
  <RCTScrollView
    contentContainerStyle={
      [
        {
          "backgroundColor": "#F3F1E8",
        },
        {
          "backgroundColor": "#F3F1E8",
        },
      ]
    }
    keyboardDismissMode="none"
    onScrollBeginDrag={[Function]}
  >
    <View>
      <View
        accessibilityState={
          {
            "busy": undefined,
            "checked": undefined,
            "disabled": undefined,
            "expanded": undefined,
            "selected": undefined,
          }
        }
        accessibilityValue={
          {
            "max": undefined,
            "min": undefined,
            "now": undefined,
            "text": undefined,
          }
        }
        accessible={true}
        collapsable={false}
        focusable={true}
        onClick={[Function]}
        onResponderGrant={[Function]}
        onResponderMove={[Function]}
        onResponderRelease={[Function]}
        onResponderTerminate={[Function]}
        onResponderTerminationRequest={[Function]}
        onStartShouldSetResponder={[Function]}
        style={
          {
            "opacity": 1,
          }
        }
      >
        <BVLinearGradient
          colors={
            [
              4280449101,
              4281898861,
            ]
          }
          endPoint={
            {
              "x": 0.5,
              "y": 1,
            }
          }
          locations={null}
          startPoint={
            {
              "x": 0.5,
              "y": 0,
            }
          }
          style={
            [
              {
                "minHeight": 187,
              },
              {
                "alignItems": "center",
                "justifyContent": "center",
              },
              {
                "alignItems": "center",
                "flexDirection": "row",
                "flexWrap": "nowrap",
              },
            ]
          }
        >
          <View
            style={
              {
                "marginLeft": 22,
                "paddingBottom": 26,
                "paddingTop": 25,
                "width": 170,
              }
            }
          >
            <Text
              style={
                [
                  {
                    "textAlign": "left",
                  },
                  [
                    {
                      "color": "#ffffff",
                      "fontFamily": "Lato-Regular",
                      "fontSize": 15,
                      "letterSpacing": 0.75,
                      "lineHeight": 21,
                    },
                    {
                      "marginBottom": 10,
                    },
                  ],
                  null,
                ]
              }
            >
              In 2022, you observed
            </Text>
            <Text
              style={
                [
                  {
                    "textAlign": "left",
                  },
                  {
                    "color": "#ffffff",
                    "fontFamily": "Lato-Bold",
                    "fontSize": 19,
                    "letterSpacing": 1,
                    "lineHeight": 27,
                  },
                  null,
                ]
              }
            >
              100 new species
            </Text>
          </View>
          <Image
            source={
              {
                "testUri": "../../../assets/badges/naturalist/levelbadge-3.webp",
              }
            }
            style={
              {
                "height": 136,
                "resizeMode": "contain",
                "width": 136,
              }
            }
          />
        </BVLinearGradient>
      </View>
      <View
        style={
          [
            {
              "marginHorizontal": 26,
            },
            false,
          ]
        }
      >
        <View
          style={
            [
              {
                "alignSelf": "center",
                "backgroundColor": "#DEF0E7",
                "borderRadius": 999,
                "marginBottom": 18,
                "marginTop": 24,
                "paddingHorizontal": 16,
                "paddingVertical": 8,
              },
              false,
            ]
          }
        >
          <Text
            allowFontScaling={false}
            style={
              [
                {
                  "textAlign": "left",
                },
                {
                  "color": "#14794F",
                  "fontFamily": "Lato-Bold",
                  "fontSize": 13,
                  "lineHeight": 17,
                  "textAlign": "center",
                },
                null,
              ]
            }
          >
            Top Species
          </Text>
        </View>
        <View>
          <View
            style={
              {
                "alignSelf": "center",
                "flexDirection": "row",
                "flexWrap": "wrap",
                "justifyContent": "center",
                "width": 377.25,
              }
            }
            testID="badge-container"
          >
            <View>
              <View
                accessibilityState={
                  {
                    "busy": undefined,
                    "checked": undefined,
                    "disabled": undefined,
                    "expanded": undefined,
                    "selected": undefined,
                  }
                }
                accessibilityValue={
                  {
                    "max": undefined,
                    "min": undefined,
                    "now": undefined,
                    "text": undefined,
                  }
                }
                accessible={true}
                collapsable={false}
                focusable={true}
                onClick={[Function]}
                onResponderGrant={[Function]}
                onResponderMove={[Function]}
                onResponderRelease={[Function]}
                onResponderTerminate={[Function]}
                onResponderTerminationRequest={[Function]}
                onStartShouldSetResponder={[Function]}
                style={
                  {
                    "opacity": 1,
                  }
                }
              >
                <Image
                  accessibilityLabel="1 plant!"
                  accessible={true}
                  source={
                    {
                      "testUri": "../../../assets/badges/species/badge_plant_1.webp",
                    }
                  }
                  style={
                    [
                      {
                        "height": 113.75,
                        "marginHorizontal": 6,
                        "resizeMode": "contain",
                        "width": 113.75,
                      },
                      false,
                    ]
                  }
                />
              </View>
            </View>
            <View>
              <View
                accessibilityState={
                  {
                    "busy": undefined,
                    "checked": undefined,
                    "disabled": undefined,
                    "expanded": undefined,
                    "selected": undefined,
                  }
                }
                accessibilityValue={
                  {
                    "max": undefined,
                    "min": undefined,
                    "now": undefined,
                    "text": undefined,
                  }
                }
                accessible={true}
                collapsable={false}
                focusable={true}
                onClick={[Function]}
                onResponderGrant={[Function]}
                onResponderMove={[Function]}
                onResponderRelease={[Function]}
                onResponderTerminate={[Function]}
                onResponderTerminationRequest={[Function]}
                onStartShouldSetResponder={[Function]}
                style={
                  {
                    "opacity": 1,
                  }
                }
              >
                <Image
                  accessibilityLabel="1 bird!"
                  accessible={true}
                  source={
                    {
                      "testUri": "../../../assets/badges/species/badge_bird_1.webp",
                    }
                  }
                  style={
                    [
                      {
                        "height": 113.75,
                        "marginHorizontal": 6,
                        "resizeMode": "contain",
                        "width": 113.75,
                      },
                      false,
                    ]
                  }
                />
              </View>
            </View>
            <View>
              <View
                accessibilityState={
                  {
                    "busy": undefined,
                    "checked": undefined,
                    "disabled": undefined,
                    "expanded": undefined,
                    "selected": undefined,
                  }
                }
                accessibilityValue={
                  {
                    "max": undefined,
                    "min": undefined,
                    "now": undefined,
                    "text": undefined,
                  }
                }
                accessible={true}
                collapsable={false}
                focusable={true}
                onClick={[Function]}
                onResponderGrant={[Function]}
                onResponderMove={[Function]}
                onResponderRelease={[Function]}
                onResponderTerminate={[Function]}
                onResponderTerminationRequest={[Function]}
                onStartShouldSetResponder={[Function]}
                style={
                  {
                    "opacity": 1,
                  }
                }
              >
                <Image
                  accessibilityLabel="1 mammal!"
                  accessible={true}
                  source={
                    {
                      "testUri": "../../../assets/badges/species/badge_mammal_1.webp",
                    }
                  }
                  style={
                    [
                      {
                        "height": 113.75,
                        "marginHorizontal": 6,
                        "resizeMode": "contain",
                        "width": 113.75,
                      },
                      false,
                    ]
                  }
                />
              </View>
            </View>
          </View>
        </View>
        <View
          style={
            {
              "marginTop": 12,
            }
          }
        />
        <View
          style={
            {
              "alignSelf": "center",
              "flexDirection": "row",
              "flexWrap": "wrap",
              "justifyContent": "center",
              "width": 377.20734908136484,
            }
          }
        >
          <Text
            allowFontScaling={true}
            style={
              [
                {
                  "textAlign": "left",
                },
                [
                  {
                    "letterSpacing": 0,
                  },
                  {
                    "fontSize": 16,
                    "lineHeight": 22,
                  },
                  {
                    "color": "#111512",
                    "fontFamily": "Lato-Bold",
                  },
                  {
                    "textAlign": "center",
                  },
                  {
                    "marginHorizontal": 6,
                    "width": 113.73578302712161,
                  },
                ],
                null,
              ]
            }
          >
            24
          </Text>
          <Text
            allowFontScaling={true}
            style={
              [
                {
                  "textAlign": "left",
                },
                [
                  {
                    "letterSpacing": 0,
                  },
                  {
                    "fontSize": 16,
                    "lineHeight": 22,
                  },
                  {
                    "color": "#111512",
                    "fontFamily": "Lato-Bold",
                  },
                  {
                    "textAlign": "center",
                  },
                  {
                    "marginHorizontal": 6,
                    "width": 113.73578302712161,
                  },
                ],
                null,
              ]
            }
          >
            23
          </Text>
          <Text
            allowFontScaling={true}
            style={
              [
                {
                  "textAlign": "left",
                },
                [
                  {
                    "letterSpacing": 0,
                  },
                  {
                    "fontSize": 16,
                    "lineHeight": 22,
                  },
                  {
                    "color": "#111512",
                    "fontFamily": "Lato-Bold",
                  },
                  {
                    "textAlign": "center",
                  },
                  {
                    "marginHorizontal": 6,
                    "width": 113.73578302712161,
                  },
                ],
                null,
              ]
            }
          >
            22
          </Text>
        </View>
        <View
          style={
            {
              "alignSelf": "center",
              "flexDirection": "row",
              "flexWrap": "wrap",
              "justifyContent": "center",
              "width": 377.20734908136484,
            }
          }
        >
          <Text
            style={
              [
                {
                  "textAlign": "left",
                },
                [
                  {
                    "marginHorizontal": 6,
                    "width": 113.73578302712161,
                  },
                  {
                    "color": "#111512",
                    "fontFamily": "Lato-Medium",
                    "fontSize": 18,
                    "letterSpacing": 0,
                    "lineHeight": 24,
                  },
                  {
                    "textAlign": "center",
                  },
                ],
                null,
              ]
            }
          >
            plants
          </Text>
          <Text
            style={
              [
                {
                  "textAlign": "left",
                },
                [
                  {
                    "marginHorizontal": 6,
                    "width": 113.73578302712161,
                  },
                  {
                    "color": "#111512",
                    "fontFamily": "Lato-Medium",
                    "fontSize": 18,
                    "letterSpacing": 0,
                    "lineHeight": 24,
                  },
                  {
                    "textAlign": "center",
                  },
                ],
                null,
              ]
            }
          >
            birds
          </Text>
          <Text
            style={
              [
                {
                  "textAlign": "left",
                },
                [
                  {
                    "marginHorizontal": 6,
                    "width": 113.73578302712161,
                  },
                  {
                    "color": "#111512",
                    "fontFamily": "Lato-Medium",
                    "fontSize": 18,
                    "letterSpacing": 0,
                    "lineHeight": 24,
                  },
                  {
                    "textAlign": "center",
                  },
                ],
                null,
              ]
            }
          >
            mammals
          </Text>
        </View>
        <View
          style={
            [
              {
                "alignSelf": "center",
                "backgroundColor": "#DEF0E7",
                "borderRadius": 999,
                "marginBottom": 18,
                "marginTop": 24,
                "paddingHorizontal": 16,
                "paddingVertical": 8,
              },
              false,
            ]
          }
        >
          <Text
            allowFontScaling={false}
            style={
              [
                {
                  "textAlign": "left",
                },
                {
                  "color": "#14794F",
                  "fontFamily": "Lato-Bold",
                  "fontSize": 13,
                  "lineHeight": 17,
                  "textAlign": "center",
                },
                null,
              ]
            }
          >
            Observations
          </Text>
        </View>
        <Text
          allowFontScaling={true}
          style={
            [
              {
                "textAlign": "left",
              },
              [
                {
                  "letterSpacing": 0,
                },
                {
                  "fontSize": 18,
                  "lineHeight": 24,
                },
                {
                  "color": "#111512",
                  "fontFamily": "Lato-Bold",
                },
                false,
                undefined,
              ],
              null,
            ]
          }
        >
          Observations by Month
        </Text>
        <View
          style={
            {
              "height": 18,
            }
          }
        />
        <View
          style={
            {
              "flex": 1,
              "height": 150,
            }
          }
          testID="year-in-review-chart-container"
        >
          <View
            style={
              {
                "borderBottomColor": "#297f87",
                "borderBottomWidth": 2,
                "flex": 1,
                "marginBottom": 10,
              }
            }
          >
            <View
              onLayout={[Function]}
              style={
                {
                  "flex": 1,
                }
              }
            />
          </View>
          <View>
            <View
              onLayout={[Function]}
              style={
                {
                  "flexGrow": 1,
                }
              }
            >
              <Text
                style={
                  {
                    "fontFamily": "Lato-Regular",
                    "fontSize": 18,
                    "fontWeight": undefined,
                    "opacity": 0,
                  }
                }
              >
                J
              </Text>
            </View>
          </View>
        </View>
        <View
          style={
            {
              "height": 45,
            }
          }
        />
        <Text
          allowFontScaling={true}
          style={
            [
              {
                "textAlign": "left",
              },
              [
                {
                  "letterSpacing": 0,
                },
                {
                  "fontSize": 18,
                  "lineHeight": 24,
                },
                {
                  "color": "#111512",
                  "fontFamily": "Lato-Bold",
                },
                false,
                undefined,
              ],
              null,
            ]
          }
        >
          Observations Map
        </Text>
        <View
          style={
            {
              "height": 18,
            }
          }
        />
        <View
          initialRegion={
            {
              "latitude": 0.21,
              "latitudeDelta": 84.42,
              "longitude": 0.21,
              "longitudeDelta": 84.42,
            }
          }
          onPress={[Function]}
          provider="default"
          region={
            {
              "latitude": 0.21,
              "latitudeDelta": 84.42,
              "longitude": 0.21,
              "longitudeDelta": 84.42,
            }
          }
          rotateEnabled={false}
          scrollEnabled={false}
          style={
            {
              "height": 189,
              "marginBottom": 20,
            }
          }
          zoomEnabled={false}
        >
          <View
            coordinate={
              {
                "latitude": 42,
                "longitude": -42,
              }
            }
            testID="some-uuid1"
          >
            <Image
              source={
                {
                  "testUri": "../../../assets/icons/icon-camerabutton-onmap.webp",
                }
              }
            />
          </View>
          <View
            coordinate={
              {
                "latitude": -42,
                "longitude": 42,
              }
            }
            testID="some-uuid2"
          >
            <Image
              source={
                {
                  "testUri": "../../../assets/icons/icon-camerabutton-onmap.webp",
                }
              }
            />
          </View>
          <View
            coordinate={
              {
                "latitude": 42,
                "longitude": 42,
              }
            }
            testID="some-uuid3"
          >
            <Image
              source={
                {
                  "testUri": "../../../assets/icons/icon-camerabutton-onmap.webp",
                }
              }
            />
          </View>
          <View
            coordinate={
              {
                "latitude": 42.42,
                "longitude": 42.42,
              }
            }
          >
            <Image
              source={
                {
                  "testUri": "../../../assets/icons/icon-location-onmap.webp",
                }
              }
            />
          </View>
        </View>
        <View
          accessibilityState={
            {
              "busy": undefined,
              "checked": undefined,
              "disabled": undefined,
              "expanded": undefined,
              "selected": undefined,
            }
          }
          accessibilityValue={
            {
              "max": undefined,
              "min": undefined,
              "now": undefined,
              "text": undefined,
            }
          }
          accessible={true}
          collapsable={false}
          focusable={true}
          onClick={[Function]}
          onResponderGrant={[Function]}
          onResponderMove={[Function]}
          onResponderRelease={[Function]}
          onResponderTerminate={[Function]}
          onResponderTerminationRequest={[Function]}
          onStartShouldSetResponder={[Function]}
          style={
            {
              "alignSelf": "center",
              "backgroundColor": "#14794f",
              "borderRadius": 14,
              "elevation": 2,
              "height": 64,
              "justifyContent": "center",
              "maxWidth": 317,
              "opacity": 1,
              "shadowColor": "#14794f",
              "shadowOffset": {
                "height": 7,
                "width": 0,
              },
              "shadowOpacity": 0.16,
              "shadowRadius": 12,
              "width": 317,
            }
          }
          testID="greenButton"
        >
          <Text
            allowFontScaling={true}
            style={
              [
                {
                  "textAlign": "left",
                },
                [
                  {
                    "color": "#ffffff",
                    "fontFamily": "Lato-Bold",
                    "fontSize": 15,
                    "letterSpacing": 1,
                    "lineHeight": 21,
                  },
                  {
                    "textAlign": "center",
                  },
                  undefined,
                  undefined,
                ],
                null,
              ]
            }
          >
            View Observations Map
          </Text>
        </View>
        <View
          style={
            {
              "height": 45,
            }
          }
        />
        <Text
          allowFontScaling={true}
          style={
            [
              {
                "textAlign": "left",
              },
              [
                {
                  "letterSpacing": 0,
                },
                {
                  "fontSize": 18,
                  "lineHeight": 24,
                },
                {
                  "color": "#111512",
                  "fontFamily": "Lato-Bold",
                },
                false,
                undefined,
              ],
              null,
            ]
          }
        >
          iNaturalist
        </Text>
        <View
          style={
            {
              "height": 18,
            }
          }
        />
        <Text
          style={
            [
              {
                "textAlign": "left",
              },
              [
                {
                  "color": "#111512",
                  "fontFamily": "Lato-Medium",
                  "fontSize": 18,
                  "letterSpacing": 0,
                  "lineHeight": 24,
                },
                {
                  "textAlign": "center",
                },
              ],
              null,
            ]
          }
        >
          <Text
            style={
              [
                {
                  "textAlign": "left",
                },
                [
                  {
                    "color": "#111512",
                    "fontFamily": "Lato-Medium",
                    "fontSize": 18,
                    "letterSpacing": 0,
                    "lineHeight": 24,
                  },
                  {
                    "textAlign": "center",
                  },
                ],
                null,
              ]
            }
          >
            You 
          </Text>
          <Text
            style={
              [
                {
                  "textAlign": "left",
                },
                [
                  {
                    "color": "#111512",
                    "fontFamily": "Lato-Medium",
                    "fontSize": 18,
                    "letterSpacing": 0,
                    "lineHeight": 24,
                  },
                  {
                    "textAlign": "center",
                  },
                ],
                null,
              ]
            }
          >
            posted 
          </Text>
          <Text
            allowFontScaling={true}
            style={
              [
                {
                  "textAlign": "left",
                },
                [
                  {
                    "letterSpacing": 0,
                  },
                  {
                    "fontSize": 16,
                    "lineHeight": 22,
                  },
                  {
                    "color": "#111512",
                    "fontFamily": "Lato-Bold",
                  },
                  false,
                  undefined,
                ],
                null,
              ]
            }
          >
            60 
          </Text>
          <Text
            style={
              [
                {
                  "textAlign": "left",
                },
                [
                  {
                    "color": "#111512",
                    "fontFamily": "Lato-Medium",
                    "fontSize": 18,
                    "letterSpacing": 0,
                    "lineHeight": 24,
                  },
                  {
                    "textAlign": "center",
                  },
                ],
                null,
              ]
            }
          >
            observations 
          </Text>
          <Text
            style={
              [
                {
                  "textAlign": "left",
                },
                [
                  {
                    "color": "#111512",
                    "fontFamily": "Lato-Medium",
                    "fontSize": 18,
                    "letterSpacing": 0,
                    "lineHeight": 24,
                  },
                  {
                    "textAlign": "center",
                  },
                ],
                null,
              ]
            }
          >
            to 
          </Text>
          <Text
            style={
              [
                {
                  "textAlign": "left",
                },
                [
                  {
                    "color": "#111512",
                    "fontFamily": "Lato-Medium",
                    "fontSize": 18,
                    "letterSpacing": 0,
                    "lineHeight": 24,
                  },
                  {
                    "textAlign": "center",
                  },
                ],
                null,
              ]
            }
          >
            iNaturalist 
          </Text>
          <Text
            style={
              [
                {
                  "textAlign": "left",
                },
                [
                  {
                    "color": "#111512",
                    "fontFamily": "Lato-Medium",
                    "fontSize": 18,
                    "letterSpacing": 0,
                    "lineHeight": 24,
                  },
                  {
                    "textAlign": "center",
                  },
                ],
                null,
              ]
            }
          >
            using 
          </Text>
          <Text
            style={
              [
                {
                  "textAlign": "left",
                },
                [
                  {
                    "color": "#111512",
                    "fontFamily": "Lato-Medium",
                    "fontSize": 18,
                    "letterSpacing": 0,
                    "lineHeight": 24,
                  },
                  {
                    "textAlign": "center",
                  },
                ],
                null,
              ]
            }
          >
            Seek 
          </Text>
          <Text
            style={
              [
                {
                  "textAlign": "left",
                },
                [
                  {
                    "color": "#111512",
                    "fontFamily": "Lato-Medium",
                    "fontSize": 18,
                    "letterSpacing": 0,
                    "lineHeight": 24,
                  },
                  {
                    "textAlign": "center",
                  },
                ],
                null,
              ]
            }
          >
            in 
          </Text>
          <Text
            style={
              [
                {
                  "textAlign": "left",
                },
                [
                  {
                    "color": "#111512",
                    "fontFamily": "Lato-Medium",
                    "fontSize": 18,
                    "letterSpacing": 0,
                    "lineHeight": 24,
                  },
                  {
                    "textAlign": "center",
                  },
                ],
                null,
              ]
            }
          >
            2022. 
          </Text>
        </Text>
        <View
          style={
            {
              "height": 18,
            }
          }
        />
        <Text
          style={
            [
              {
                "textAlign": "left",
              },
              [
                {
                  "color": "#111512",
                  "fontFamily": "Lato-Medium",
                  "fontSize": 18,
                  "letterSpacing": 0,
                  "lineHeight": 24,
                },
                {
                  "textAlign": "center",
                },
              ],
              null,
            ]
          }
        >
          Thank you for contributing to our community!
        </Text>
      </View>
      <View
        style={
          {
            "height": 45,
          }
        }
      />
      <View
        testID="year-in-review-photos-container"
      />
      <View
        style={
          [
            {
              "marginHorizontal": 26,
            },
            false,
          ]
        }
      >
        <View
          style={
            [
              {
                "alignSelf": "center",
                "backgroundColor": "#DEF0E7",
                "borderRadius": 999,
                "marginBottom": 18,
                "marginTop": 24,
                "paddingHorizontal": 16,
                "paddingVertical": 8,
              },
              false,
            ]
          }
        >
          <Text
            allowFontScaling={false}
            style={
              [
                {
                  "textAlign": "left",
                },
                {
                  "color": "#14794F",
                  "fontFamily": "Lato-Bold",
                  "fontSize": 13,
                  "lineHeight": 17,
                  "textAlign": "center",
                },
                null,
              ]
            }
          >
            Challenges
          </Text>
        </View>
        <Text
          style={
            [
              {
                "textAlign": "left",
              },
              [
                {
                  "color": "#111512",
                  "fontFamily": "Lato-Medium",
                  "fontSize": 18,
                  "letterSpacing": 0,
                  "lineHeight": 24,
                },
                {
                  "textAlign": "center",
                },
              ],
              null,
            ]
          }
        >
          <Text
            style={
              [
                {
                  "textAlign": "left",
                },
                [
                  {
                    "color": "#111512",
                    "fontFamily": "Lato-Medium",
                    "fontSize": 18,
                    "letterSpacing": 0,
                    "lineHeight": 24,
                  },
                  {
                    "textAlign": "center",
                  },
                ],
                null,
              ]
            }
          >
            You 
          </Text>
          <Text
            style={
              [
                {
                  "textAlign": "left",
                },
                [
                  {
                    "color": "#111512",
                    "fontFamily": "Lato-Medium",
                    "fontSize": 18,
                    "letterSpacing": 0,
                    "lineHeight": 24,
                  },
                  {
                    "textAlign": "center",
                  },
                ],
                null,
              ]
            }
          >
            earned 
          </Text>
          <Text
            allowFontScaling={true}
            style={
              [
                {
                  "textAlign": "left",
                },
                [
                  {
                    "letterSpacing": 0,
                  },
                  {
                    "fontSize": 16,
                    "lineHeight": 22,
                  },
                  {
                    "color": "#111512",
                    "fontFamily": "Lato-Bold",
                  },
                  false,
                  undefined,
                ],
                null,
              ]
            }
          >
            3 
          </Text>
          <Text
            style={
              [
                {
                  "textAlign": "left",
                },
                [
                  {
                    "color": "#111512",
                    "fontFamily": "Lato-Medium",
                    "fontSize": 18,
                    "letterSpacing": 0,
                    "lineHeight": 24,
                  },
                  {
                    "textAlign": "center",
                  },
                ],
                null,
              ]
            }
          >
            challenge 
          </Text>
          <Text
            style={
              [
                {
                  "textAlign": "left",
                },
                [
                  {
                    "color": "#111512",
                    "fontFamily": "Lato-Medium",
                    "fontSize": 18,
                    "letterSpacing": 0,
                    "lineHeight": 24,
                  },
                  {
                    "textAlign": "center",
                  },
                ],
                null,
              ]
            }
          >
            badges 
          </Text>
          <Text
            style={
              [
                {
                  "textAlign": "left",
                },
                [
                  {
                    "color": "#111512",
                    "fontFamily": "Lato-Medium",
                    "fontSize": 18,
                    "letterSpacing": 0,
                    "lineHeight": 24,
                  },
                  {
                    "textAlign": "center",
                  },
                ],
                null,
              ]
            }
          >
            in 
          </Text>
          <Text
            style={
              [
                {
                  "textAlign": "left",
                },
                [
                  {
                    "color": "#111512",
                    "fontFamily": "Lato-Medium",
                    "fontSize": 18,
                    "letterSpacing": 0,
                    "lineHeight": 24,
                  },
                  {
                    "textAlign": "center",
                  },
                ],
                null,
              ]
            }
          >
            2022. 
          </Text>
        </Text>
        <View
          style={
            {
              "height": 45,
            }
          }
        />
        <View>
          <View
            style={
              {
                "alignSelf": "center",
                "flexDirection": "row",
                "flexWrap": "wrap",
                "justifyContent": "center",
                "width": 377.25,
              }
            }
            testID="badge-container"
          >
            <View>
              <View
                accessibilityState={
                  {
                    "busy": undefined,
                    "checked": undefined,
                    "disabled": undefined,
                    "expanded": undefined,
                    "selected": undefined,
                  }
                }
                accessibilityValue={
                  {
                    "max": undefined,
                    "min": undefined,
                    "now": undefined,
                    "text": undefined,
                  }
                }
                accessible={true}
                collapsable={false}
                focusable={true}
                onClick={[Function]}
                onResponderGrant={[Function]}
                onResponderMove={[Function]}
                onResponderRelease={[Function]}
                onResponderTerminate={[Function]}
                onResponderTerminationRequest={[Function]}
                onStartShouldSetResponder={[Function]}
                style={
                  {
                    "opacity": 1,
                  }
                }
              >
                <Image
                  source={
                    {
                      "testUri": "../../../assets/badges/challenges/badge_ourplanet_april.webp",
                    }
                  }
                  style={
                    {
                      "height": 113.75,
                      "marginHorizontal": 6,
                      "resizeMode": "contain",
                      "width": 113.75,
                    }
                  }
                />
              </View>
            </View>
            <View>
              <View
                accessibilityState={
                  {
                    "busy": undefined,
                    "checked": undefined,
                    "disabled": undefined,
                    "expanded": undefined,
                    "selected": undefined,
                  }
                }
                accessibilityValue={
                  {
                    "max": undefined,
                    "min": undefined,
                    "now": undefined,
                    "text": undefined,
                  }
                }
                accessible={true}
                collapsable={false}
                focusable={true}
                onClick={[Function]}
                onResponderGrant={[Function]}
                onResponderMove={[Function]}
                onResponderRelease={[Function]}
                onResponderTerminate={[Function]}
                onResponderTerminationRequest={[Function]}
                onStartShouldSetResponder={[Function]}
                style={
                  {
                    "opacity": 1,
                  }
                }
              >
                <Image
                  source={
                    {
                      "testUri": "../../../assets/badges/challenges/badge_ourplanet_may.webp",
                    }
                  }
                  style={
                    {
                      "height": 113.75,
                      "marginHorizontal": 6,
                      "resizeMode": "contain",
                      "width": 113.75,
                    }
                  }
                />
              </View>
            </View>
            <View>
              <View
                accessibilityState={
                  {
                    "busy": undefined,
                    "checked": undefined,
                    "disabled": undefined,
                    "expanded": undefined,
                    "selected": undefined,
                  }
                }
                accessibilityValue={
                  {
                    "max": undefined,
                    "min": undefined,
                    "now": undefined,
                    "text": undefined,
                  }
                }
                accessible={true}
                collapsable={false}
                focusable={true}
                onClick={[Function]}
                onResponderGrant={[Function]}
                onResponderMove={[Function]}
                onResponderRelease={[Function]}
                onResponderTerminate={[Function]}
                onResponderTerminationRequest={[Function]}
                onStartShouldSetResponder={[Function]}
                style={
                  {
                    "opacity": 1,
                  }
                }
              >
                <Image
                  source={
                    {
                      "testUri": "../../../assets/badges/challenges/badge_ourplanet_june.webp",
                    }
                  }
                  style={
                    {
                      "height": 113.75,
                      "marginHorizontal": 6,
                      "resizeMode": "contain",
                      "width": 113.75,
                    }
                  }
                />
              </View>
            </View>
          </View>
        </View>
        <View
          style={
            {
              "marginTop": 42,
            }
          }
        />
        <Text
          style={
            [
              {
                "textAlign": "left",
              },
              [
                {
                  "color": "#111512",
                  "fontFamily": "Lato-Regular",
                  "fontSize": 15,
                  "letterSpacing": 0,
                  "lineHeight": 21,
                },
                {
                  "textAlign": "center",
                },
              ],
              null,
            ]
          }
        >
          Thank you for using Seek! We hope that this reminds you of all the interesting species you met this year.
        </Text>
        <View
          style={
            {
              "height": 18,
            }
          }
        />
        <Text
          style={
            [
              {
                "textAlign": "left",
              },
              [
                {
                  "color": "#111512",
                  "fontFamily": "Lato-Regular",
                  "fontSize": 15,
                  "letterSpacing": 0,
                  "lineHeight": 21,
                },
                {
                  "textAlign": "center",
                },
              ],
              null,
            ]
          }
        >
          As a small team, we greatly appreciate all your love and enthusiasm for Seek. If you’d like to support us as we grow, please consider donating to iNaturalist:
        </Text>
        <View
          style={
            {
              "height": 45,
            }
          }
        />
        <View
          accessibilityState={
            {
              "busy": undefined,
              "checked": undefined,
              "disabled": undefined,
              "expanded": undefined,
              "selected": undefined,
            }
          }
          accessibilityValue={
            {
              "max": undefined,
              "min": undefined,
              "now": undefined,
              "text": undefined,
            }
          }
          accessible={true}
          collapsable={false}
          focusable={true}
          onClick={[Function]}
          onResponderGrant={[Function]}
          onResponderMove={[Function]}
          onResponderRelease={[Function]}
          onResponderTerminate={[Function]}
          onResponderTerminationRequest={[Function]}
          onStartShouldSetResponder={[Function]}
          style={
            {
              "alignSelf": "center",
              "backgroundColor": "#14794f",
              "borderRadius": 14,
              "elevation": 2,
              "height": 64,
              "justifyContent": "center",
              "maxWidth": 317,
              "opacity": 1,
              "shadowColor": "#14794f",
              "shadowOffset": {
                "height": 7,
                "width": 0,
              },
              "shadowOpacity": 0.16,
              "shadowRadius": 12,
              "width": 317,
            }
          }
          testID="greenButton"
        >
          <Text
            allowFontScaling={true}
            style={
              [
                {
                  "textAlign": "left",
                },
                [
                  {
                    "color": "#ffffff",
                    "fontFamily": "Lato-Bold",
                    "fontSize": 15,
                    "letterSpacing": 1,
                    "lineHeight": 21,
                  },
                  {
                    "textAlign": "center",
                  },
                  undefined,
                  undefined,
                ],
                null,
              ]
            }
          >
            Donate
          </Text>
        </View>
      </View>
      <View
        style={
          [
            {
              "backgroundColor": "#F3F1E8",
              "paddingBottom": 60,
            },
            {
              "backgroundColor": "#F3F1E8",
            },
          ]
        }
      />
      <View
        style={
          {
            "backgroundColor": "#F3F1E8",
            "bottom": -1000,
            "height": 1050,
            "left": 0,
            "position": "absolute",
            "right": 0,
          }
        }
      />
    </View>
  </RCTScrollView>
</RNCSafeAreaView>
`;
