// Jest Snapshot v1, https://goo.gl/fbAQLP

exports[`SeekYearInReviewScreen should render correctly 1`] = `
<RNCSafeAreaView
  edges={
    {
      "bottom": "off",
      "left": "additive",
      "right": "additive",
      "top": "additive",
    }
  }
  style={
    [
      {
        "backgroundColor": "#38976d",
        "flex": 1,
      },
      {
        "backgroundColor": "#F7F6F0",
      },
    ]
  }
  testID="seek-yir-screen-container"
>
  <View
    style={
      {
        "alignItems": "center",
        "backgroundColor": "#FFFFFF",
        "borderBottomColor": "#D8E1DA",
        "borderBottomWidth": 0.5,
        "flexDirection": "row",
        "minHeight": 64,
        "paddingHorizontal": 16,
        "paddingVertical": 8,
      }
    }
  >
    <View
      style={
        {
          "height": 48,
          "width": 48,
        }
      }
    />
    <Text
      accessibilityRole="header"
      numberOfLines={2}
      style={
        {
          "color": "#17251F",
          "flex": 1,
          "fontFamily": "Lato-Bold",
          "fontSize": 20,
          "lineHeight": 26,
          "marginHorizontal": 8,
        }
      }
    >
      Seek Year in Review
    </Text>
    <View>
      <View
        accessibilityLabel="View notifications"
        accessibilityRole="button"
        accessibilityState={
          {
            "busy": undefined,
            "checked": undefined,
            "disabled": false,
            "expanded": undefined,
            "selected": undefined,
          }
        }
        accessibilityValue={
          {
            "max": undefined,
            "min": undefined,
            "now": undefined,
            "text": undefined,
          }
        }
        accessible={true}
        collapsable={false}
        focusable={true}
        hitSlop={8}
        onBlur={[Function]}
        onClick={[Function]}
        onFocus={[Function]}
        onResponderGrant={[Function]}
        onResponderMove={[Function]}
        onResponderRelease={[Function]}
        onResponderTerminate={[Function]}
        onResponderTerminationRequest={[Function]}
        onStartShouldSetResponder={[Function]}
        style={
          [
            {
              "alignItems": "center",
              "borderRadius": 24,
              "height": 48,
              "justifyContent": "center",
              "minHeight": 48,
              "minWidth": 48,
              "width": 48,
            },
            false,
            false,
          ]
        }
      >
        <Image
          accessibilityIgnoresInvertColors={true}
          resizeMode="contain"
          source={
            {
              "testUri": "../../../assets/navbar/Notifications-inactive.webp",
            }
          }
          style={
            [
              {
                "height": 24,
                "width": 24,
              },
              null,
              undefined,
            ]
          }
        />
      </View>
      <View
        style={
          {
            "backgroundColor": "#E5B84B",
            "borderColor": "#FFFFFF",
            "borderRadius": 5,
            "borderWidth": 1,
            "height": 10,
            "position": "absolute",
            "right": 11,
            "top": 11,
            "width": 10,
          }
        }
        testID="unreadNotificationsIndicator"
      />
    </View>
  </View>
  <RCTScrollView
    contentContainerStyle={
      [
        {
          "backgroundColor": "#ffffff",
        },
        {
          "backgroundColor": "#F7F6F0",
        },
      ]
    }
    keyboardDismissMode="none"
    onScroll={[Function]}
    scrollEventThrottle={0}
  >
    <View>
      <View
        accessibilityState={
          {
            "busy": undefined,
            "checked": undefined,
            "disabled": undefined,
            "expanded": undefined,
            "selected": undefined,
          }
        }
        accessibilityValue={
          {
            "max": undefined,
            "min": undefined,
            "now": undefined,
            "text": undefined,
          }
        }
        accessible={true}
        collapsable={false}
        focusable={true}
        onClick={[Function]}
        onResponderGrant={[Function]}
        onResponderMove={[Function]}
        onResponderRelease={[Function]}
        onResponderTerminate={[Function]}
        onResponderTerminationRequest={[Function]}
        onStartShouldSetResponder={[Function]}
        style={
          {
            "opacity": 1,
          }
        }
      >
        <BVLinearGradient
          colors={
            [
              4280449101,
              4281898861,
            ]
          }
          endPoint={
            {
              "x": 0.5,
              "y": 1,
            }
          }
          locations={null}
          startPoint={
            {
              "x": 0.5,
              "y": 0,
            }
          }
          style={
            [
              {
                "minHeight": 187,
              },
              {
                "alignItems": "center",
                "justifyContent": "center",
              },
              {
                "alignItems": "center",
                "flexDirection": "row",
                "flexWrap": "nowrap",
              },
            ]
          }
        >
          <View
            style={
              {
                "marginLeft": 22,
                "paddingBottom": 26,
                "paddingTop": 25,
                "width": 170,
              }
            }
          >
            <Text
              style={
                [
                  {
                    "textAlign": "left",
                  },
                  [
                    {
                      "color": "#ffffff",
                      "fontFamily": "Lato-Regular",
                      "fontSize": 15,
                      "letterSpacing": 0.75,
                      "lineHeight": 21,
                    },
                    {
                      "marginBottom": 10,
                    },
                  ],
                ]
              }
            >
              IN 2022, YOU OBSERVED
            </Text>
            <Text
              style={
                [
                  {
                    "textAlign": "left",
                  },
                  {
                    "color": "#ffffff",
                    "fontFamily": "Lato-Bold",
                    "fontSize": 19,
                    "letterSpacing": 1,
                    "lineHeight": 27,
                  },
                ]
              }
            >
              100 NEW SPECIES
            </Text>
          </View>
          <Image
            source={
              {
                "testUri": "../../../assets/badges/naturalist/levelbadge-3.webp",
              }
            }
            style={
              {
                "height": 136,
                "resizeMode": "contain",
                "width": 136,
              }
            }
          />
        </BVLinearGradient>
      </View>
      <View
        style={
          [
            {
              "marginHorizontal": 26,
            },
            false,
          ]
        }
      >
        <View
          accessibilityIgnoresInvertColors={true}
          style={
            [
              {
                "alignSelf": "center",
                "height": 48,
                "marginBottom": 32,
                "marginTop": 40,
                "paddingTop": 5,
                "width": 284,
              },
              false,
            ]
          }
        >
          <Image
            source={
              {
                "testUri": "../../../assets/icons/img-titlebanner.webp",
              }
            }
            style={
              [
                {
                  "bottom": 0,
                  "left": 0,
                  "position": "absolute",
                  "right": 0,
                  "top": 0,
                },
                {
                  "height": 48,
                  "width": 284,
                },
                undefined,
              ]
            }
          />
          <Text
            allowFontScaling={false}
            style={
              [
                {
                  "textAlign": "left",
                },
                [
                  {
                    "color": "#ffffff",
                    "fontFamily": "Lato-Bold",
                    "fontSize": 18,
                    "letterSpacing": 1,
                    "lineHeight": 22,
                  },
                  {
                    "textAlign": "center",
                  },
                ],
              ]
            }
          >
            TOP SPECIES
          </Text>
        </View>
        <View>
          <View
            style={
              {
                "alignSelf": "center",
                "flexDirection": "row",
                "flexWrap": "wrap",
                "justifyContent": "center",
                "width": 377.25,
              }
            }
            testID="badge-container"
          >
            <View>
              <View
                accessibilityState={
                  {
                    "busy": undefined,
                    "checked": undefined,
                    "disabled": undefined,
                    "expanded": undefined,
                    "selected": undefined,
                  }
                }
                accessibilityValue={
                  {
                    "max": undefined,
                    "min": undefined,
                    "now": undefined,
                    "text": undefined,
                  }
                }
                accessible={true}
                collapsable={false}
                focusable={true}
                onClick={[Function]}
                onResponderGrant={[Function]}
                onResponderMove={[Function]}
                onResponderRelease={[Function]}
                onResponderTerminate={[Function]}
                onResponderTerminationRequest={[Function]}
                onStartShouldSetResponder={[Function]}
                style={
                  {
                    "opacity": 1,
                  }
                }
              >
                <Image
                  accessibilityLabel="1 plant!"
                  accessible={true}
                  source={
                    {
                      "testUri": "../../../assets/badges/species/badge_plant_1.webp",
                    }
                  }
                  style={
                    {
                      "height": 113.75,
                      "marginHorizontal": 6,
                      "resizeMode": "contain",
                      "width": 113.75,
                    }
                  }
                />
              </View>
            </View>
            <View>
              <View
                accessibilityState={
                  {
                    "busy": undefined,
                    "checked": undefined,
                    "disabled": undefined,
                    "expanded": undefined,
                    "selected": undefined,
                  }
                }
                accessibilityValue={
                  {
                    "max": undefined,
                    "min": undefined,
                    "now": undefined,
                    "text": undefined,
                  }
                }
                accessible={true}
                collapsable={false}
                focusable={true}
                onClick={[Function]}
                onResponderGrant={[Function]}
                onResponderMove={[Function]}
                onResponderRelease={[Function]}
                onResponderTerminate={[Function]}
                onResponderTerminationRequest={[Function]}
                onStartShouldSetResponder={[Function]}
                style={
                  {
                    "opacity": 1,
                  }
                }
              >
                <Image
                  accessibilityLabel="1 bird!"
                  accessible={true}
                  source={
                    {
                      "testUri": "../../../assets/badges/species/badge_bird_1.webp",
                    }
                  }
                  style={
                    {
                      "height": 113.75,
                      "marginHorizontal": 6,
                      "resizeMode": "contain",
                      "width": 113.75,
                    }
                  }
                />
              </View>
            </View>
            <View>
              <View
                accessibilityState={
                  {
                    "busy": undefined,
                    "checked": undefined,
                    "disabled": undefined,
                    "expanded": undefined,
                    "selected": undefined,
                  }
                }
                accessibilityValue={
                  {
                    "max": undefined,
                    "min": undefined,
                    "now": undefined,
                    "text": undefined,
                  }
                }
                accessible={true}
                collapsable={false}
                focusable={true}
                onClick={[Function]}
                onResponderGrant={[Function]}
                onResponderMove={[Function]}
                onResponderRelease={[Function]}
                onResponderTerminate={[Function]}
                onResponderTerminationRequest={[Function]}
                onStartShouldSetResponder={[Function]}
                style={
                  {
                    "opacity": 1,
                  }
                }
              >
                <Image
                  accessibilityLabel="1 mammal!"
                  accessible={true}
                  source={
                    {
                      "testUri": "../../../assets/badges/species/badge_mammal_1.webp",
                    }
                  }
                  style={
                    {
                      "height": 113.75,
                      "marginHorizontal": 6,
                      "resizeMode": "contain",
                      "width": 113.75,
                    }
                  }
                />
              </View>
            </View>
          </View>
        </View>
        <View
          style={
            {
              "marginTop": 12,
            }
          }
        />
        <View
          style={
            {
              "alignSelf": "center",
              "flexDirection": "row",
              "flexWrap": "wrap",
              "justifyContent": "center",
              "width": 377.20734908136484,
            }
          }
        >
          <Text
            allowFontScaling={true}
            style={
              [
                {
                  "textAlign": "left",
                },
                [
                  {
                    "color": "#38976d",
                    "fontFamily": "Lato-Bold",
                    "fontSize": 18,
                    "letterSpacing": 1,
                    "lineHeight": 22,
                  },
                  {
                    "color": "#38976d",
                    "fontFamily": "Lato-Medium",
                    "fontSize": 18,
                    "letterSpacing": 0,
                    "lineHeight": 24,
                  },
                  false,
                  {
                    "textAlign": "center",
                  },
                  null,
                  {
                    "marginHorizontal": 6,
                    "width": 113.73578302712161,
                  },
                ],
              ]
            }
          >
            24
          </Text>
          <Text
            allowFontScaling={true}
            style={
              [
                {
                  "textAlign": "left",
                },
                [
                  {
                    "color": "#38976d",
                    "fontFamily": "Lato-Bold",
                    "fontSize": 18,
                    "letterSpacing": 1,
                    "lineHeight": 22,
                  },
                  {
                    "color": "#38976d",
                    "fontFamily": "Lato-Medium",
                    "fontSize": 18,
                    "letterSpacing": 0,
                    "lineHeight": 24,
                  },
                  false,
                  {
                    "textAlign": "center",
                  },
                  null,
                  {
                    "marginHorizontal": 6,
                    "width": 113.73578302712161,
                  },
                ],
              ]
            }
          >
            23
          </Text>
          <Text
            allowFontScaling={true}
            style={
              [
                {
                  "textAlign": "left",
                },
                [
                  {
                    "color": "#38976d",
                    "fontFamily": "Lato-Bold",
                    "fontSize": 18,
                    "letterSpacing": 1,
                    "lineHeight": 22,
                  },
                  {
                    "color": "#38976d",
                    "fontFamily": "Lato-Medium",
                    "fontSize": 18,
                    "letterSpacing": 0,
                    "lineHeight": 24,
                  },
                  false,
                  {
                    "textAlign": "center",
                  },
                  null,
                  {
                    "marginHorizontal": 6,
                    "width": 113.73578302712161,
                  },
                ],
              ]
            }
          >
            22
          </Text>
        </View>
        <View
          style={
            {
              "alignSelf": "center",
              "flexDirection": "row",
              "flexWrap": "wrap",
              "justifyContent": "center",
              "width": 377.20734908136484,
            }
          }
        >
          <Text
            style={
              [
                {
                  "textAlign": "left",
                },
                [
                  {
                    "marginHorizontal": 6,
                    "width": 113.73578302712161,
                  },
                  {
                    "color": "#000000",
                    "fontFamily": "Lato-Medium",
                    "fontSize": 18,
                    "letterSpacing": 0,
                    "lineHeight": 24,
                  },
                  {
                    "textAlign": "center",
                  },
                ],
              ]
            }
          >
            plants
          </Text>
          <Text
            style={
              [
                {
                  "textAlign": "left",
                },
                [
                  {
                    "marginHorizontal": 6,
                    "width": 113.73578302712161,
                  },
                  {
                    "color": "#000000",
                    "fontFamily": "Lato-Medium",
                    "fontSize": 18,
                    "letterSpacing": 0,
                    "lineHeight": 24,
                  },
                  {
                    "textAlign": "center",
                  },
                ],
              ]
            }
          >
            birds
          </Text>
          <Text
            style={
              [
                {
                  "textAlign": "left",
                },
                [
                  {
                    "marginHorizontal": 6,
                    "width": 113.73578302712161,
                  },
                  {
                    "color": "#000000",
                    "fontFamily": "Lato-Medium",
                    "fontSize": 18,
                    "letterSpacing": 0,
                    "lineHeight": 24,
                  },
                  {
                    "textAlign": "center",
                  },
                ],
              ]
            }
          >
            mammals
          </Text>
        </View>
        <View
          accessibilityIgnoresInvertColors={true}
          style={
            [
              {
                "alignSelf": "center",
                "height": 48,
                "marginBottom": 32,
                "marginTop": 40,
                "paddingTop": 5,
                "width": 284,
              },
              false,
            ]
          }
        >
          <Image
            source={
              {
                "testUri": "../../../assets/icons/img-titlebanner.webp",
              }
            }
            style={
              [
                {
                  "bottom": 0,
                  "left": 0,
                  "position": "absolute",
                  "right": 0,
                  "top": 0,
                },
                {
                  "height": 48,
                  "width": 284,
                },
                undefined,
              ]
            }
          />
          <Text
            allowFontScaling={false}
            style={
              [
                {
                  "textAlign": "left",
                },
                [
                  {
                    "color": "#ffffff",
                    "fontFamily": "Lato-Bold",
                    "fontSize": 18,
                    "letterSpacing": 1,
                    "lineHeight": 22,
                  },
                  {
                    "textAlign": "center",
                  },
                ],
              ]
            }
          >
            OBSERVATIONS
          </Text>
        </View>
        <Text
          allowFontScaling={true}
          style={
            [
              {
                "textAlign": "left",
              },
              [
                {
                  "color": "#38976d",
                  "fontFamily": "Lato-Bold",
                  "fontSize": 18,
                  "letterSpacing": 1,
                  "lineHeight": 22,
                },
                false,
                false,
                false,
                null,
                undefined,
              ],
            ]
          }
        >
          OBSERVATIONS BY MONTH
        </Text>
        <View
          style={
            {
              "height": 18,
            }
          }
        />
        <View
          style={
            {
              "flex": 1,
              "height": 150,
            }
          }
          testID="year-in-review-chart-container"
        >
          <View
            style={
              {
                "borderBottomColor": "#297f87",
                "borderBottomWidth": 2,
                "flex": 1,
                "marginBottom": 10,
              }
            }
          >
            <View
              onLayout={[Function]}
              style={
                {
                  "flex": 1,
                }
              }
            />
          </View>
          <View>
            <View
              onLayout={[Function]}
              style={
                {
                  "flexGrow": 1,
                }
              }
            >
              <Text
                style={
                  {
                    "fontFamily": "Lato-Regular",
                    "fontSize": 18,
                    "fontWeight": undefined,
                    "opacity": 0,
                  }
                }
              >
                J
              </Text>
            </View>
          </View>
        </View>
        <View
          style={
            {
              "height": 45,
            }
          }
        />
        <Text
          allowFontScaling={true}
          style={
            [
              {
                "textAlign": "left",
              },
              [
                {
                  "color": "#38976d",
                  "fontFamily": "Lato-Bold",
                  "fontSize": 18,
                  "letterSpacing": 1,
                  "lineHeight": 22,
                },
                false,
                false,
                false,
                null,
                undefined,
              ],
            ]
          }
        >
          OBSERVATIONS MAP
        </Text>
        <View
          style={
            {
              "height": 18,
            }
          }
        />
        <View
          initialRegion={
            {
              "latitude": 0.21,
              "latitudeDelta": 84.42,
              "longitude": 0.21,
              "longitudeDelta": 84.42,
            }
          }
          onPress={[Function]}
          provider="default"
          region={
            {
              "latitude": 0.21,
              "latitudeDelta": 84.42,
              "longitude": 0.21,
              "longitudeDelta": 84.42,
            }
          }
          rotateEnabled={false}
          scrollEnabled={false}
          style={
            {
              "height": 189,
              "marginBottom": 20,
            }
          }
          zoomEnabled={false}
        >
          <View
            coordinate={
              {
                "latitude": 42,
                "longitude": -42,
              }
            }
            testID="some-uuid1"
          >
            <Image
              source={
                {
                  "testUri": "../../../assets/icons/icon-camerabutton-onmap.webp",
                }
              }
            />
          </View>
          <View
            coordinate={
              {
                "latitude": -42,
                "longitude": 42,
              }
            }
            testID="some-uuid2"
          >
            <Image
              source={
                {
                  "testUri": "../../../assets/icons/icon-camerabutton-onmap.webp",
                }
              }
            />
          </View>
          <View
            coordinate={
              {
                "latitude": 42,
                "longitude": 42,
              }
            }
            testID="some-uuid3"
          >
            <Image
              source={
                {
                  "testUri": "../../../assets/icons/icon-camerabutton-onmap.webp",
                }
              }
            />
          </View>
          <View
            coordinate={
              {
                "latitude": 42.42,
                "longitude": 42.42,
              }
            }
          >
            <Image
              source={
                {
                  "testUri": "../../../assets/icons/icon-location-onmap.webp",
                }
              }
            />
          </View>
        </View>
        <View
          accessibilityState={
            {
              "busy": undefined,
              "checked": undefined,
              "disabled": undefined,
              "expanded": undefined,
              "selected": undefined,
            }
          }
          accessibilityValue={
            {
              "max": undefined,
              "min": undefined,
              "now": undefined,
              "text": undefined,
            }
          }
          accessible={true}
          collapsable={false}
          focusable={true}
          onClick={[Function]}
          onResponderGrant={[Function]}
          onResponderMove={[Function]}
          onResponderRelease={[Function]}
          onResponderTerminate={[Function]}
          onResponderTerminationRequest={[Function]}
          onStartShouldSetResponder={[Function]}
          style={
            {
              "alignSelf": "center",
              "backgroundColor": "#38976d",
              "borderRadius": 34,
              "height": 79,
              "justifyContent": "center",
              "maxWidth": 317,
              "opacity": 1,
              "width": 317,
            }
          }
          testID="greenButton"
        >
          <Text
            allowFontScaling={true}
            style={
              [
                {
                  "textAlign": "left",
                },
                [
                  {
                    "color": "#ffffff",
                    "fontFamily": "Lato-Bold",
                    "fontSize": 15,
                    "letterSpacing": 1,
                    "lineHeight": 21,
                  },
                  {
                    "textAlign": "center",
                  },
                  undefined,
                  undefined,
                ],
              ]
            }
          >
            VIEW OBSERVATIONS MAP
          </Text>
        </View>
        <View
          style={
            {
              "height": 45,
            }
          }
        />
        <Text
          allowFontScaling={true}
          style={
            [
              {
                "textAlign": "left",
              },
              [
                {
                  "color": "#38976d",
                  "fontFamily": "Lato-Bold",
                  "fontSize": 18,
                  "letterSpacing": 1,
                  "lineHeight": 22,
                },
                false,
                false,
                false,
                null,
                undefined,
              ],
            ]
          }
        >
          INATURALIST
        </Text>
        <View
          style={
            {
              "height": 18,
            }
          }
        />
        <Text
          style={
            [
              {
                "textAlign": "left",
              },
              [
                {
                  "color": "#000000",
                  "fontFamily": "Lato-Medium",
                  "fontSize": 18,
                  "letterSpacing": 0,
                  "lineHeight": 24,
                },
                {
                  "textAlign": "center",
                },
              ],
            ]
          }
        >
          <Text
            style={
              [
                {
                  "textAlign": "left",
                },
                [
                  {
                    "color": "#000000",
                    "fontFamily": "Lato-Medium",
                    "fontSize": 18,
                    "letterSpacing": 0,
                    "lineHeight": 24,
                  },
                  {
                    "textAlign": "center",
                  },
                ],
              ]
            }
          >
            You 
          </Text>
          <Text
            style={
              [
                {
                  "textAlign": "left",
                },
                [
                  {
                    "color": "#000000",
                    "fontFamily": "Lato-Medium",
                    "fontSize": 18,
                    "letterSpacing": 0,
                    "lineHeight": 24,
                  },
                  {
                    "textAlign": "center",
                  },
                ],
              ]
            }
          >
            posted 
          </Text>
          <Text
            allowFontScaling={true}
            style={
              [
                {
                  "textAlign": "left",
                },
                [
                  {
                    "color": "#38976d",
                    "fontFamily": "Lato-Bold",
                    "fontSize": 18,
                    "letterSpacing": 1,
                    "lineHeight": 22,
                  },
                  {
                    "color": "#38976d",
                    "fontFamily": "Lato-Medium",
                    "fontSize": 18,
                    "letterSpacing": 0,
                    "lineHeight": 24,
                  },
                  false,
                  false,
                  null,
                  undefined,
                ],
              ]
            }
          >
            60 
          </Text>
          <Text
            style={
              [
                {
                  "textAlign": "left",
                },
                [
                  {
                    "color": "#000000",
                    "fontFamily": "Lato-Medium",
                    "fontSize": 18,
                    "letterSpacing": 0,
                    "lineHeight": 24,
                  },
                  {
                    "textAlign": "center",
                  },
                ],
              ]
            }
          >
            observations 
          </Text>
          <Text
            style={
              [
                {
                  "textAlign": "left",
                },
                [
                  {
                    "color": "#000000",
                    "fontFamily": "Lato-Medium",
                    "fontSize": 18,
                    "letterSpacing": 0,
                    "lineHeight": 24,
                  },
                  {
                    "textAlign": "center",
                  },
                ],
              ]
            }
          >
            to 
          </Text>
          <Text
            style={
              [
                {
                  "textAlign": "left",
                },
                [
                  {
                    "color": "#000000",
                    "fontFamily": "Lato-Medium",
                    "fontSize": 18,
                    "letterSpacing": 0,
                    "lineHeight": 24,
                  },
                  {
                    "textAlign": "center",
                  },
                ],
              ]
            }
          >
            iNaturalist 
          </Text>
          <Text
            style={
              [
                {
                  "textAlign": "left",
                },
                [
                  {
                    "color": "#000000",
                    "fontFamily": "Lato-Medium",
                    "fontSize": 18,
                    "letterSpacing": 0,
                    "lineHeight": 24,
                  },
                  {
                    "textAlign": "center",
                  },
                ],
              ]
            }
          >
            using 
          </Text>
          <Text
            style={
              [
                {
                  "textAlign": "left",
                },
                [
                  {
                    "color": "#000000",
                    "fontFamily": "Lato-Medium",
                    "fontSize": 18,
                    "letterSpacing": 0,
                    "lineHeight": 24,
                  },
                  {
                    "textAlign": "center",
                  },
                ],
              ]
            }
          >
            Seek 
          </Text>
          <Text
            style={
              [
                {
                  "textAlign": "left",
                },
                [
                  {
                    "color": "#000000",
                    "fontFamily": "Lato-Medium",
                    "fontSize": 18,
                    "letterSpacing": 0,
                    "lineHeight": 24,
                  },
                  {
                    "textAlign": "center",
                  },
                ],
              ]
            }
          >
            in 
          </Text>
          <Text
            style={
              [
                {
                  "textAlign": "left",
                },
                [
                  {
                    "color": "#000000",
                    "fontFamily": "Lato-Medium",
                    "fontSize": 18,
                    "letterSpacing": 0,
                    "lineHeight": 24,
                  },
                  {
                    "textAlign": "center",
                  },
                ],
              ]
            }
          >
            2022. 
          </Text>
        </Text>
        <View
          style={
            {
              "height": 18,
            }
          }
        />
        <Text
          style={
            [
              {
                "textAlign": "left",
              },
              [
                {
                  "color": "#000000",
                  "fontFamily": "Lato-Medium",
                  "fontSize": 18,
                  "letterSpacing": 0,
                  "lineHeight": 24,
                },
                {
                  "textAlign": "center",
                },
              ],
            ]
          }
        >
          Thank you for contributing to our community!
        </Text>
      </View>
      <View
        style={
          {
            "height": 45,
          }
        }
      />
      <View
        testID="year-in-review-photos-container"
      />
      <View
        style={
          [
            {
              "marginHorizontal": 26,
            },
            false,
          ]
        }
      >
        <View
          accessibilityIgnoresInvertColors={true}
          style={
            [
              {
                "alignSelf": "center",
                "height": 48,
                "marginBottom": 32,
                "marginTop": 40,
                "paddingTop": 5,
                "width": 284,
              },
              false,
            ]
          }
        >
          <Image
            source={
              {
                "testUri": "../../../assets/icons/img-titlebanner.webp",
              }
            }
            style={
              [
                {
                  "bottom": 0,
                  "left": 0,
                  "position": "absolute",
                  "right": 0,
                  "top": 0,
                },
                {
                  "height": 48,
                  "width": 284,
                },
                undefined,
              ]
            }
          />
          <Text
            allowFontScaling={false}
            style={
              [
                {
                  "textAlign": "left",
                },
                [
                  {
                    "color": "#ffffff",
                    "fontFamily": "Lato-Bold",
                    "fontSize": 18,
                    "letterSpacing": 1,
                    "lineHeight": 22,
                  },
                  {
                    "textAlign": "center",
                  },
                ],
              ]
            }
          >
            CHALLENGES
          </Text>
        </View>
        <Text
          style={
            [
              {
                "textAlign": "left",
              },
              [
                {
                  "color": "#000000",
                  "fontFamily": "Lato-Medium",
                  "fontSize": 18,
                  "letterSpacing": 0,
                  "lineHeight": 24,
                },
                {
                  "textAlign": "center",
                },
              ],
            ]
          }
        >
          <Text
            style={
              [
                {
                  "textAlign": "left",
                },
                [
                  {
                    "color": "#000000",
                    "fontFamily": "Lato-Medium",
                    "fontSize": 18,
                    "letterSpacing": 0,
                    "lineHeight": 24,
                  },
                  {
                    "textAlign": "center",
                  },
                ],
              ]
            }
          >
            You 
          </Text>
          <Text
            style={
              [
                {
                  "textAlign": "left",
                },
                [
                  {
                    "color": "#000000",
                    "fontFamily": "Lato-Medium",
                    "fontSize": 18,
                    "letterSpacing": 0,
                    "lineHeight": 24,
                  },
                  {
                    "textAlign": "center",
                  },
                ],
              ]
            }
          >
            earned 
          </Text>
          <Text
            allowFontScaling={true}
            style={
              [
                {
                  "textAlign": "left",
                },
                [
                  {
                    "color": "#38976d",
                    "fontFamily": "Lato-Bold",
                    "fontSize": 18,
                    "letterSpacing": 1,
                    "lineHeight": 22,
                  },
                  {
                    "color": "#38976d",
                    "fontFamily": "Lato-Medium",
                    "fontSize": 18,
                    "letterSpacing": 0,
                    "lineHeight": 24,
                  },
                  false,
                  false,
                  null,
                  undefined,
                ],
              ]
            }
          >
            3 
          </Text>
          <Text
            style={
              [
                {
                  "textAlign": "left",
                },
                [
                  {
                    "color": "#000000",
                    "fontFamily": "Lato-Medium",
                    "fontSize": 18,
                    "letterSpacing": 0,
                    "lineHeight": 24,
                  },
                  {
                    "textAlign": "center",
                  },
                ],
              ]
            }
          >
            challenge 
          </Text>
          <Text
            style={
              [
                {
                  "textAlign": "left",
                },
                [
                  {
                    "color": "#000000",
                    "fontFamily": "Lato-Medium",
                    "fontSize": 18,
                    "letterSpacing": 0,
                    "lineHeight": 24,
                  },
                  {
                    "textAlign": "center",
                  },
                ],
              ]
            }
          >
            badges 
          </Text>
          <Text
            style={
              [
                {
                  "textAlign": "left",
                },
                [
                  {
                    "color": "#000000",
                    "fontFamily": "Lato-Medium",
                    "fontSize": 18,
                    "letterSpacing": 0,
                    "lineHeight": 24,
                  },
                  {
                    "textAlign": "center",
                  },
                ],
              ]
            }
          >
            in 
          </Text>
          <Text
            style={
              [
                {
                  "textAlign": "left",
                },
                [
                  {
                    "color": "#000000",
                    "fontFamily": "Lato-Medium",
                    "fontSize": 18,
                    "letterSpacing": 0,
                    "lineHeight": 24,
                  },
                  {
                    "textAlign": "center",
                  },
                ],
              ]
            }
          >
            2022. 
          </Text>
        </Text>
        <View
          style={
            {
              "height": 45,
            }
          }
        />
        <View>
          <View
            style={
              {
                "alignSelf": "center",
                "flexDirection": "row",
                "flexWrap": "wrap",
                "justifyContent": "center",
                "width": 377.25,
              }
            }
            testID="badge-container"
          >
            <View>
              <View
                accessibilityState={
                  {
                    "busy": undefined,
                    "checked": undefined,
                    "disabled": undefined,
                    "expanded": undefined,
                    "selected": undefined,
                  }
                }
                accessibilityValue={
                  {
                    "max": undefined,
                    "min": undefined,
                    "now": undefined,
                    "text": undefined,
                  }
                }
                accessible={true}
                collapsable={false}
                focusable={true}
                onClick={[Function]}
                onResponderGrant={[Function]}
                onResponderMove={[Function]}
                onResponderRelease={[Function]}
                onResponderTerminate={[Function]}
                onResponderTerminationRequest={[Function]}
                onStartShouldSetResponder={[Function]}
                style={
                  {
                    "opacity": 1,
                  }
                }
              >
                <Image
                  source={
                    {
                      "testUri": "../../../assets/badges/challenges/badge_ourplanet_april.webp",
                    }
                  }
                  style={
                    {
                      "height": 113.75,
                      "marginHorizontal": 6,
                      "resizeMode": "contain",
                      "width": 113.75,
                    }
                  }
                />
              </View>
            </View>
            <View>
              <View
                accessibilityState={
                  {
                    "busy": undefined,
                    "checked": undefined,
                    "disabled": undefined,
                    "expanded": undefined,
                    "selected": undefined,
                  }
                }
                accessibilityValue={
                  {
                    "max": undefined,
                    "min": undefined,
                    "now": undefined,
                    "text": undefined,
                  }
                }
                accessible={true}
                collapsable={false}
                focusable={true}
                onClick={[Function]}
                onResponderGrant={[Function]}
                onResponderMove={[Function]}
                onResponderRelease={[Function]}
                onResponderTerminate={[Function]}
                onResponderTerminationRequest={[Function]}
                onStartShouldSetResponder={[Function]}
                style={
                  {
                    "opacity": 1,
                  }
                }
              >
                <Image
                  source={
                    {
                      "testUri": "../../../assets/badges/challenges/badge_ourplanet_may.webp",
                    }
                  }
                  style={
                    {
                      "height": 113.75,
                      "marginHorizontal": 6,
                      "resizeMode": "contain",
                      "width": 113.75,
                    }
                  }
                />
              </View>
            </View>
            <View>
              <View
                accessibilityState={
                  {
                    "busy": undefined,
                    "checked": undefined,
                    "disabled": undefined,
                    "expanded": undefined,
                    "selected": undefined,
                  }
                }
                accessibilityValue={
                  {
                    "max": undefined,
                    "min": undefined,
                    "now": undefined,
                    "text": undefined,
                  }
                }
                accessible={true}
                collapsable={false}
                focusable={true}
                onClick={[Function]}
                onResponderGrant={[Function]}
                onResponderMove={[Function]}
                onResponderRelease={[Function]}
                onResponderTerminate={[Function]}
                onResponderTerminationRequest={[Function]}
                onStartShouldSetResponder={[Function]}
                style={
                  {
                    "opacity": 1,
                  }
                }
              >
                <Image
                  source={
                    {
                      "testUri": "../../../assets/badges/challenges/badge_ourplanet_june.webp",
                    }
                  }
                  style={
                    {
                      "height": 113.75,
                      "marginHorizontal": 6,
                      "resizeMode": "contain",
                      "width": 113.75,
                    }
                  }
                />
              </View>
            </View>
          </View>
        </View>
        <View
          style={
            {
              "marginTop": 42,
            }
          }
        />
        <Text
          style={
            [
              {
                "textAlign": "left",
              },
              [
                {
                  "color": "#000000",
                  "fontFamily": "Lato-Regular",
                  "fontSize": 15,
                  "letterSpacing": 0,
                  "lineHeight": 21,
                },
                {
                  "textAlign": "center",
                },
              ],
            ]
          }
        >
          Thank you for using Seek! We hope that this reminds you of all the interesting species you met this year.
        </Text>
        <View
          style={
            {
              "height": 18,
            }
          }
        />
        <Text
          style={
            [
              {
                "textAlign": "left",
              },
              [
                {
                  "color": "#000000",
                  "fontFamily": "Lato-Regular",
                  "fontSize": 15,
                  "letterSpacing": 0,
                  "lineHeight": 21,
                },
                {
                  "textAlign": "center",
                },
              ],
            ]
          }
        >
          As a small team, we greatly appreciate all your love and enthusiasm for Seek. If you’d like to support us as we grow, please consider donating to iNaturalist:
        </Text>
        <View
          style={
            {
              "height": 45,
            }
          }
        />
        <View
          accessibilityState={
            {
              "busy": undefined,
              "checked": undefined,
              "disabled": undefined,
              "expanded": undefined,
              "selected": undefined,
            }
          }
          accessibilityValue={
            {
              "max": undefined,
              "min": undefined,
              "now": undefined,
              "text": undefined,
            }
          }
          accessible={true}
          collapsable={false}
          focusable={true}
          onClick={[Function]}
          onResponderGrant={[Function]}
          onResponderMove={[Function]}
          onResponderRelease={[Function]}
          onResponderTerminate={[Function]}
          onResponderTerminationRequest={[Function]}
          onStartShouldSetResponder={[Function]}
          style={
            {
              "alignSelf": "center",
              "backgroundColor": "#38976d",
              "borderRadius": 34,
              "height": 79,
              "justifyContent": "center",
              "maxWidth": 317,
              "opacity": 1,
              "width": 317,
            }
          }
          testID="greenButton"
        >
          <Text
            allowFontScaling={true}
            style={
              [
                {
                  "textAlign": "left",
                },
                [
                  {
                    "color": "#ffffff",
                    "fontFamily": "Lato-Bold",
                    "fontSize": 15,
                    "letterSpacing": 1,
                    "lineHeight": 21,
                  },
                  {
                    "textAlign": "center",
                  },
                  undefined,
                  undefined,
                ],
              ]
            }
          >
            DONATE
          </Text>
        </View>
      </View>
      <View
        style={
          {
            "backgroundColor": "#ffffff",
            "paddingBottom": 60,
          }
        }
      />
      <View
        style={
          {
            "backgroundColor": "#ffffff",
            "bottom": -1000,
            "height": 1050,
            "left": 0,
            "position": "absolute",
            "right": 0,
          }
        }
      />
    </View>
  </RCTScrollView>
</RNCSafeAreaView>
`;
