// Jest Snapshot v1, https://goo.gl/fbAQLP

exports[`LanguagePicker should render correctly 1`] = `
<View
  style={
    {
      "paddingTop": 16,
    }
  }
>
  <Text
    style={
      [
        {
          "textAlign": "left",
        },
        {
          "color": "#38976d",
          "fontFamily": "Lato-Bold",
          "fontSize": 18,
          "letterSpacing": 1,
          "lineHeight": 22,
        },
      ]
    }
  >
    IN-APP LANGUAGE
  </Text>
  <View
    style={
      [
        {
          "alignItems": "center",
          "flexDirection": "row",
          "flexWrap": "nowrap",
        },
        {
          "marginTop": 17,
        },
      ]
    }
  >
    <View
      accessibilityState={
        {
          "disabled": false,
        }
      }
      accessibilityValue={
        {
          "max": undefined,
          "min": undefined,
          "now": undefined,
          "text": undefined,
        }
      }
      accessible={true}
      focusable={true}
      onClick={[Function]}
      onResponderGrant={[Function]}
      onResponderMove={[Function]}
      onResponderRelease={[Function]}
      onResponderTerminate={[Function]}
      onResponderTerminationRequest={[Function]}
      onStartShouldSetResponder={[Function]}
      style={
        {
          "paddingRight": 10.3,
        }
      }
    >
      <View
        style={
          {
            "alignItems": "center",
            "flexDirection": "row",
          }
        }
      >
        <Image
          source={
            {
              "testUri": "../../react-native-check-box/img/ic_check_box_outline_blank.png",
            }
          }
          style={
            {
              "tintColor": "#979797",
            }
          }
        />
      </View>
    </View>
    <Text
      onPress={[Function]}
      style={
        [
          {
            "textAlign": "left",
          },
          {
            "color": "#000000",
            "fontFamily": "Lato-Regular",
            "fontSize": 15,
            "letterSpacing": 0,
            "lineHeight": 21,
          },
        ]
      }
    >
      Use device language settings
    </Text>
  </View>
  <View
    style={
      [
        {
          "alignSelf": "stretch",
        },
        undefined,
      ]
    }
  >
    <View
      accessibilityState={
        {
          "busy": undefined,
          "checked": undefined,
          "disabled": undefined,
          "expanded": undefined,
          "selected": undefined,
        }
      }
      accessibilityValue={
        {
          "max": undefined,
          "min": undefined,
          "now": undefined,
          "text": undefined,
        }
      }
      accessible={true}
      collapsable={false}
      focusable={true}
      onClick={[Function]}
      onResponderGrant={[Function]}
      onResponderMove={[Function]}
      onResponderRelease={[Function]}
      onResponderTerminate={[Function]}
      onResponderTerminationRequest={[Function]}
      onStartShouldSetResponder={[Function]}
      style={
        {
          "opacity": 1,
        }
      }
      testID="picker"
    >
      <View
        pointerEvents="box-only"
        style={
          {
            "alignItems": "center",
            "paddingVertical": 19,
            "zIndex": -100,
          }
        }
      >
        <TextInput
          editable={false}
          style={
            [
              {
                "backgroundColor": "#38976d",
                "borderRadius": 6,
                "color": "#ffffff",
                "fontFamily": "Lato-Bold",
                "fontSize": 15,
                "letterSpacing": 1,
                "lineHeight": 21,
                "paddingBottom": 11,
                "paddingHorizontal": 18,
                "paddingTop": 12,
                "textAlign": "center",
              },
              {},
            ]
          }
          testID="text_input"
          value="AFRIKAANS"
        />
        <View
          style={
            [
              {
                "position": "absolute",
                "right": 0,
              },
              undefined,
            ]
          }
          testID="icon_container"
        />
      </View>
    </View>
  </View>
</View>
`;
