// Jest Snapshot v1, https://goo.gl/fbAQLP

exports[`LanguagePicker should render correctly 1`] = `
<View
  style={
    {
      "paddingTop": 16,
    }
  }
>
  <Text
    style={
      {
        "color": "#111512",
        "fontFamily": "Lato-Bold",
        "fontSize": 18,
        "lineHeight": 24,
        "marginBottom": 8,
      }
    }
  >
    In-app language
  </Text>
  <View
    style={
      [
        {
          "alignItems": "center",
          "flexDirection": "row",
          "flexWrap": "nowrap",
        },
        {
          "marginTop": 17,
        },
      ]
    }
  >
    <View
      accessibilityState={
        {
          "disabled": true,
        }
      }
      accessibilityValue={
        {
          "max": undefined,
          "min": undefined,
          "now": undefined,
          "text": undefined,
        }
      }
      accessible={true}
      focusable={false}
      onClick={[Function]}
      onResponderGrant={[Function]}
      onResponderMove={[Function]}
      onResponderRelease={[Function]}
      onResponderTerminate={[Function]}
      onResponderTerminationRequest={[Function]}
      onStartShouldSetResponder={[Function]}
      style={
        {
          "paddingRight": 10.3,
        }
      }
    >
      <View
        style={
          {
            "alignItems": "center",
            "flexDirection": "row",
          }
        }
      >
        <Image
          source={
            {
              "testUri": "../../react-native-check-box/img/ic_check_box.png",
            }
          }
          style={
            {
              "tintColor": "#14794F",
            }
          }
        />
      </View>
    </View>
    <Text
      onPress={[Function]}
      style={
        [
          {
            "textAlign": "left",
          },
          {
            "color": "#111512",
            "fontFamily": "Lato-Regular",
            "fontSize": 16,
            "lineHeight": 23,
          },
          null,
        ]
      }
    >
      Use device language settings
    </Text>
  </View>
  <View
    accessibilityRole="button"
    accessibilityState={
      {
        "busy": undefined,
        "checked": undefined,
        "disabled": false,
        "expanded": false,
        "selected": undefined,
      }
    }
    accessibilityValue={
      {
        "max": undefined,
        "min": undefined,
        "now": undefined,
        "text": undefined,
      }
    }
    accessible={true}
    collapsable={false}
    focusable={true}
    onBlur={[Function]}
    onClick={[Function]}
    onFocus={[Function]}
    onResponderGrant={[Function]}
    onResponderMove={[Function]}
    onResponderRelease={[Function]}
    onResponderTerminate={[Function]}
    onResponderTerminationRequest={[Function]}
    onStartShouldSetResponder={[Function]}
    testID="picker"
  >
    <View
      style={
        [
          {
            "alignItems": "center",
            "backgroundColor": "#FAF8F1",
            "borderColor": "#E6E9E4",
            "borderRadius": 10,
            "borderWidth": 1,
            "flexDirection": "row",
            "minHeight": 58,
            "paddingHorizontal": 16,
            "paddingVertical": 8,
          },
          false,
        ]
      }
    >
      <View
        style={
          {
            "flex": 1,
            "minWidth": 0,
          }
        }
      >
        <Text
          style={
            {
              "color": "#707A72",
              "fontFamily": "Lato-Regular",
              "fontSize": 12,
              "lineHeight": 16,
            }
          }
        >
          In-app language
        </Text>
        <Text
          numberOfLines={1}
          style={
            {
              "color": "#111512",
              "fontFamily": "Lato-Bold",
              "fontSize": 16,
              "lineHeight": 22,
              "marginTop": 2,
            }
          }
        >
          English
        </Text>
      </View>
      <RNSVGSvgView
        align="xMidYMid"
        bbHeight={22}
        bbWidth={22}
        fill="none"
        focusable={false}
        height={22}
        meetOrSlice={0}
        minX={0}
        minY={0}
        stroke="#14794F"
        strokeLinecap="round"
        strokeLinejoin="round"
        strokeWidth={2.2}
        style={
          [
            {
              "backgroundColor": "transparent",
              "borderWidth": 0,
            },
            {
              "flex": 0,
              "height": 22,
              "width": 22,
            },
          ]
        }
        vbHeight={24}
        vbWidth={24}
        width={22}
      >
        <RNSVGGroup
          fill={null}
          propList={
            [
              "fill",
              "stroke",
              "strokeWidth",
              "strokeLinecap",
              "strokeLinejoin",
            ]
          }
          stroke={
            {
              "payload": 4279531855,
              "type": 0,
            }
          }
          strokeLinecap={1}
          strokeLinejoin={1}
          strokeWidth={2.2}
        >
          <RNSVGPath
            d="M6 9 12 15 18 9"
            fill={
              {
                "payload": 4278190080,
                "type": 0,
              }
            }
          />
        </RNSVGGroup>
      </RNSVGSvgView>
    </View>
  </View>
</View>
`;
