// Jest Snapshot v1, https://goo.gl/fbAQLP

exports[`ChallengeScreen should render correctly 1`] = `
<RNCSafeAreaView
  edges={
    {
      "bottom": "off",
      "left": "off",
      "right": "off",
      "top": "additive",
    }
  }
  style={
    {
      "backgroundColor": "#38976d",
      "flex": 1,
    }
  }
  testID="challenge-screen-container"
>
  <View
    style={
      [
        {
          "backgroundColor": "#38976d",
          "flexDirection": "row",
          "paddingBottom": 18,
          "paddingTop": 20.5,
        },
        {
          "alignItems": "center",
          "justifyContent": "center",
        },
      ]
    }
  >
    <View
      accessibilityLabel="Go back to previous screen"
      accessibilityState={
        {
          "busy": undefined,
          "checked": undefined,
          "disabled": undefined,
          "expanded": undefined,
          "selected": undefined,
        }
      }
      accessibilityValue={
        {
          "max": undefined,
          "min": undefined,
          "now": undefined,
          "text": undefined,
        }
      }
      accessible={true}
      collapsable={false}
      focusable={true}
      onClick={[Function]}
      onResponderGrant={[Function]}
      onResponderMove={[Function]}
      onResponderRelease={[Function]}
      onResponderTerminate={[Function]}
      onResponderTerminationRequest={[Function]}
      onStartShouldSetResponder={[Function]}
      style={
        {
          "left": 0,
          "opacity": 1,
          "paddingHorizontal": 23,
          "paddingVertical": 18,
          "position": "absolute",
          "transform": [
            {
              "scaleX": 1,
            },
          ],
        }
      }
    >
      <Image
        source={
          {
            "testUri": "../../../assets/icons/back.webp",
          }
        }
        style={false}
      />
    </View>
    <Text
      allowFontScaling={false}
      style={
        [
          {
            "textAlign": "left",
          },
          [
            {
              "color": "#ffffff",
              "fontFamily": "Lato-Bold",
              "fontSize": 15,
              "letterSpacing": 1,
              "lineHeight": 21,
            },
            {
              "maxWidth": 650,
            },
          ],
        ]
      }
    >
      CHALLENGES
    </Text>
  </View>
  <View
    collapsable={false}
    onLayout={[Function]}
    style={
      [
        {
          "flex": 1,
          "overflow": "hidden",
        },
        undefined,
      ]
    }
  >
    <RCTScrollView
      collapsable={false}
      contentContainerStyle={
        {
          "backgroundColor": "#ffffff",
          "paddingBottom": 23,
        }
      }
      getItemType={[Function]}
      keyExtractor={[Function]}
      maintainVisibleContentPosition={
        {
          "minIndexForVisible": 0,
        }
      }
      onScroll={[Function]}
      removeClippedSubviews={true}
      scrollEventThrottle={1}
    >
      <View>
        <View
          style={
            {
              "height": 0,
              "left": 0,
              "position": "absolute",
              "top": 1000000,
            }
          }
        />
        <View
          style={
            {
              "height": 0,
              "marginTop": 0,
              "width": undefined,
            }
          }
        />
        <View
          style={
            {
              "height": 900,
              "marginLeft": undefined,
              "marginTop": 0,
              "opacity": 1,
              "width": undefined,
            }
          }
        >
          <View
            index={0}
            onLayout={[Function]}
            style={
              {
                "flexDirection": "column",
                "height": undefined,
                "left": 0,
                "maxHeight": undefined,
                "maxWidth": undefined,
                "minHeight": undefined,
                "minWidth": undefined,
                "opacity": 1,
                "position": "absolute",
                "top": 0,
                "width": 400,
              }
            }
          >
            <View
              style={
                {
                  "marginBottom": 10,
                  "marginLeft": 22,
                  "marginTop": 26,
                }
              }
            >
              <Text
                allowFontScaling={true}
                style={
                  [
                    {
                      "textAlign": "left",
                    },
                    [
                      {
                        "color": "#38976d",
                        "fontFamily": "Lato-Bold",
                        "fontSize": 18,
                        "letterSpacing": 1,
                        "lineHeight": 22,
                      },
                      false,
                      false,
                      false,
                      null,
                      undefined,
                    ],
                  ]
                }
              >
                IN PROGRESS
              </Text>
            </View>
          </View>
          <View
            index={1}
            onLayout={[Function]}
            style={
              {
                "flexDirection": "column",
                "height": undefined,
                "left": 0,
                "maxHeight": undefined,
                "maxWidth": undefined,
                "minHeight": undefined,
                "minWidth": undefined,
                "opacity": 1,
                "position": "absolute",
                "top": 100,
                "width": 400,
              }
            }
          >
            <View
              accessibilityState={
                {
                  "busy": undefined,
                  "checked": undefined,
                  "disabled": undefined,
                  "expanded": undefined,
                  "selected": undefined,
                }
              }
              accessibilityValue={
                {
                  "max": undefined,
                  "min": undefined,
                  "now": undefined,
                  "text": undefined,
                }
              }
              accessible={true}
              collapsable={false}
              focusable={true}
              onClick={[Function]}
              onResponderGrant={[Function]}
              onResponderMove={[Function]}
              onResponderRelease={[Function]}
              onResponderTerminate={[Function]}
              onResponderTerminationRequest={[Function]}
              onStartShouldSetResponder={[Function]}
              style={
                {
                  "alignItems": "center",
                  "flexDirection": "row",
                  "flexWrap": "nowrap",
                  "opacity": 1,
                  "paddingVertical": 12,
                }
              }
            >
              <Image
                source={
                  {
                    "testUri": "../../../assets/badges/Badge_Empty.webp",
                  }
                }
                style={
                  {
                    "height": 60,
                    "marginHorizontal": 25,
                    "resizeMode": "contain",
                    "width": 60,
                  }
                }
              />
              <View
                style={
                  {
                    "width": 530,
                  }
                }
              >
                <Text
                  style={
                    [
                      {
                        "textAlign": "left",
                      },
                      [
                        {
                          "color": "#38976d",
                          "fontFamily": "Lato-Bold",
                          "fontSize": 16,
                          "letterSpacing": 0.89,
                          "lineHeight": 20,
                        },
                        {
                          "marginBottom": 1,
                        },
                      ],
                    ]
                  }
                >
                  MIGRATION CHALLENGE
                </Text>
                <Text
                  style={
                    [
                      {
                        "textAlign": "left",
                      },
                      [
                        {
                          "color": "#000000",
                          "fontFamily": "Lato-Regular",
                        },
                        {
                          "fontSize": 13,
                          "lineHeight": 21,
                        },
                      ],
                    ]
                  }
                >
                  Seek
                   - 
                  October 2023
                </Text>
              </View>
              <View
                style={
                  {
                    "alignItems": "center",
                    "marginHorizontal": 25,
                    "width": 59,
                  }
                }
              >
                <View
                  style={
                    [
                      {
                        "alignItems": "center",
                        "justifyContent": "center",
                      },
                      {
                        "backgroundColor": "#f0f0f0",
                        "borderRadius": 29.5,
                        "height": 59,
                        "width": 59,
                      },
                    ]
                  }
                >
                  <View
                    style={
                      [
                        {
                          "left": 0,
                          "position": "absolute",
                          "top": 0,
                        },
                        {
                          "height": 59,
                          "width": 29.5,
                        },
                      ]
                    }
                  >
                    <View
                      style={
                        [
                          {
                            "borderBottomRightRadius": 0,
                            "borderTopRightRadius": 0,
                            "left": 0,
                            "position": "absolute",
                            "top": 0,
                          },
                          {
                            "backgroundColor": "#77b300",
                            "borderRadius": 29.5,
                            "height": 59,
                            "overflow": "hidden",
                            "transform": [
                              {
                                "translateX": 14.75,
                              },
                              {
                                "rotate": "0deg",
                              },
                              {
                                "translateX": -14.75,
                              },
                            ],
                            "width": 29.5,
                          },
                        ]
                      }
                    />
                  </View>
                  <View
                    style={
                      [
                        {
                          "left": 0,
                          "position": "absolute",
                          "top": 0,
                        },
                        {
                          "height": 59,
                          "width": 29.5,
                        },
                      ]
                    }
                  >
                    <View
                      style={
                        [
                          {
                            "borderBottomRightRadius": 0,
                            "borderTopRightRadius": 0,
                            "left": 0,
                            "position": "absolute",
                            "top": 0,
                          },
                          {
                            "backgroundColor": "#f0f0f0",
                            "borderRadius": 29.5,
                            "height": 59,
                            "overflow": "hidden",
                            "transform": [
                              {
                                "translateX": 14.75,
                              },
                              {
                                "rotate": "0deg",
                              },
                              {
                                "translateX": -14.75,
                              },
                            ],
                            "width": 29.5,
                          },
                        ]
                      }
                    />
                  </View>
                  <View
                    style={
                      [
                        {
                          "alignItems": "center",
                          "justifyContent": "center",
                          "overflow": "hidden",
                        },
                        {
                          "backgroundColor": "#ffffff",
                          "borderRadius": 26.5,
                          "height": 53,
                          "width": 53,
                        },
                      ]
                    }
                  >
                    <Text
                      allowFontScaling={false}
                      style={
                        [
                          {
                            "textAlign": "left",
                          },
                          [
                            {
                              "color": "#000000",
                              "fontFamily": "Lato-Regular",
                            },
                            {
                              "fontSize": 19,
                            },
                          ],
                        ]
                      }
                    >
                      0%
                    </Text>
                  </View>
                </View>
              </View>
            </View>
          </View>
          <View
            index={2}
            onLayout={[Function]}
            style={
              {
                "flexDirection": "column",
                "height": undefined,
                "left": 0,
                "maxHeight": undefined,
                "maxWidth": undefined,
                "minHeight": undefined,
                "minWidth": undefined,
                "opacity": 1,
                "position": "absolute",
                "top": 200,
                "width": 400,
              }
            }
          >
            <View
              accessibilityState={
                {
                  "busy": undefined,
                  "checked": undefined,
                  "disabled": undefined,
                  "expanded": undefined,
                  "selected": undefined,
                }
              }
              accessibilityValue={
                {
                  "max": undefined,
                  "min": undefined,
                  "now": undefined,
                  "text": undefined,
                }
              }
              accessible={true}
              collapsable={false}
              focusable={true}
              onClick={[Function]}
              onResponderGrant={[Function]}
              onResponderMove={[Function]}
              onResponderRelease={[Function]}
              onResponderTerminate={[Function]}
              onResponderTerminationRequest={[Function]}
              onStartShouldSetResponder={[Function]}
              style={
                {
                  "alignItems": "center",
                  "flexDirection": "row",
                  "flexWrap": "nowrap",
                  "opacity": 1,
                  "paddingVertical": 12,
                }
              }
            >
              <Image
                source={
                  {
                    "testUri": "../../../assets/badges/Badge_Empty.webp",
                  }
                }
                style={
                  {
                    "height": 60,
                    "marginHorizontal": 25,
                    "resizeMode": "contain",
                    "width": 60,
                  }
                }
              />
              <View
                style={
                  {
                    "width": 530,
                  }
                }
              >
                <Text
                  style={
                    [
                      {
                        "textAlign": "left",
                      },
                      [
                        {
                          "color": "#38976d",
                          "fontFamily": "Lato-Bold",
                          "fontSize": 16,
                          "letterSpacing": 0.89,
                          "lineHeight": 20,
                        },
                        {
                          "marginBottom": 1,
                        },
                      ],
                    ]
                  }
                >
                  EQUINOX CHALLENGE
                </Text>
                <Text
                  style={
                    [
                      {
                        "textAlign": "left",
                      },
                      [
                        {
                          "color": "#000000",
                          "fontFamily": "Lato-Regular",
                        },
                        {
                          "fontSize": 13,
                          "lineHeight": 21,
                        },
                      ],
                    ]
                  }
                >
                  Seek
                   - 
                  September 2023
                </Text>
              </View>
              <View
                style={
                  {
                    "alignItems": "center",
                    "marginHorizontal": 25,
                    "width": 59,
                  }
                }
              >
                <View
                  style={
                    [
                      {
                        "alignItems": "center",
                        "justifyContent": "center",
                      },
                      {
                        "backgroundColor": "#f0f0f0",
                        "borderRadius": 29.5,
                        "height": 59,
                        "width": 59,
                      },
                    ]
                  }
                >
                  <View
                    style={
                      [
                        {
                          "left": 0,
                          "position": "absolute",
                          "top": 0,
                        },
                        {
                          "height": 59,
                          "width": 29.5,
                        },
                      ]
                    }
                  >
                    <View
                      style={
                        [
                          {
                            "borderBottomRightRadius": 0,
                            "borderTopRightRadius": 0,
                            "left": 0,
                            "position": "absolute",
                            "top": 0,
                          },
                          {
                            "backgroundColor": "#77b300",
                            "borderRadius": 29.5,
                            "height": 59,
                            "overflow": "hidden",
                            "transform": [
                              {
                                "translateX": 14.75,
                              },
                              {
                                "rotate": "180deg",
                              },
                              {
                                "translateX": -14.75,
                              },
                            ],
                            "width": 29.5,
                          },
                        ]
                      }
                    />
                  </View>
                  <View
                    style={
                      [
                        {
                          "left": 0,
                          "position": "absolute",
                          "top": 0,
                        },
                        {
                          "height": 59,
                          "width": 29.5,
                        },
                      ]
                    }
                  >
                    <View
                      style={
                        [
                          {
                            "borderBottomRightRadius": 0,
                            "borderTopRightRadius": 0,
                            "left": 0,
                            "position": "absolute",
                            "top": 0,
                          },
                          {
                            "backgroundColor": "#f0f0f0",
                            "borderRadius": 29.5,
                            "height": 59,
                            "overflow": "hidden",
                            "transform": [
                              {
                                "translateX": 14.75,
                              },
                              {
                                "rotate": "0deg",
                              },
                              {
                                "translateX": -14.75,
                              },
                            ],
                            "width": 29.5,
                          },
                        ]
                      }
                    />
                  </View>
                  <View
                    style={
                      [
                        {
                          "alignItems": "center",
                          "justifyContent": "center",
                          "overflow": "hidden",
                        },
                        {
                          "backgroundColor": "#ffffff",
                          "borderRadius": 26.5,
                          "height": 53,
                          "width": 53,
                        },
                      ]
                    }
                  >
                    <Text
                      allowFontScaling={false}
                      style={
                        [
                          {
                            "textAlign": "left",
                          },
                          [
                            {
                              "color": "#000000",
                              "fontFamily": "Lato-Regular",
                            },
                            {
                              "fontSize": 19,
                            },
                          ],
                        ]
                      }
                    >
                      50%
                    </Text>
                  </View>
                </View>
              </View>
            </View>
          </View>
          <View
            index={3}
            onLayout={[Function]}
            style={
              {
                "flexDirection": "column",
                "height": undefined,
                "left": 0,
                "maxHeight": undefined,
                "maxWidth": undefined,
                "minHeight": undefined,
                "minWidth": undefined,
                "opacity": 1,
                "position": "absolute",
                "top": 300,
                "width": 400,
              }
            }
          >
            <View
              style={
                {
                  "marginBottom": 10,
                  "marginLeft": 22,
                  "marginTop": 26,
                }
              }
            >
              <Text
                allowFontScaling={true}
                style={
                  [
                    {
                      "textAlign": "left",
                    },
                    [
                      {
                        "color": "#38976d",
                        "fontFamily": "Lato-Bold",
                        "fontSize": 18,
                        "letterSpacing": 1,
                        "lineHeight": 22,
                      },
                      false,
                      false,
                      false,
                      null,
                      undefined,
                    ],
                  ]
                }
              >
                NOT STARTED
              </Text>
            </View>
          </View>
          <View
            index={4}
            onLayout={[Function]}
            style={
              {
                "flexDirection": "column",
                "height": undefined,
                "left": 0,
                "maxHeight": undefined,
                "maxWidth": undefined,
                "minHeight": undefined,
                "minWidth": undefined,
                "opacity": 1,
                "position": "absolute",
                "top": 400,
                "width": 400,
              }
            }
          >
            <View
              accessibilityState={
                {
                  "busy": undefined,
                  "checked": undefined,
                  "disabled": undefined,
                  "expanded": undefined,
                  "selected": undefined,
                }
              }
              accessibilityValue={
                {
                  "max": undefined,
                  "min": undefined,
                  "now": undefined,
                  "text": undefined,
                }
              }
              accessible={true}
              collapsable={false}
              focusable={true}
              onClick={[Function]}
              onResponderGrant={[Function]}
              onResponderMove={[Function]}
              onResponderRelease={[Function]}
              onResponderTerminate={[Function]}
              onResponderTerminationRequest={[Function]}
              onStartShouldSetResponder={[Function]}
              style={
                {
                  "alignItems": "center",
                  "flexDirection": "row",
                  "flexWrap": "nowrap",
                  "opacity": 1,
                  "paddingVertical": 12,
                }
              }
            >
              <Image
                source={
                  {
                    "testUri": "../../../assets/badges/Badge_Empty.webp",
                  }
                }
                style={
                  {
                    "height": 60,
                    "marginHorizontal": 25,
                    "resizeMode": "contain",
                    "width": 60,
                  }
                }
              />
              <View
                style={
                  {
                    "width": 530,
                  }
                }
              >
                <Text
                  style={
                    [
                      {
                        "textAlign": "left",
                      },
                      [
                        {
                          "color": "#38976d",
                          "fontFamily": "Lato-Bold",
                          "fontSize": 16,
                          "letterSpacing": 0.89,
                          "lineHeight": 20,
                        },
                        {
                          "marginBottom": 1,
                        },
                      ],
                    ]
                  }
                >
                  ECOLOGY CHALLENGE
                </Text>
                <Text
                  style={
                    [
                      {
                        "textAlign": "left",
                      },
                      [
                        {
                          "color": "#000000",
                          "fontFamily": "Lato-Regular",
                        },
                        {
                          "fontSize": 13,
                          "lineHeight": 21,
                        },
                      ],
                    ]
                  }
                >
                  Seek
                   - 
                  December 2023
                </Text>
              </View>
              <View
                style={
                  {
                    "alignItems": "center",
                    "marginHorizontal": 25,
                    "width": 59,
                  }
                }
              >
                <Text
                  accessibilityLabel="Start nowseek_2023_challenges.december_2023_challenge_name_ecology"
                  accessible={true}
                  allowFontScaling={false}
                  onPress={[Function]}
                  style={
                    [
                      {
                        "textAlign": "left",
                      },
                      [
                        {
                          "color": "#38976d",
                          "fontFamily": "Lato-Bold",
                          "fontSize": 13,
                          "lineHeight": 17,
                        },
                        {
                          "textAlign": "center",
                        },
                      ],
                    ]
                  }
                >
                  START NOW
                </Text>
              </View>
            </View>
          </View>
          <View
            index={5}
            onLayout={[Function]}
            style={
              {
                "flexDirection": "column",
                "height": undefined,
                "left": 0,
                "maxHeight": undefined,
                "maxWidth": undefined,
                "minHeight": undefined,
                "minWidth": undefined,
                "opacity": 1,
                "position": "absolute",
                "top": 500,
                "width": 400,
              }
            }
          >
            <View
              accessibilityState={
                {
                  "busy": undefined,
                  "checked": undefined,
                  "disabled": undefined,
                  "expanded": undefined,
                  "selected": undefined,
                }
              }
              accessibilityValue={
                {
                  "max": undefined,
                  "min": undefined,
                  "now": undefined,
                  "text": undefined,
                }
              }
              accessible={true}
              collapsable={false}
              focusable={true}
              onClick={[Function]}
              onResponderGrant={[Function]}
              onResponderMove={[Function]}
              onResponderRelease={[Function]}
              onResponderTerminate={[Function]}
              onResponderTerminationRequest={[Function]}
              onStartShouldSetResponder={[Function]}
              style={
                {
                  "alignItems": "center",
                  "flexDirection": "row",
                  "flexWrap": "nowrap",
                  "opacity": 1,
                  "paddingVertical": 12,
                }
              }
            >
              <Image
                source={
                  {
                    "testUri": "../../../assets/badges/Badge_Empty.webp",
                  }
                }
                style={
                  {
                    "height": 60,
                    "marginHorizontal": 25,
                    "resizeMode": "contain",
                    "width": 60,
                  }
                }
              />
              <View
                style={
                  {
                    "width": 530,
                  }
                }
              >
                <Text
                  style={
                    [
                      {
                        "textAlign": "left",
                      },
                      [
                        {
                          "color": "#38976d",
                          "fontFamily": "Lato-Bold",
                          "fontSize": 16,
                          "letterSpacing": 0.89,
                          "lineHeight": 20,
                        },
                        {
                          "marginBottom": 1,
                        },
                      ],
                    ]
                  }
                >
                  INSECT CHALLENGE
                </Text>
                <Text
                  style={
                    [
                      {
                        "textAlign": "left",
                      },
                      [
                        {
                          "color": "#000000",
                          "fontFamily": "Lato-Regular",
                        },
                        {
                          "fontSize": 13,
                          "lineHeight": 21,
                        },
                      ],
                    ]
                  }
                >
                  Seek
                   - 
                  August 2023
                </Text>
              </View>
              <View
                style={
                  {
                    "alignItems": "center",
                    "marginHorizontal": 25,
                    "width": 59,
                  }
                }
              >
                <Text
                  accessibilityLabel="Start nowseek_2023_challenges.august_2023_challenge_name_insect"
                  accessible={true}
                  allowFontScaling={false}
                  onPress={[Function]}
                  style={
                    [
                      {
                        "textAlign": "left",
                      },
                      [
                        {
                          "color": "#38976d",
                          "fontFamily": "Lato-Bold",
                          "fontSize": 13,
                          "lineHeight": 17,
                        },
                        {
                          "textAlign": "center",
                        },
                      ],
                    ]
                  }
                >
                  START NOW
                </Text>
              </View>
            </View>
          </View>
          <View
            index={6}
            onLayout={[Function]}
            style={
              {
                "flexDirection": "column",
                "height": undefined,
                "left": 0,
                "maxHeight": undefined,
                "maxWidth": undefined,
                "minHeight": undefined,
                "minWidth": undefined,
                "opacity": 1,
                "position": "absolute",
                "top": 600,
                "width": 400,
              }
            }
          >
            <View
              style={
                {
                  "marginBottom": 10,
                  "marginLeft": 22,
                  "marginTop": 26,
                }
              }
            >
              <Text
                allowFontScaling={true}
                style={
                  [
                    {
                      "textAlign": "left",
                    },
                    [
                      {
                        "color": "#38976d",
                        "fontFamily": "Lato-Bold",
                        "fontSize": 18,
                        "letterSpacing": 1,
                        "lineHeight": 22,
                      },
                      false,
                      false,
                      false,
                      null,
                      undefined,
                    ],
                  ]
                }
              >
                COMPLETED
              </Text>
            </View>
          </View>
          <View
            index={7}
            onLayout={[Function]}
            style={
              {
                "flexDirection": "column",
                "height": undefined,
                "left": 0,
                "maxHeight": undefined,
                "maxWidth": undefined,
                "minHeight": undefined,
                "minWidth": undefined,
                "opacity": 1,
                "position": "absolute",
                "top": 700,
                "width": 400,
              }
            }
          >
            <View
              accessibilityState={
                {
                  "busy": undefined,
                  "checked": undefined,
                  "disabled": undefined,
                  "expanded": undefined,
                  "selected": undefined,
                }
              }
              accessibilityValue={
                {
                  "max": undefined,
                  "min": undefined,
                  "now": undefined,
                  "text": undefined,
                }
              }
              accessible={true}
              collapsable={false}
              focusable={true}
              onClick={[Function]}
              onResponderGrant={[Function]}
              onResponderMove={[Function]}
              onResponderRelease={[Function]}
              onResponderTerminate={[Function]}
              onResponderTerminationRequest={[Function]}
              onStartShouldSetResponder={[Function]}
              style={
                {
                  "alignItems": "center",
                  "flexDirection": "row",
                  "flexWrap": "nowrap",
                  "opacity": 1,
                  "paddingVertical": 12,
                }
              }
            >
              <Image
                source={
                  {
                    "testUri": "../../../assets/badges/challenges/badge_ourplanet_october.webp",
                  }
                }
                style={
                  {
                    "height": 60,
                    "marginHorizontal": 25,
                    "resizeMode": "contain",
                    "width": 60,
                  }
                }
              />
              <View
                style={
                  {
                    "width": 530,
                  }
                }
              >
                <Text
                  style={
                    [
                      {
                        "textAlign": "left",
                      },
                      [
                        {
                          "color": "#38976d",
                          "fontFamily": "Lato-Bold",
                          "fontSize": 16,
                          "letterSpacing": 0.89,
                          "lineHeight": 20,
                        },
                        {
                          "marginBottom": 1,
                        },
                      ],
                    ]
                  }
                >
                  HIGH SEAS CHALLENGE
                </Text>
                <Text
                  style={
                    [
                      {
                        "textAlign": "left",
                      },
                      [
                        {
                          "color": "#000000",
                          "fontFamily": "Lato-Regular",
                        },
                        {
                          "fontSize": 13,
                          "lineHeight": 21,
                        },
                      ],
                    ]
                  }
                >
                  Our Planet
                   - 
                  October 2019
                </Text>
              </View>
              <View
                style={
                  {
                    "alignItems": "center",
                    "marginHorizontal": 25,
                    "width": 59,
                  }
                }
              >
                <Image
                  source={
                    {
                      "testUri": "../../../assets/icons/icon-completed.webp",
                    }
                  }
                />
              </View>
            </View>
          </View>
          <View
            index={8}
            onLayout={[Function]}
            style={
              {
                "flexDirection": "column",
                "height": undefined,
                "left": 0,
                "maxHeight": undefined,
                "maxWidth": undefined,
                "minHeight": undefined,
                "minWidth": undefined,
                "opacity": 1,
                "position": "absolute",
                "top": 800,
                "width": 400,
              }
            }
          >
            <View
              accessibilityState={
                {
                  "busy": undefined,
                  "checked": undefined,
                  "disabled": undefined,
                  "expanded": undefined,
                  "selected": undefined,
                }
              }
              accessibilityValue={
                {
                  "max": undefined,
                  "min": undefined,
                  "now": undefined,
                  "text": undefined,
                }
              }
              accessible={true}
              collapsable={false}
              focusable={true}
              onClick={[Function]}
              onResponderGrant={[Function]}
              onResponderMove={[Function]}
              onResponderRelease={[Function]}
              onResponderTerminate={[Function]}
              onResponderTerminationRequest={[Function]}
              onStartShouldSetResponder={[Function]}
              style={
                {
                  "alignItems": "center",
                  "flexDirection": "row",
                  "flexWrap": "nowrap",
                  "opacity": 1,
                  "paddingVertical": 12,
                }
              }
            >
              <Image
                source={
                  {
                    "testUri": "../../../assets/badges/challenges/badge_ourplanet_september.webp",
                  }
                }
                style={
                  {
                    "height": 60,
                    "marginHorizontal": 25,
                    "resizeMode": "contain",
                    "width": 60,
                  }
                }
              />
              <View
                style={
                  {
                    "width": 530,
                  }
                }
              >
                <Text
                  style={
                    [
                      {
                        "textAlign": "left",
                      },
                      [
                        {
                          "color": "#38976d",
                          "fontFamily": "Lato-Bold",
                          "fontSize": 16,
                          "letterSpacing": 0.89,
                          "lineHeight": 20,
                        },
                        {
                          "marginBottom": 1,
                        },
                      ],
                    ]
                  }
                >
                  FRESHWATER CHALLENGE
                </Text>
                <Text
                  style={
                    [
                      {
                        "textAlign": "left",
                      },
                      [
                        {
                          "color": "#000000",
                          "fontFamily": "Lato-Regular",
                        },
                        {
                          "fontSize": 13,
                          "lineHeight": 21,
                        },
                      ],
                    ]
                  }
                >
                  Our Planet
                   - 
                  September 2019
                </Text>
              </View>
              <View
                style={
                  {
                    "alignItems": "center",
                    "marginHorizontal": 25,
                    "width": 59,
                  }
                }
              >
                <Image
                  source={
                    {
                      "testUri": "../../../assets/icons/icon-completed.webp",
                    }
                  }
                />
              </View>
            </View>
          </View>
        </View>
      </View>
    </RCTScrollView>
  </View>
  <RNCSafeAreaView
    edges={
      {
        "bottom": "additive",
        "left": "additive",
        "right": "additive",
        "top": "off",
      }
    }
    style={
      {
        "backgroundColor": "#ffffff",
      }
    }
  >
    <View
      accessibilityIgnoresInvertColors={true}
      style={
        {
          "height": 74,
          "justifyContent": "flex-end",
        }
      }
    >
      <Image
        source={
          {
            "testUri": "../../../assets/backgrounds/img-navbar.webp",
          }
        }
        style={
          [
            {
              "bottom": 0,
              "left": 0,
              "position": "absolute",
              "right": 0,
              "top": 0,
            },
            {
              "height": 74,
              "width": undefined,
            },
            undefined,
          ]
        }
      />
      <View
        style={
          [
            {
              "backgroundColor": "#ffffff",
              "height": 70,
              "justifyContent": "space-between",
            },
            {
              "alignItems": "center",
              "flexDirection": "row",
              "flexWrap": "nowrap",
            },
            {
              "shadowColor": "#000000",
              "shadowOffset": {
                "height": -3,
                "width": 0,
              },
              "shadowOpacity": 0.2,
              "shadowRadius": 2,
            },
          ]
        }
      >
        <View
          accessibilityLabel="Open menu"
          accessibilityState={
            {
              "busy": undefined,
              "checked": undefined,
              "disabled": undefined,
              "expanded": undefined,
              "selected": undefined,
            }
          }
          accessibilityValue={
            {
              "max": undefined,
              "min": undefined,
              "now": undefined,
              "text": undefined,
            }
          }
          accessible={true}
          collapsable={false}
          focusable={true}
          onClick={[Function]}
          onResponderGrant={[Function]}
          onResponderMove={[Function]}
          onResponderRelease={[Function]}
          onResponderTerminate={[Function]}
          onResponderTerminationRequest={[Function]}
          onStartShouldSetResponder={[Function]}
          style={
            {
              "left": 10,
              "opacity": 1,
              "padding": 20,
            }
          }
        >
          <Image
            source={
              {
                "testUri": "../../../assets/navbar/Menu.webp",
              }
            }
          />
        </View>
        <View
          accessibilityLabel="Open camera"
          accessibilityState={
            {
              "busy": undefined,
              "checked": undefined,
              "disabled": undefined,
              "expanded": undefined,
              "selected": undefined,
            }
          }
          accessibilityValue={
            {
              "max": undefined,
              "min": undefined,
              "now": undefined,
              "text": undefined,
            }
          }
          accessible={true}
          collapsable={false}
          focusable={true}
          onClick={[Function]}
          onResponderGrant={[Function]}
          onResponderMove={[Function]}
          onResponderRelease={[Function]}
          onResponderTerminate={[Function]}
          onResponderTerminationRequest={[Function]}
          onStartShouldSetResponder={[Function]}
          style={
            {
              "marginBottom": 50,
              "marginLeft": 8,
              "opacity": 1,
            }
          }
          testID="openCameraButton"
        >
          <Image
            source={
              {
                "testUri": "../../../assets/navbar/icon-camerabutton.webp",
              }
            }
            style={
              {
                "height": 94,
                "width": 94,
              }
            }
          />
        </View>
        <View
          accessibilityLabel="View notifications"
          accessibilityState={
            {
              "busy": undefined,
              "checked": undefined,
              "disabled": undefined,
              "expanded": undefined,
              "selected": undefined,
            }
          }
          accessibilityValue={
            {
              "max": undefined,
              "min": undefined,
              "now": undefined,
              "text": undefined,
            }
          }
          accessible={true}
          collapsable={false}
          focusable={true}
          onClick={[Function]}
          onResponderGrant={[Function]}
          onResponderMove={[Function]}
          onResponderRelease={[Function]}
          onResponderTerminate={[Function]}
          onResponderTerminationRequest={[Function]}
          onStartShouldSetResponder={[Function]}
          style={
            {
              "opacity": 1,
              "padding": 24,
              "right": 10,
            }
          }
        >
          <Image
            source={
              {
                "testUri": "../../../assets/navbar/Notifications-inactive.webp",
              }
            }
          />
        </View>
      </View>
    </View>
  </RNCSafeAreaView>
</RNCSafeAreaView>
`;
