// Jest Snapshot v1, https://goo.gl/fbAQLP

exports[`ChallengeScreen should render correctly 1`] = `
<RNCSafeAreaView
  edges={
    {
      "bottom": "off",
      "left": "additive",
      "right": "additive",
      "top": "additive",
    }
  }
  style={
    [
      {
        "backgroundColor": "#38976d",
        "flex": 1,
      },
      {
        "backgroundColor": "#F7F6F0",
      },
    ]
  }
  testID="challenge-screen-container"
>
  <View
    style={
      {
        "alignItems": "center",
        "backgroundColor": "#FFFFFF",
        "borderBottomColor": "#D8E1DA",
        "borderBottomWidth": 0.5,
        "flexDirection": "row",
        "minHeight": 64,
        "paddingHorizontal": 16,
        "paddingVertical": 8,
      }
    }
  >
    <View
      style={
        {
          "height": 48,
          "width": 48,
        }
      }
    />
    <Text
      accessibilityRole="header"
      numberOfLines={2}
      style={
        {
          "color": "#17251F",
          "flex": 1,
          "fontFamily": "Lato-Bold",
          "fontSize": 20,
          "lineHeight": 26,
          "marginHorizontal": 8,
        }
      }
    >
      Challenges
    </Text>
    <View>
      <View
        accessibilityLabel="View notifications"
        accessibilityRole="button"
        accessibilityState={
          {
            "busy": undefined,
            "checked": undefined,
            "disabled": false,
            "expanded": undefined,
            "selected": undefined,
          }
        }
        accessibilityValue={
          {
            "max": undefined,
            "min": undefined,
            "now": undefined,
            "text": undefined,
          }
        }
        accessible={true}
        collapsable={false}
        focusable={true}
        hitSlop={8}
        onBlur={[Function]}
        onClick={[Function]}
        onFocus={[Function]}
        onResponderGrant={[Function]}
        onResponderMove={[Function]}
        onResponderRelease={[Function]}
        onResponderTerminate={[Function]}
        onResponderTerminationRequest={[Function]}
        onStartShouldSetResponder={[Function]}
        style={
          [
            {
              "alignItems": "center",
              "borderRadius": 24,
              "height": 48,
              "justifyContent": "center",
              "minHeight": 48,
              "minWidth": 48,
              "width": 48,
            },
            false,
            false,
          ]
        }
      >
        <Image
          accessibilityIgnoresInvertColors={true}
          resizeMode="contain"
          source={
            {
              "testUri": "../../../assets/navbar/Notifications-inactive.webp",
            }
          }
          style={
            [
              {
                "height": 24,
                "width": 24,
              },
              null,
              undefined,
            ]
          }
        />
      </View>
      <View
        style={
          {
            "backgroundColor": "#E5B84B",
            "borderColor": "#FFFFFF",
            "borderRadius": 5,
            "borderWidth": 1,
            "height": 10,
            "position": "absolute",
            "right": 11,
            "top": 11,
            "width": 10,
          }
        }
        testID="unreadNotificationsIndicator"
      />
    </View>
  </View>
  <View
    style={
      {
        "backgroundColor": "#F7F6F0",
        "flex": 1,
      }
    }
  >
    <View
      onScroll={[Function]}
    >
      <View
        style={
          {
            "marginBottom": 10,
            "marginLeft": 22,
            "marginTop": 26,
          }
        }
      >
        <Text
          allowFontScaling={true}
          style={
            [
              {
                "textAlign": "left",
              },
              [
                {
                  "color": "#38976d",
                  "fontFamily": "Lato-Bold",
                  "fontSize": 18,
                  "letterSpacing": 1,
                  "lineHeight": 22,
                },
                false,
                false,
                false,
                null,
                undefined,
              ],
            ]
          }
        >
          IN PROGRESS
        </Text>
      </View>
      <View
        accessibilityState={
          {
            "busy": undefined,
            "checked": undefined,
            "disabled": undefined,
            "expanded": undefined,
            "selected": undefined,
          }
        }
        accessibilityValue={
          {
            "max": undefined,
            "min": undefined,
            "now": undefined,
            "text": undefined,
          }
        }
        accessible={true}
        collapsable={false}
        focusable={true}
        onClick={[Function]}
        onResponderGrant={[Function]}
        onResponderMove={[Function]}
        onResponderRelease={[Function]}
        onResponderTerminate={[Function]}
        onResponderTerminationRequest={[Function]}
        onStartShouldSetResponder={[Function]}
        style={
          {
            "alignItems": "center",
            "flexDirection": "row",
            "flexWrap": "nowrap",
            "opacity": 1,
            "paddingVertical": 12,
          }
        }
      >
        <Image
          source={
            {
              "testUri": "../../../assets/badges/Badge_Empty.webp",
            }
          }
          style={
            {
              "height": 60,
              "marginHorizontal": 25,
              "resizeMode": "contain",
              "width": 60,
            }
          }
        />
        <View
          style={
            {
              "width": 530,
            }
          }
        >
          <Text
            style={
              [
                {
                  "textAlign": "left",
                },
                [
                  {
                    "color": "#38976d",
                    "fontFamily": "Lato-Bold",
                    "fontSize": 16,
                    "letterSpacing": 0.89,
                    "lineHeight": 20,
                  },
                  {
                    "marginBottom": 1,
                  },
                ],
              ]
            }
          >
            MIGRATION CHALLENGE
          </Text>
          <Text
            style={
              [
                {
                  "textAlign": "left",
                },
                [
                  {
                    "color": "#000000",
                    "fontFamily": "Lato-Regular",
                  },
                  {
                    "fontSize": 13,
                    "lineHeight": 21,
                  },
                ],
              ]
            }
          >
            Seek - October 2023
          </Text>
        </View>
        <View
          style={
            {
              "alignItems": "center",
              "marginHorizontal": 25,
              "width": 59,
            }
          }
        >
          <View
            style={
              [
                {
                  "alignItems": "center",
                  "justifyContent": "center",
                },
                {
                  "backgroundColor": "#f0f0f0",
                  "borderRadius": 29.5,
                  "height": 59,
                  "width": 59,
                },
              ]
            }
          >
            <View
              style={
                [
                  {
                    "left": 0,
                    "position": "absolute",
                    "top": 0,
                  },
                  {
                    "height": 59,
                    "width": 29.5,
                  },
                ]
              }
            >
              <View
                style={
                  [
                    {
                      "borderBottomRightRadius": 0,
                      "borderTopRightRadius": 0,
                      "left": 0,
                      "position": "absolute",
                      "top": 0,
                    },
                    {
                      "backgroundColor": "#77b300",
                      "borderRadius": 29.5,
                      "height": 59,
                      "overflow": "hidden",
                      "transform": [
                        {
                          "translateX": 14.75,
                        },
                        {
                          "rotate": "0deg",
                        },
                        {
                          "translateX": -14.75,
                        },
                      ],
                      "width": 29.5,
                    },
                  ]
                }
              />
            </View>
            <View
              style={
                [
                  {
                    "left": 0,
                    "position": "absolute",
                    "top": 0,
                  },
                  {
                    "height": 59,
                    "width": 29.5,
                  },
                ]
              }
            >
              <View
                style={
                  [
                    {
                      "borderBottomRightRadius": 0,
                      "borderTopRightRadius": 0,
                      "left": 0,
                      "position": "absolute",
                      "top": 0,
                    },
                    {
                      "backgroundColor": "#f0f0f0",
                      "borderRadius": 29.5,
                      "height": 59,
                      "overflow": "hidden",
                      "transform": [
                        {
                          "translateX": 14.75,
                        },
                        {
                          "rotate": "0deg",
                        },
                        {
                          "translateX": -14.75,
                        },
                      ],
                      "width": 29.5,
                    },
                  ]
                }
              />
            </View>
            <View
              style={
                [
                  {
                    "alignItems": "center",
                    "justifyContent": "center",
                    "overflow": "hidden",
                  },
                  {
                    "backgroundColor": "#ffffff",
                    "borderRadius": 26.5,
                    "height": 53,
                    "width": 53,
                  },
                ]
              }
            >
              <Text
                allowFontScaling={false}
                style={
                  [
                    {
                      "textAlign": "left",
                    },
                    [
                      {
                        "color": "#000000",
                        "fontFamily": "Lato-Regular",
                      },
                      {
                        "fontSize": 19,
                      },
                    ],
                  ]
                }
              >
                0%
              </Text>
            </View>
          </View>
        </View>
      </View>
      <View
        accessibilityState={
          {
            "busy": undefined,
            "checked": undefined,
            "disabled": undefined,
            "expanded": undefined,
            "selected": undefined,
          }
        }
        accessibilityValue={
          {
            "max": undefined,
            "min": undefined,
            "now": undefined,
            "text": undefined,
          }
        }
        accessible={true}
        collapsable={false}
        focusable={true}
        onClick={[Function]}
        onResponderGrant={[Function]}
        onResponderMove={[Function]}
        onResponderRelease={[Function]}
        onResponderTerminate={[Function]}
        onResponderTerminationRequest={[Function]}
        onStartShouldSetResponder={[Function]}
        style={
          {
            "alignItems": "center",
            "flexDirection": "row",
            "flexWrap": "nowrap",
            "opacity": 1,
            "paddingVertical": 12,
          }
        }
      >
        <Image
          source={
            {
              "testUri": "../../../assets/badges/Badge_Empty.webp",
            }
          }
          style={
            {
              "height": 60,
              "marginHorizontal": 25,
              "resizeMode": "contain",
              "width": 60,
            }
          }
        />
        <View
          style={
            {
              "width": 530,
            }
          }
        >
          <Text
            style={
              [
                {
                  "textAlign": "left",
                },
                [
                  {
                    "color": "#38976d",
                    "fontFamily": "Lato-Bold",
                    "fontSize": 16,
                    "letterSpacing": 0.89,
                    "lineHeight": 20,
                  },
                  {
                    "marginBottom": 1,
                  },
                ],
              ]
            }
          >
            EQUINOX CHALLENGE
          </Text>
          <Text
            style={
              [
                {
                  "textAlign": "left",
                },
                [
                  {
                    "color": "#000000",
                    "fontFamily": "Lato-Regular",
                  },
                  {
                    "fontSize": 13,
                    "lineHeight": 21,
                  },
                ],
              ]
            }
          >
            Seek - September 2023
          </Text>
        </View>
        <View
          style={
            {
              "alignItems": "center",
              "marginHorizontal": 25,
              "width": 59,
            }
          }
        >
          <View
            style={
              [
                {
                  "alignItems": "center",
                  "justifyContent": "center",
                },
                {
                  "backgroundColor": "#f0f0f0",
                  "borderRadius": 29.5,
                  "height": 59,
                  "width": 59,
                },
              ]
            }
          >
            <View
              style={
                [
                  {
                    "left": 0,
                    "position": "absolute",
                    "top": 0,
                  },
                  {
                    "height": 59,
                    "width": 29.5,
                  },
                ]
              }
            >
              <View
                style={
                  [
                    {
                      "borderBottomRightRadius": 0,
                      "borderTopRightRadius": 0,
                      "left": 0,
                      "position": "absolute",
                      "top": 0,
                    },
                    {
                      "backgroundColor": "#77b300",
                      "borderRadius": 29.5,
                      "height": 59,
                      "overflow": "hidden",
                      "transform": [
                        {
                          "translateX": 14.75,
                        },
                        {
                          "rotate": "180deg",
                        },
                        {
                          "translateX": -14.75,
                        },
                      ],
                      "width": 29.5,
                    },
                  ]
                }
              />
            </View>
            <View
              style={
                [
                  {
                    "left": 0,
                    "position": "absolute",
                    "top": 0,
                  },
                  {
                    "height": 59,
                    "width": 29.5,
                  },
                ]
              }
            >
              <View
                style={
                  [
                    {
                      "borderBottomRightRadius": 0,
                      "borderTopRightRadius": 0,
                      "left": 0,
                      "position": "absolute",
                      "top": 0,
                    },
                    {
                      "backgroundColor": "#f0f0f0",
                      "borderRadius": 29.5,
                      "height": 59,
                      "overflow": "hidden",
                      "transform": [
                        {
                          "translateX": 14.75,
                        },
                        {
                          "rotate": "0deg",
                        },
                        {
                          "translateX": -14.75,
                        },
                      ],
                      "width": 29.5,
                    },
                  ]
                }
              />
            </View>
            <View
              style={
                [
                  {
                    "alignItems": "center",
                    "justifyContent": "center",
                    "overflow": "hidden",
                  },
                  {
                    "backgroundColor": "#ffffff",
                    "borderRadius": 26.5,
                    "height": 53,
                    "width": 53,
                  },
                ]
              }
            >
              <Text
                allowFontScaling={false}
                style={
                  [
                    {
                      "textAlign": "left",
                    },
                    [
                      {
                        "color": "#000000",
                        "fontFamily": "Lato-Regular",
                      },
                      {
                        "fontSize": 19,
                      },
                    ],
                  ]
                }
              >
                50%
              </Text>
            </View>
          </View>
        </View>
      </View>
      <View
        style={
          {
            "marginBottom": 10,
            "marginLeft": 22,
            "marginTop": 26,
          }
        }
      >
        <Text
          allowFontScaling={true}
          style={
            [
              {
                "textAlign": "left",
              },
              [
                {
                  "color": "#38976d",
                  "fontFamily": "Lato-Bold",
                  "fontSize": 18,
                  "letterSpacing": 1,
                  "lineHeight": 22,
                },
                false,
                false,
                false,
                null,
                undefined,
              ],
            ]
          }
        >
          NOT STARTED
        </Text>
      </View>
      <View
        accessibilityState={
          {
            "busy": undefined,
            "checked": undefined,
            "disabled": undefined,
            "expanded": undefined,
            "selected": undefined,
          }
        }
        accessibilityValue={
          {
            "max": undefined,
            "min": undefined,
            "now": undefined,
            "text": undefined,
          }
        }
        accessible={true}
        collapsable={false}
        focusable={true}
        onClick={[Function]}
        onResponderGrant={[Function]}
        onResponderMove={[Function]}
        onResponderRelease={[Function]}
        onResponderTerminate={[Function]}
        onResponderTerminationRequest={[Function]}
        onStartShouldSetResponder={[Function]}
        style={
          {
            "alignItems": "center",
            "flexDirection": "row",
            "flexWrap": "nowrap",
            "opacity": 1,
            "paddingVertical": 12,
          }
        }
      >
        <Image
          source={
            {
              "testUri": "../../../assets/badges/Badge_Empty.webp",
            }
          }
          style={
            {
              "height": 60,
              "marginHorizontal": 25,
              "resizeMode": "contain",
              "width": 60,
            }
          }
        />
        <View
          style={
            {
              "width": 530,
            }
          }
        >
          <Text
            style={
              [
                {
                  "textAlign": "left",
                },
                [
                  {
                    "color": "#38976d",
                    "fontFamily": "Lato-Bold",
                    "fontSize": 16,
                    "letterSpacing": 0.89,
                    "lineHeight": 20,
                  },
                  {
                    "marginBottom": 1,
                  },
                ],
              ]
            }
          >
            ECOLOGY CHALLENGE
          </Text>
          <Text
            style={
              [
                {
                  "textAlign": "left",
                },
                [
                  {
                    "color": "#000000",
                    "fontFamily": "Lato-Regular",
                  },
                  {
                    "fontSize": 13,
                    "lineHeight": 21,
                  },
                ],
              ]
            }
          >
            Seek - December 2023
          </Text>
        </View>
        <View
          style={
            {
              "alignItems": "center",
              "marginHorizontal": 25,
              "width": 59,
            }
          }
        >
          <Text
            accessibilityLabel="Start nowseek_2023_challenges.december_2023_challenge_name_ecology"
            accessible={true}
            allowFontScaling={false}
            onPress={[Function]}
            style={
              [
                {
                  "textAlign": "left",
                },
                [
                  {
                    "color": "#38976d",
                    "fontFamily": "Lato-Bold",
                    "fontSize": 13,
                    "lineHeight": 17,
                  },
                  {
                    "textAlign": "center",
                  },
                ],
              ]
            }
          >
            START NOW
          </Text>
        </View>
      </View>
      <View
        accessibilityState={
          {
            "busy": undefined,
            "checked": undefined,
            "disabled": undefined,
            "expanded": undefined,
            "selected": undefined,
          }
        }
        accessibilityValue={
          {
            "max": undefined,
            "min": undefined,
            "now": undefined,
            "text": undefined,
          }
        }
        accessible={true}
        collapsable={false}
        focusable={true}
        onClick={[Function]}
        onResponderGrant={[Function]}
        onResponderMove={[Function]}
        onResponderRelease={[Function]}
        onResponderTerminate={[Function]}
        onResponderTerminationRequest={[Function]}
        onStartShouldSetResponder={[Function]}
        style={
          {
            "alignItems": "center",
            "flexDirection": "row",
            "flexWrap": "nowrap",
            "opacity": 1,
            "paddingVertical": 12,
          }
        }
      >
        <Image
          source={
            {
              "testUri": "../../../assets/badges/Badge_Empty.webp",
            }
          }
          style={
            {
              "height": 60,
              "marginHorizontal": 25,
              "resizeMode": "contain",
              "width": 60,
            }
          }
        />
        <View
          style={
            {
              "width": 530,
            }
          }
        >
          <Text
            style={
              [
                {
                  "textAlign": "left",
                },
                [
                  {
                    "color": "#38976d",
                    "fontFamily": "Lato-Bold",
                    "fontSize": 16,
                    "letterSpacing": 0.89,
                    "lineHeight": 20,
                  },
                  {
                    "marginBottom": 1,
                  },
                ],
              ]
            }
          >
            INSECT CHALLENGE
          </Text>
          <Text
            style={
              [
                {
                  "textAlign": "left",
                },
                [
                  {
                    "color": "#000000",
                    "fontFamily": "Lato-Regular",
                  },
                  {
                    "fontSize": 13,
                    "lineHeight": 21,
                  },
                ],
              ]
            }
          >
            Seek - August 2023
          </Text>
        </View>
        <View
          style={
            {
              "alignItems": "center",
              "marginHorizontal": 25,
              "width": 59,
            }
          }
        >
          <Text
            accessibilityLabel="Start nowseek_2023_challenges.august_2023_challenge_name_insect"
            accessible={true}
            allowFontScaling={false}
            onPress={[Function]}
            style={
              [
                {
                  "textAlign": "left",
                },
                [
                  {
                    "color": "#38976d",
                    "fontFamily": "Lato-Bold",
                    "fontSize": 13,
                    "lineHeight": 17,
                  },
                  {
                    "textAlign": "center",
                  },
                ],
              ]
            }
          >
            START NOW
          </Text>
        </View>
      </View>
      <View
        style={
          {
            "marginBottom": 10,
            "marginLeft": 22,
            "marginTop": 26,
          }
        }
      >
        <Text
          allowFontScaling={true}
          style={
            [
              {
                "textAlign": "left",
              },
              [
                {
                  "color": "#38976d",
                  "fontFamily": "Lato-Bold",
                  "fontSize": 18,
                  "letterSpacing": 1,
                  "lineHeight": 22,
                },
                false,
                false,
                false,
                null,
                undefined,
              ],
            ]
          }
        >
          COMPLETED
        </Text>
      </View>
      <View
        accessibilityState={
          {
            "busy": undefined,
            "checked": undefined,
            "disabled": undefined,
            "expanded": undefined,
            "selected": undefined,
          }
        }
        accessibilityValue={
          {
            "max": undefined,
            "min": undefined,
            "now": undefined,
            "text": undefined,
          }
        }
        accessible={true}
        collapsable={false}
        focusable={true}
        onClick={[Function]}
        onResponderGrant={[Function]}
        onResponderMove={[Function]}
        onResponderRelease={[Function]}
        onResponderTerminate={[Function]}
        onResponderTerminationRequest={[Function]}
        onStartShouldSetResponder={[Function]}
        style={
          {
            "alignItems": "center",
            "flexDirection": "row",
            "flexWrap": "nowrap",
            "opacity": 1,
            "paddingVertical": 12,
          }
        }
      >
        <Image
          source={
            {
              "testUri": "../../../assets/badges/challenges/badge_ourplanet_october.webp",
            }
          }
          style={
            {
              "height": 60,
              "marginHorizontal": 25,
              "resizeMode": "contain",
              "width": 60,
            }
          }
        />
        <View
          style={
            {
              "width": 530,
            }
          }
        >
          <Text
            style={
              [
                {
                  "textAlign": "left",
                },
                [
                  {
                    "color": "#38976d",
                    "fontFamily": "Lato-Bold",
                    "fontSize": 16,
                    "letterSpacing": 0.89,
                    "lineHeight": 20,
                  },
                  {
                    "marginBottom": 1,
                  },
                ],
              ]
            }
          >
            HIGH SEAS CHALLENGE
          </Text>
          <Text
            style={
              [
                {
                  "textAlign": "left",
                },
                [
                  {
                    "color": "#000000",
                    "fontFamily": "Lato-Regular",
                  },
                  {
                    "fontSize": 13,
                    "lineHeight": 21,
                  },
                ],
              ]
            }
          >
            Our Planet - October 2019
          </Text>
        </View>
        <View
          style={
            {
              "alignItems": "center",
              "marginHorizontal": 25,
              "width": 59,
            }
          }
        >
          <Image
            source={
              {
                "testUri": "../../../assets/icons/icon-completed.webp",
              }
            }
          />
        </View>
      </View>
      <View
        accessibilityState={
          {
            "busy": undefined,
            "checked": undefined,
            "disabled": undefined,
            "expanded": undefined,
            "selected": undefined,
          }
        }
        accessibilityValue={
          {
            "max": undefined,
            "min": undefined,
            "now": undefined,
            "text": undefined,
          }
        }
        accessible={true}
        collapsable={false}
        focusable={true}
        onClick={[Function]}
        onResponderGrant={[Function]}
        onResponderMove={[Function]}
        onResponderRelease={[Function]}
        onResponderTerminate={[Function]}
        onResponderTerminationRequest={[Function]}
        onStartShouldSetResponder={[Function]}
        style={
          {
            "alignItems": "center",
            "flexDirection": "row",
            "flexWrap": "nowrap",
            "opacity": 1,
            "paddingVertical": 12,
          }
        }
      >
        <Image
          source={
            {
              "testUri": "../../../assets/badges/challenges/badge_ourplanet_september.webp",
            }
          }
          style={
            {
              "height": 60,
              "marginHorizontal": 25,
              "resizeMode": "contain",
              "width": 60,
            }
          }
        />
        <View
          style={
            {
              "width": 530,
            }
          }
        >
          <Text
            style={
              [
                {
                  "textAlign": "left",
                },
                [
                  {
                    "color": "#38976d",
                    "fontFamily": "Lato-Bold",
                    "fontSize": 16,
                    "letterSpacing": 0.89,
                    "lineHeight": 20,
                  },
                  {
                    "marginBottom": 1,
                  },
                ],
              ]
            }
          >
            FRESHWATER CHALLENGE
          </Text>
          <Text
            style={
              [
                {
                  "textAlign": "left",
                },
                [
                  {
                    "color": "#000000",
                    "fontFamily": "Lato-Regular",
                  },
                  {
                    "fontSize": 13,
                    "lineHeight": 21,
                  },
                ],
              ]
            }
          >
            Our Planet - September 2019
          </Text>
        </View>
        <View
          style={
            {
              "alignItems": "center",
              "marginHorizontal": 25,
              "width": 59,
            }
          }
        >
          <Image
            source={
              {
                "testUri": "../../../assets/icons/icon-completed.webp",
              }
            }
          />
        </View>
      </View>
    </View>
  </View>
</RNCSafeAreaView>
`;
