// Jest Snapshot v1, https://goo.gl/fbAQLP

exports[`NotificationsScreen should render correctly 1`] = `
<RNCSafeAreaView
  edges={
    {
      "bottom": "off",
      "left": "off",
      "right": "off",
      "top": "additive",
    }
  }
  style={
    {
      "backgroundColor": "#38976d",
      "flex": 1,
    }
  }
  testID="notifications-screen-container"
>
  <View
    style={
      [
        {
          "backgroundColor": "#38976d",
          "flexDirection": "row",
          "paddingBottom": 18,
          "paddingTop": 20.5,
        },
        {
          "alignItems": "center",
          "justifyContent": "center",
        },
      ]
    }
  >
    <View
      accessibilityLabel="Go back to previous screen"
      accessibilityState={
        {
          "busy": undefined,
          "checked": undefined,
          "disabled": undefined,
          "expanded": undefined,
          "selected": undefined,
        }
      }
      accessibilityValue={
        {
          "max": undefined,
          "min": undefined,
          "now": undefined,
          "text": undefined,
        }
      }
      accessible={true}
      collapsable={false}
      focusable={true}
      onClick={[Function]}
      onResponderGrant={[Function]}
      onResponderMove={[Function]}
      onResponderRelease={[Function]}
      onResponderTerminate={[Function]}
      onResponderTerminationRequest={[Function]}
      onStartShouldSetResponder={[Function]}
      style={
        {
          "left": 0,
          "opacity": 1,
          "paddingHorizontal": 23,
          "paddingVertical": 18,
          "position": "absolute",
          "transform": [
            {
              "scaleX": 1,
            },
          ],
        }
      }
    >
      <Image
        source={
          {
            "testUri": "../../../assets/icons/back.webp",
          }
        }
        style={false}
      />
    </View>
    <Text
      allowFontScaling={false}
      style={
        [
          {
            "textAlign": "left",
          },
          [
            {
              "color": "#ffffff",
              "fontFamily": "Lato-Bold",
              "fontSize": 15,
              "letterSpacing": 1,
              "lineHeight": 21,
            },
            {
              "maxWidth": 650,
            },
          ],
        ]
      }
    >
      NOTIFICATIONS
    </Text>
  </View>
  <View
    collapsable={false}
    onLayout={[Function]}
    style={
      [
        {
          "flex": 1,
          "overflow": "hidden",
        },
        undefined,
      ]
    }
  >
    <RCTScrollView
      collapsable={false}
      contentContainerStyle={
        {
          "backgroundColor": "#ffffff",
        }
      }
      keyExtractor={[Function]}
      maintainVisibleContentPosition={
        {
          "minIndexForVisible": 0,
        }
      }
      onScroll={[Function]}
      scrollEventThrottle={0.0001}
    >
      <View>
        <View
          style={
            {
              "height": 0,
              "left": 0,
              "position": "absolute",
              "top": 1000000,
            }
          }
        />
        <View
          style={
            {
              "height": 0,
              "marginTop": 0,
              "width": undefined,
            }
          }
        />
        <View
          style={
            {
              "height": 200,
              "marginLeft": undefined,
              "marginTop": 0,
              "opacity": 1,
              "width": undefined,
            }
          }
        >
          <View
            index={0}
            onLayout={[Function]}
            style={
              {
                "flexDirection": "column",
                "height": undefined,
                "left": 0,
                "maxHeight": undefined,
                "maxWidth": undefined,
                "minHeight": undefined,
                "minWidth": undefined,
                "opacity": 1,
                "position": "absolute",
                "top": 0,
                "width": 400,
              }
            }
          >
            <View
              accessibilityState={
                {
                  "busy": undefined,
                  "checked": undefined,
                  "disabled": undefined,
                  "expanded": undefined,
                  "selected": undefined,
                }
              }
              accessibilityValue={
                {
                  "max": undefined,
                  "min": undefined,
                  "now": undefined,
                  "text": undefined,
                }
              }
              accessible={true}
              collapsable={false}
              focusable={true}
              onClick={[Function]}
              onResponderGrant={[Function]}
              onResponderMove={[Function]}
              onResponderRelease={[Function]}
              onResponderTerminate={[Function]}
              onResponderTerminationRequest={[Function]}
              onStartShouldSetResponder={[Function]}
              style={
                {
                  "alignItems": "center",
                  "flexDirection": "row",
                  "flexWrap": "nowrap",
                  "height": 112,
                  "justifyContent": "flex-start",
                  "marginHorizontal": 22,
                  "opacity": 1,
                }
              }
            >
              <Image
                source={
                  {
                    "testUri": "../../../assets/badges/Badge_Empty.webp",
                  }
                }
                style={
                  {
                    "height": 72,
                    "marginRight": 24,
                    "resizeMode": "contain",
                    "width": 72,
                  }
                }
              />
              <View
                style={
                  {
                    "width": 589,
                  }
                }
              >
                <Text
                  style={
                    [
                      {
                        "textAlign": "left",
                      },
                      [
                        {
                          "color": "#000000",
                          "fontFamily": "Lato-Medium",
                          "fontSize": 15,
                          "letterSpacing": 0,
                          "lineHeight": 21,
                        },
                        {
                          "marginBottom": 6,
                        },
                      ],
                    ]
                  }
                >
                  There's a new challenge available!
                </Text>
                <Text
                  style={
                    [
                      {
                        "textAlign": "left",
                      },
                      {
                        "color": "#000000",
                        "fontFamily": "Lato-Regular",
                        "fontSize": 13,
                        "letterSpacing": 0,
                        "lineHeight": 21,
                      },
                    ]
                  }
                >
                  View challenge
                </Text>
              </View>
              <View
                style={
                  {
                    "backgroundColor": "#77b300",
                    "borderRadius": 5.5,
                    "height": 11,
                    "width": 11,
                  }
                }
              />
            </View>
            <View
              style={
                {
                  "backgroundColor": "#d8d8d8",
                  "height": 1,
                  "marginHorizontal": 23,
                }
              }
            />
          </View>
          <View
            index={1}
            onLayout={[Function]}
            style={
              {
                "flexDirection": "column",
                "height": undefined,
                "left": 0,
                "maxHeight": undefined,
                "maxWidth": undefined,
                "minHeight": undefined,
                "minWidth": undefined,
                "opacity": 1,
                "position": "absolute",
                "top": 100,
                "width": 400,
              }
            }
          >
            <View
              accessibilityState={
                {
                  "busy": undefined,
                  "checked": undefined,
                  "disabled": undefined,
                  "expanded": undefined,
                  "selected": undefined,
                }
              }
              accessibilityValue={
                {
                  "max": undefined,
                  "min": undefined,
                  "now": undefined,
                  "text": undefined,
                }
              }
              accessible={true}
              collapsable={false}
              focusable={true}
              onClick={[Function]}
              onResponderGrant={[Function]}
              onResponderMove={[Function]}
              onResponderRelease={[Function]}
              onResponderTerminate={[Function]}
              onResponderTerminationRequest={[Function]}
              onStartShouldSetResponder={[Function]}
              style={
                {
                  "alignItems": "center",
                  "flexDirection": "row",
                  "flexWrap": "nowrap",
                  "height": 112,
                  "justifyContent": "flex-start",
                  "marginHorizontal": 22,
                  "opacity": 1,
                }
              }
            >
              <Image
                source={
                  {
                    "testUri": "../../../assets/badges/Badge_Empty.webp",
                  }
                }
                style={
                  {
                    "height": 72,
                    "marginRight": 24,
                    "resizeMode": "contain",
                    "width": 72,
                  }
                }
              />
              <View
                style={
                  {
                    "width": 589,
                  }
                }
              >
                <Text
                  style={
                    [
                      {
                        "textAlign": "left",
                      },
                      [
                        {
                          "color": "#000000",
                          "fontFamily": "Lato-Medium",
                          "fontSize": 15,
                          "letterSpacing": 0,
                          "lineHeight": 21,
                        },
                        {
                          "marginBottom": 6,
                        },
                      ],
                    ]
                  }
                >
                  There's a new challenge available!
                </Text>
                <Text
                  style={
                    [
                      {
                        "textAlign": "left",
                      },
                      {
                        "color": "#000000",
                        "fontFamily": "Lato-Regular",
                        "fontSize": 13,
                        "letterSpacing": 0,
                        "lineHeight": 21,
                      },
                    ]
                  }
                >
                  View challenge
                </Text>
              </View>
            </View>
          </View>
        </View>
        <View>
          <View
            style={
              {
                "backgroundColor": "#ffffff",
                "paddingBottom": 60,
              }
            }
          />
          <View
            style={
              {
                "backgroundColor": "#ffffff",
                "bottom": -1000,
                "height": 1050,
                "left": 0,
                "position": "absolute",
                "right": 0,
              }
            }
          />
        </View>
      </View>
    </RCTScrollView>
  </View>
  <RNCSafeAreaView
    edges={
      {
        "bottom": "additive",
        "left": "additive",
        "right": "additive",
        "top": "off",
      }
    }
    style={
      {
        "backgroundColor": "#ffffff",
      }
    }
  >
    <View
      accessibilityIgnoresInvertColors={true}
      style={
        {
          "height": 74,
          "justifyContent": "flex-end",
        }
      }
    >
      <Image
        source={
          {
            "testUri": "../../../assets/backgrounds/img-navbar.webp",
          }
        }
        style={
          [
            {
              "bottom": 0,
              "left": 0,
              "position": "absolute",
              "right": 0,
              "top": 0,
            },
            {
              "height": 74,
              "width": undefined,
            },
            undefined,
          ]
        }
      />
      <View
        style={
          [
            {
              "backgroundColor": "#ffffff",
              "height": 70,
              "justifyContent": "space-between",
            },
            {
              "alignItems": "center",
              "flexDirection": "row",
              "flexWrap": "nowrap",
            },
            {
              "shadowColor": "#000000",
              "shadowOffset": {
                "height": -3,
                "width": 0,
              },
              "shadowOpacity": 0.2,
              "shadowRadius": 2,
            },
          ]
        }
      >
        <View
          accessibilityLabel="Open menu"
          accessibilityState={
            {
              "busy": undefined,
              "checked": undefined,
              "disabled": undefined,
              "expanded": undefined,
              "selected": undefined,
            }
          }
          accessibilityValue={
            {
              "max": undefined,
              "min": undefined,
              "now": undefined,
              "text": undefined,
            }
          }
          accessible={true}
          collapsable={false}
          focusable={true}
          onClick={[Function]}
          onResponderGrant={[Function]}
          onResponderMove={[Function]}
          onResponderRelease={[Function]}
          onResponderTerminate={[Function]}
          onResponderTerminationRequest={[Function]}
          onStartShouldSetResponder={[Function]}
          style={
            {
              "left": 10,
              "opacity": 1,
              "padding": 20,
            }
          }
        >
          <Image
            source={
              {
                "testUri": "../../../assets/navbar/Menu.webp",
              }
            }
          />
        </View>
        <View
          accessibilityLabel="Open camera"
          accessibilityState={
            {
              "busy": undefined,
              "checked": undefined,
              "disabled": undefined,
              "expanded": undefined,
              "selected": undefined,
            }
          }
          accessibilityValue={
            {
              "max": undefined,
              "min": undefined,
              "now": undefined,
              "text": undefined,
            }
          }
          accessible={true}
          collapsable={false}
          focusable={true}
          onClick={[Function]}
          onResponderGrant={[Function]}
          onResponderMove={[Function]}
          onResponderRelease={[Function]}
          onResponderTerminate={[Function]}
          onResponderTerminationRequest={[Function]}
          onStartShouldSetResponder={[Function]}
          style={
            {
              "marginBottom": 50,
              "marginLeft": 8,
              "opacity": 1,
            }
          }
          testID="openCameraButton"
        >
          <Image
            source={
              {
                "testUri": "../../../assets/navbar/icon-camerabutton.webp",
              }
            }
            style={
              {
                "height": 94,
                "width": 94,
              }
            }
          />
        </View>
        <View
          accessibilityLabel="View notifications"
          accessibilityState={
            {
              "busy": undefined,
              "checked": undefined,
              "disabled": undefined,
              "expanded": undefined,
              "selected": undefined,
            }
          }
          accessibilityValue={
            {
              "max": undefined,
              "min": undefined,
              "now": undefined,
              "text": undefined,
            }
          }
          accessible={true}
          collapsable={false}
          focusable={true}
          onClick={[Function]}
          onResponderGrant={[Function]}
          onResponderMove={[Function]}
          onResponderRelease={[Function]}
          onResponderTerminate={[Function]}
          onResponderTerminationRequest={[Function]}
          onStartShouldSetResponder={[Function]}
          style={
            {
              "opacity": 1,
              "padding": 24,
              "right": 10,
            }
          }
        >
          <Image
            source={
              {
                "testUri": "../../../assets/navbar/Notifications-inactive.webp",
              }
            }
          />
        </View>
      </View>
    </View>
  </RNCSafeAreaView>
</RNCSafeAreaView>
`;
