// Jest Snapshot v1, https://goo.gl/fbAQLP

exports[`NotificationsScreen should render correctly 1`] = `
<RNCSafeAreaView
  edges={
    {
      "bottom": "off",
      "left": "additive",
      "right": "additive",
      "top": "additive",
    }
  }
  style={
    [
      {
        "backgroundColor": "#38976d",
        "flex": 1,
      },
      {
        "backgroundColor": "#F7F6F0",
      },
    ]
  }
  testID="notifications-screen-container"
>
  <View
    style={
      {
        "alignItems": "center",
        "backgroundColor": "#FFFFFF",
        "borderBottomColor": "#D8E1DA",
        "borderBottomWidth": 0.5,
        "flexDirection": "row",
        "minHeight": 64,
        "paddingHorizontal": 16,
        "paddingVertical": 8,
      }
    }
  >
    <View
      style={
        {
          "height": 48,
          "width": 48,
        }
      }
    />
    <Text
      accessibilityRole="header"
      numberOfLines={2}
      style={
        {
          "color": "#17251F",
          "flex": 1,
          "fontFamily": "Lato-Bold",
          "fontSize": 20,
          "lineHeight": 26,
          "marginHorizontal": 8,
        }
      }
    >
      Notifications
    </Text>
    <View>
      <View
        accessibilityLabel="View notifications"
        accessibilityRole="button"
        accessibilityState={
          {
            "busy": undefined,
            "checked": undefined,
            "disabled": false,
            "expanded": undefined,
            "selected": undefined,
          }
        }
        accessibilityValue={
          {
            "max": undefined,
            "min": undefined,
            "now": undefined,
            "text": undefined,
          }
        }
        accessible={true}
        collapsable={false}
        focusable={true}
        hitSlop={8}
        onBlur={[Function]}
        onClick={[Function]}
        onFocus={[Function]}
        onResponderGrant={[Function]}
        onResponderMove={[Function]}
        onResponderRelease={[Function]}
        onResponderTerminate={[Function]}
        onResponderTerminationRequest={[Function]}
        onStartShouldSetResponder={[Function]}
        style={
          [
            {
              "alignItems": "center",
              "borderRadius": 24,
              "height": 48,
              "justifyContent": "center",
              "minHeight": 48,
              "minWidth": 48,
              "width": 48,
            },
            false,
            false,
          ]
        }
      >
        <Image
          accessibilityIgnoresInvertColors={true}
          resizeMode="contain"
          source={
            {
              "testUri": "../../../assets/navbar/Notifications-inactive.webp",
            }
          }
          style={
            [
              {
                "height": 24,
                "width": 24,
              },
              null,
              undefined,
            ]
          }
        />
      </View>
      <View
        style={
          {
            "backgroundColor": "#E5B84B",
            "borderColor": "#FFFFFF",
            "borderRadius": 5,
            "borderWidth": 1,
            "height": 10,
            "position": "absolute",
            "right": 11,
            "top": 11,
            "width": 10,
          }
        }
        testID="unreadNotificationsIndicator"
      />
    </View>
  </View>
  <View
    style={
      {
        "backgroundColor": "#F7F6F0",
        "flex": 1,
      }
    }
  >
    <View
      onScroll={[Function]}
    >
      <View
        accessibilityState={
          {
            "busy": undefined,
            "checked": undefined,
            "disabled": undefined,
            "expanded": undefined,
            "selected": undefined,
          }
        }
        accessibilityValue={
          {
            "max": undefined,
            "min": undefined,
            "now": undefined,
            "text": undefined,
          }
        }
        accessible={true}
        collapsable={false}
        focusable={true}
        onClick={[Function]}
        onResponderGrant={[Function]}
        onResponderMove={[Function]}
        onResponderRelease={[Function]}
        onResponderTerminate={[Function]}
        onResponderTerminationRequest={[Function]}
        onStartShouldSetResponder={[Function]}
        style={
          {
            "alignItems": "center",
            "flexDirection": "row",
            "flexWrap": "nowrap",
            "height": 112,
            "justifyContent": "flex-start",
            "marginHorizontal": 22,
            "opacity": 1,
          }
        }
      >
        <Image
          source={
            {
              "testUri": "../../../assets/badges/Badge_Empty.webp",
            }
          }
          style={
            {
              "height": 72,
              "marginRight": 24,
              "resizeMode": "contain",
              "width": 72,
            }
          }
        />
        <View
          style={
            {
              "width": 589,
            }
          }
        >
          <Text
            style={
              [
                {
                  "textAlign": "left",
                },
                [
                  {
                    "color": "#000000",
                    "fontFamily": "Lato-Medium",
                    "fontSize": 15,
                    "letterSpacing": 0,
                    "lineHeight": 21,
                  },
                  {
                    "marginBottom": 6,
                  },
                ],
              ]
            }
          >
            There's a new challenge available!
          </Text>
          <Text
            style={
              [
                {
                  "textAlign": "left",
                },
                {
                  "color": "#000000",
                  "fontFamily": "Lato-Regular",
                  "fontSize": 13,
                  "letterSpacing": 0,
                  "lineHeight": 21,
                },
              ]
            }
          >
            View challenge
          </Text>
        </View>
        <View
          style={
            {
              "backgroundColor": "#77b300",
              "borderRadius": 5.5,
              "height": 11,
              "width": 11,
            }
          }
        />
      </View>
      <View
        accessibilityState={
          {
            "busy": undefined,
            "checked": undefined,
            "disabled": undefined,
            "expanded": undefined,
            "selected": undefined,
          }
        }
        accessibilityValue={
          {
            "max": undefined,
            "min": undefined,
            "now": undefined,
            "text": undefined,
          }
        }
        accessible={true}
        collapsable={false}
        focusable={true}
        onClick={[Function]}
        onResponderGrant={[Function]}
        onResponderMove={[Function]}
        onResponderRelease={[Function]}
        onResponderTerminate={[Function]}
        onResponderTerminationRequest={[Function]}
        onStartShouldSetResponder={[Function]}
        style={
          {
            "alignItems": "center",
            "flexDirection": "row",
            "flexWrap": "nowrap",
            "height": 112,
            "justifyContent": "flex-start",
            "marginHorizontal": 22,
            "opacity": 1,
          }
        }
      >
        <Image
          source={
            {
              "testUri": "../../../assets/badges/Badge_Empty.webp",
            }
          }
          style={
            {
              "height": 72,
              "marginRight": 24,
              "resizeMode": "contain",
              "width": 72,
            }
          }
        />
        <View
          style={
            {
              "width": 589,
            }
          }
        >
          <Text
            style={
              [
                {
                  "textAlign": "left",
                },
                [
                  {
                    "color": "#000000",
                    "fontFamily": "Lato-Medium",
                    "fontSize": 15,
                    "letterSpacing": 0,
                    "lineHeight": 21,
                  },
                  {
                    "marginBottom": 6,
                  },
                ],
              ]
            }
          >
            There's a new challenge available!
          </Text>
          <Text
            style={
              [
                {
                  "textAlign": "left",
                },
                {
                  "color": "#000000",
                  "fontFamily": "Lato-Regular",
                  "fontSize": 13,
                  "letterSpacing": 0,
                  "lineHeight": 21,
                },
              ]
            }
          >
            View challenge
          </Text>
        </View>
      </View>
      <View
        style={
          {
            "backgroundColor": "#ffffff",
            "paddingBottom": 60,
          }
        }
      />
      <View
        style={
          {
            "backgroundColor": "#ffffff",
            "bottom": -1000,
            "height": 1050,
            "left": 0,
            "position": "absolute",
            "right": 0,
          }
        }
      />
    </View>
  </View>
</RNCSafeAreaView>
`;
