// Jest Snapshot v1, https://goo.gl/fbAQLP

exports[`HorizontalScroll should render correctly 1`] = `
<View
  style={
    {
      "height": 250,
    }
  }
>
  <View
    onScroll={[Function]}
    testID="horizontal-scroll"
  >
    <View>
      <Text>
        Item 1
      </Text>
    </View>
  </View>
  <View
    accessibilityLabel="Scroll right"
    accessibilityState={
      {
        "busy": undefined,
        "checked": undefined,
        "disabled": undefined,
        "expanded": undefined,
        "selected": undefined,
      }
    }
    accessibilityValue={
      {
        "max": undefined,
        "min": undefined,
        "now": undefined,
        "text": undefined,
      }
    }
    accessible={true}
    collapsable={false}
    focusable={true}
    onClick={[Function]}
    onResponderGrant={[Function]}
    onResponderMove={[Function]}
    onResponderRelease={[Function]}
    onResponderTerminate={[Function]}
    onResponderTerminationRequest={[Function]}
    onStartShouldSetResponder={[Function]}
    style={
      {
        "opacity": 1,
        "paddingLeft": 20,
        "paddingRight": 5,
        "paddingVertical": 20,
        "position": "absolute",
        "right": 0,
        "top": 1010,
        "zIndex": 1,
      }
    }
    testID="right-arrow"
  >
    <Image
      source={
        {
          "testUri": "../../../assets/icons/img-swipearrow-right.webp",
        }
      }
      style={
        {
          "transform": [
            {
              "rotate": "0deg",
            },
          ],
        }
      }
    />
  </View>
</View>
`;
