// Jest Snapshot v1, https://goo.gl/fbAQLP

exports[`SideMenu should render correctly 1`] = `
<View
  style={
    [
      {
        "backgroundColor": "#F3F1E8",
        "flex": 1,
        "flexGrow": 1,
        "justifyContent": "center",
      },
      {
        "backgroundColor": "#F3F1E8",
      },
    ]
  }
  testID="side-menu"
>
  <View
    accessibilityLabel="Home"
    accessibilityState={
      {
        "busy": undefined,
        "checked": undefined,
        "disabled": undefined,
        "expanded": undefined,
        "selected": undefined,
      }
    }
    accessibilityValue={
      {
        "max": undefined,
        "min": undefined,
        "now": undefined,
        "text": undefined,
      }
    }
    accessible={true}
    collapsable={false}
    focusable={true}
    onBlur={[Function]}
    onClick={[Function]}
    onFocus={[Function]}
    onResponderGrant={[Function]}
    onResponderMove={[Function]}
    onResponderRelease={[Function]}
    onResponderTerminate={[Function]}
    onResponderTerminationRequest={[Function]}
    onStartShouldSetResponder={[Function]}
  >
    <Image
      source={
        {
          "testUri": "../../../assets/logos/logo-seek-splash-2020.webp",
        }
      }
      style={
        {
          "alignSelf": "center",
          "height": 79,
          "marginVertical": 41,
          "resizeMode": "contain",
          "width": 223,
        }
      }
    />
  </View>
  <View
    accessibilityLabel="Home"
    accessibilityState={
      {
        "busy": undefined,
        "checked": undefined,
        "disabled": undefined,
        "expanded": undefined,
        "selected": undefined,
      }
    }
    accessibilityValue={
      {
        "max": undefined,
        "min": undefined,
        "now": undefined,
        "text": undefined,
      }
    }
    accessible={true}
    collapsable={false}
    focusable={true}
    onBlur={[Function]}
    onClick={[Function]}
    onFocus={[Function]}
    onResponderGrant={[Function]}
    onResponderMove={[Function]}
    onResponderRelease={[Function]}
    onResponderTerminate={[Function]}
    onResponderTerminationRequest={[Function]}
    onStartShouldSetResponder={[Function]}
    style={
      [
        {
          "alignItems": "center",
          "flexDirection": "row",
          "flexWrap": "nowrap",
          "justifyContent": "flex-start",
          "paddingVertical": 21,
        },
        {
          "borderBottomColor": "#E6E9E4",
          "borderBottomWidth": 1,
        },
      ]
    }
  >
    <Image
      source={
        {
          "testUri": "../../../assets/icons/icon-menu-home.webp",
        }
      }
      style={
        {
          "height": 25,
          "marginHorizontal": 25,
          "resizeMode": "contain",
          "tintColor": "#14794f",
          "width": 27,
        }
      }
    />
    <Text
      allowFontScaling={false}
      style={
        [
          {
            "textAlign": "left",
          },
          [
            {
              "color": "#ffffff",
              "fontFamily": "Lato-Bold",
              "fontSize": 17,
              "letterSpacing": 1,
            },
            {
              "color": "#111512",
              "flex": 1,
              "paddingEnd": 4,
            },
            {
              "color": "#111512",
            },
          ],
          null,
        ]
      }
    >
      Home
    </Text>
  </View>
  <View
    accessibilityLabel="Achievements"
    accessibilityState={
      {
        "busy": undefined,
        "checked": undefined,
        "disabled": undefined,
        "expanded": undefined,
        "selected": undefined,
      }
    }
    accessibilityValue={
      {
        "max": undefined,
        "min": undefined,
        "now": undefined,
        "text": undefined,
      }
    }
    accessible={true}
    collapsable={false}
    focusable={true}
    onBlur={[Function]}
    onClick={[Function]}
    onFocus={[Function]}
    onResponderGrant={[Function]}
    onResponderMove={[Function]}
    onResponderRelease={[Function]}
    onResponderTerminate={[Function]}
    onResponderTerminationRequest={[Function]}
    onStartShouldSetResponder={[Function]}
    style={
      [
        {
          "alignItems": "center",
          "flexDirection": "row",
          "flexWrap": "nowrap",
          "justifyContent": "flex-start",
          "paddingVertical": 21,
        },
        {
          "borderBottomColor": "#E6E9E4",
          "borderBottomWidth": 1,
        },
      ]
    }
  >
    <Image
      source={
        {
          "testUri": "../../../assets/badges/observations/icon-badge-gold.webp",
        }
      }
      style={
        {
          "height": 25,
          "marginHorizontal": 25,
          "resizeMode": "contain",
          "tintColor": "#14794f",
          "width": 27,
        }
      }
    />
    <Text
      allowFontScaling={false}
      style={
        [
          {
            "textAlign": "left",
          },
          [
            {
              "color": "#ffffff",
              "fontFamily": "Lato-Bold",
              "fontSize": 17,
              "letterSpacing": 1,
            },
            {
              "color": "#111512",
              "flex": 1,
              "paddingEnd": 4,
            },
            {
              "color": "#111512",
            },
          ],
          null,
        ]
      }
    >
      Achievements
    </Text>
  </View>
  <View
    accessibilityLabel="Challenges"
    accessibilityState={
      {
        "busy": undefined,
        "checked": undefined,
        "disabled": undefined,
        "expanded": undefined,
        "selected": undefined,
      }
    }
    accessibilityValue={
      {
        "max": undefined,
        "min": undefined,
        "now": undefined,
        "text": undefined,
      }
    }
    accessible={true}
    collapsable={false}
    focusable={true}
    onBlur={[Function]}
    onClick={[Function]}
    onFocus={[Function]}
    onResponderGrant={[Function]}
    onResponderMove={[Function]}
    onResponderRelease={[Function]}
    onResponderTerminate={[Function]}
    onResponderTerminationRequest={[Function]}
    onStartShouldSetResponder={[Function]}
    style={
      [
        {
          "alignItems": "center",
          "flexDirection": "row",
          "flexWrap": "nowrap",
          "justifyContent": "flex-start",
          "paddingVertical": 21,
        },
        {
          "borderBottomColor": "#E6E9E4",
          "borderBottomWidth": 1,
        },
      ]
    }
  >
    <Image
      source={
        {
          "testUri": "../../../assets/icons/icon-menu-challenges.webp",
        }
      }
      style={
        {
          "height": 25,
          "marginHorizontal": 25,
          "resizeMode": "contain",
          "tintColor": "#14794f",
          "width": 27,
        }
      }
    />
    <Text
      allowFontScaling={false}
      style={
        [
          {
            "textAlign": "left",
          },
          [
            {
              "color": "#ffffff",
              "fontFamily": "Lato-Bold",
              "fontSize": 17,
              "letterSpacing": 1,
            },
            {
              "color": "#111512",
              "flex": 1,
              "paddingEnd": 4,
            },
            {
              "color": "#111512",
            },
          ],
          null,
        ]
      }
    >
      Challenges
    </Text>
  </View>
  <View
    accessibilityLabel="My Observations"
    accessibilityState={
      {
        "busy": undefined,
        "checked": undefined,
        "disabled": undefined,
        "expanded": undefined,
        "selected": undefined,
      }
    }
    accessibilityValue={
      {
        "max": undefined,
        "min": undefined,
        "now": undefined,
        "text": undefined,
      }
    }
    accessible={true}
    collapsable={false}
    focusable={true}
    onBlur={[Function]}
    onClick={[Function]}
    onFocus={[Function]}
    onResponderGrant={[Function]}
    onResponderMove={[Function]}
    onResponderRelease={[Function]}
    onResponderTerminate={[Function]}
    onResponderTerminationRequest={[Function]}
    onStartShouldSetResponder={[Function]}
    style={
      [
        {
          "alignItems": "center",
          "flexDirection": "row",
          "flexWrap": "nowrap",
          "justifyContent": "flex-start",
          "paddingVertical": 21,
        },
        {
          "borderBottomColor": "#E6E9E4",
          "borderBottomWidth": 1,
        },
      ]
    }
  >
    <Image
      source={
        {
          "testUri": "../../../assets/icons/icon-menu-observations.webp",
        }
      }
      style={
        {
          "height": 25,
          "marginHorizontal": 25,
          "resizeMode": "contain",
          "tintColor": "#14794f",
          "width": 27,
        }
      }
    />
    <Text
      allowFontScaling={false}
      style={
        [
          {
            "textAlign": "left",
          },
          [
            {
              "color": "#ffffff",
              "fontFamily": "Lato-Bold",
              "fontSize": 17,
              "letterSpacing": 1,
            },
            {
              "color": "#111512",
              "flex": 1,
              "paddingEnd": 4,
            },
            {
              "color": "#111512",
            },
          ],
          null,
        ]
      }
    >
      My Observations
    </Text>
  </View>
  <View
    accessibilityLabel="iNaturalist"
    accessibilityState={
      {
        "busy": undefined,
        "checked": undefined,
        "disabled": undefined,
        "expanded": undefined,
        "selected": undefined,
      }
    }
    accessibilityValue={
      {
        "max": undefined,
        "min": undefined,
        "now": undefined,
        "text": undefined,
      }
    }
    accessible={true}
    collapsable={false}
    focusable={true}
    onBlur={[Function]}
    onClick={[Function]}
    onFocus={[Function]}
    onResponderGrant={[Function]}
    onResponderMove={[Function]}
    onResponderRelease={[Function]}
    onResponderTerminate={[Function]}
    onResponderTerminationRequest={[Function]}
    onStartShouldSetResponder={[Function]}
    style={
      [
        {
          "alignItems": "center",
          "flexDirection": "row",
          "flexWrap": "nowrap",
          "justifyContent": "flex-start",
          "paddingVertical": 21,
        },
        {
          "borderBottomColor": "#E6E9E4",
          "borderBottomWidth": 1,
        },
      ]
    }
  >
    <Image
      source={
        {
          "testUri": "../../../assets/logos/iNatStatsSpeciesDetail-Bird.webp",
        }
      }
      style={
        {
          "height": 25,
          "marginHorizontal": 25,
          "resizeMode": "contain",
          "tintColor": "#14794f",
          "width": 27,
        }
      }
    />
    <Text
      allowFontScaling={false}
      style={
        [
          {
            "textAlign": "left",
          },
          [
            {
              "color": "#ffffff",
              "fontFamily": "Lato-Bold",
              "fontSize": 17,
              "letterSpacing": 1,
            },
            {
              "color": "#111512",
              "flex": 1,
              "paddingEnd": 4,
            },
            {
              "color": "#111512",
            },
          ],
          null,
        ]
      }
    >
      iNaturalist
    </Text>
  </View>
  <View
    accessibilityLabel="About"
    accessibilityState={
      {
        "busy": undefined,
        "checked": undefined,
        "disabled": undefined,
        "expanded": undefined,
        "selected": undefined,
      }
    }
    accessibilityValue={
      {
        "max": undefined,
        "min": undefined,
        "now": undefined,
        "text": undefined,
      }
    }
    accessible={true}
    collapsable={false}
    focusable={true}
    onBlur={[Function]}
    onClick={[Function]}
    onFocus={[Function]}
    onResponderGrant={[Function]}
    onResponderMove={[Function]}
    onResponderRelease={[Function]}
    onResponderTerminate={[Function]}
    onResponderTerminationRequest={[Function]}
    onStartShouldSetResponder={[Function]}
    style={
      [
        {
          "alignItems": "center",
          "flexDirection": "row",
          "flexWrap": "nowrap",
          "justifyContent": "flex-start",
          "paddingVertical": 21,
        },
        {
          "borderBottomColor": "#E6E9E4",
          "borderBottomWidth": 1,
        },
      ]
    }
  >
    <Image
      source={
        {
          "testUri": "../../../assets/icons/icon-menu-seek.webp",
        }
      }
      style={
        {
          "height": 25,
          "marginHorizontal": 25,
          "resizeMode": "contain",
          "tintColor": "#14794f",
          "width": 27,
        }
      }
    />
    <Text
      allowFontScaling={false}
      style={
        [
          {
            "textAlign": "left",
          },
          [
            {
              "color": "#ffffff",
              "fontFamily": "Lato-Bold",
              "fontSize": 17,
              "letterSpacing": 1,
            },
            {
              "color": "#111512",
              "flex": 1,
              "paddingEnd": 4,
            },
            {
              "color": "#111512",
            },
          ],
          null,
        ]
      }
    >
      About
    </Text>
  </View>
  <View
    accessibilityLabel="Settings"
    accessibilityState={
      {
        "busy": undefined,
        "checked": undefined,
        "disabled": undefined,
        "expanded": undefined,
        "selected": undefined,
      }
    }
    accessibilityValue={
      {
        "max": undefined,
        "min": undefined,
        "now": undefined,
        "text": undefined,
      }
    }
    accessible={true}
    collapsable={false}
    focusable={true}
    onBlur={[Function]}
    onClick={[Function]}
    onFocus={[Function]}
    onResponderGrant={[Function]}
    onResponderMove={[Function]}
    onResponderRelease={[Function]}
    onResponderTerminate={[Function]}
    onResponderTerminationRequest={[Function]}
    onStartShouldSetResponder={[Function]}
    style={
      [
        {
          "alignItems": "center",
          "flexDirection": "row",
          "flexWrap": "nowrap",
          "justifyContent": "flex-start",
          "paddingVertical": 21,
        },
        false,
      ]
    }
  >
    <Image
      source={
        {
          "testUri": "../../../assets/icons/icon-menu-settings.webp",
        }
      }
      style={
        {
          "height": 25,
          "marginHorizontal": 25,
          "resizeMode": "contain",
          "tintColor": "#14794f",
          "width": 27,
        }
      }
    />
    <Text
      allowFontScaling={false}
      style={
        [
          {
            "textAlign": "left",
          },
          [
            {
              "color": "#ffffff",
              "fontFamily": "Lato-Bold",
              "fontSize": 17,
              "letterSpacing": 1,
            },
            {
              "color": "#111512",
              "flex": 1,
              "paddingEnd": 4,
            },
            {
              "color": "#111512",
            },
          ],
          null,
        ]
      }
    >
      Settings
    </Text>
  </View>
</View>
`;
