// Jest Snapshot v1, https://goo.gl/fbAQLP

exports[`SpeciesPhotosLandscape should render correctly 1`] = `
<View
  collapsable={false}
  onLayout={[Function]}
  style={
    [
      {
        "flex": 1,
        "overflow": "hidden",
      },
      undefined,
    ]
  }
>
  <RCTScrollView
    bounces={false}
    collapsable={false}
    contentContainerStyle={
      {
        "backgroundColor": "#000000",
      }
    }
    keyExtractor={[Function]}
    maintainVisibleContentPosition={
      {
        "minIndexForVisible": 0,
      }
    }
    onScroll={[Function]}
    scrollEventThrottle={0.0001}
    testID="species-photos-landscape"
  >
    <View>
      <View
        style={
          {
            "height": 0,
            "left": 0,
            "position": "absolute",
            "top": 1000000,
          }
        }
      />
      <View
        style={
          {
            "height": 0,
            "marginTop": 0,
            "width": undefined,
          }
        }
      />
      <View
        style={
          {
            "height": 200,
            "marginLeft": undefined,
            "marginTop": 0,
            "opacity": 1,
            "width": undefined,
          }
        }
      >
        <View
          index={1}
          onLayout={[Function]}
          style={
            {
              "flexDirection": "column",
              "height": undefined,
              "left": 0,
              "maxHeight": undefined,
              "maxWidth": undefined,
              "minHeight": undefined,
              "minWidth": undefined,
              "opacity": 1,
              "position": "absolute",
              "top": 100,
              "width": 400,
            }
          }
        >
          <View
            style={
              {
                "paddingBottom": 20,
              }
            }
          >
            <Image
              source={
                {
                  "uri": "https://inaturalist-open-data.s3.amazonaws.com/photos/101327658/medium.jpg",
                }
              }
              style={
                [
                  {
                    "resizeMode": "cover",
                  },
                  {
                    "height": 250,
                    "width": 250,
                  },
                ]
              }
            />
            <Text
              style={
                [
                  {
                    "textAlign": "left",
                  },
                  [
                    {
                      "color": "#ffffff",
                      "fontFamily": "Lato-Bold",
                      "fontSize": 15,
                      "letterSpacing": 1,
                      "lineHeight": 21,
                    },
                    {
                      "backgroundColor": "#000000",
                      "borderRadius": 40,
                      "paddingBottom": 3,
                      "paddingHorizontal": 5,
                      "paddingTop": 8,
                    },
                    false,
                    {
                      "maxWidth": 250,
                    },
                  ],
                ]
              }
            >
              © Craig K. Hunt (CC-BY-NC-ND)
            </Text>
          </View>
        </View>
        <View
          index={0}
          onLayout={[Function]}
          style={
            {
              "flexDirection": "column",
              "height": undefined,
              "left": 0,
              "maxHeight": undefined,
              "maxWidth": undefined,
              "minHeight": undefined,
              "minWidth": undefined,
              "opacity": 1,
              "position": "absolute",
              "top": 0,
              "width": 400,
            }
          }
        >
          <View
            style={
              {
                "paddingBottom": 20,
              }
            }
          >
            <Image
              source={
                {
                  "uri": "some_uri",
                }
              }
              style={
                [
                  {
                    "resizeMode": "cover",
                  },
                  {
                    "height": 250,
                    "width": 250,
                  },
                ]
              }
            />
          </View>
        </View>
      </View>
      <View>
        <View
          style={
            {
              "backgroundColor": "#000000",
              "padding": 100,
            }
          }
        />
      </View>
    </View>
  </RCTScrollView>
</View>
`;
