// Jest Snapshot v1, https://goo.gl/fbAQLP

exports[`SpeciesPhotosLandscape should render correctly 1`] = `
<View
  onScroll={[Function]}
  testID="species-photos-landscape"
>
  <View
    style={
      {
        "paddingBottom": 20,
      }
    }
  >
    <Image
      source={
        {
          "uri": "https://inaturalist-open-data.s3.amazonaws.com/photos/101327658/medium.jpg",
        }
      }
      style={
        [
          {
            "resizeMode": "cover",
          },
          {
            "height": 250,
            "width": 250,
          },
        ]
      }
    />
    <Text
      style={
        [
          {
            "textAlign": "left",
          },
          [
            {
              "color": "#ffffff",
              "fontFamily": "Lato-Bold",
              "fontSize": 15,
              "letterSpacing": 1,
              "lineHeight": 21,
            },
            {
              "backgroundColor": "#000000",
              "borderRadius": 8,
              "paddingBottom": 3,
              "paddingHorizontal": 5,
              "paddingTop": 8,
            },
            false,
            {
              "maxWidth": 250,
            },
          ],
          null,
        ]
      }
    >
      © Craig K. Hunt (CC-BY-NC-ND)
    </Text>
  </View>
  <View
    style={
      {
        "backgroundColor": "#000000",
        "padding": 100,
      }
    }
  />
</View>
`;
